GGP_RAW_AUDIT_PASS: 160 runs, 5440 checkpoints, actual FE=300, no added evaluations.
    Problem    M       Outcome        Control      PAQCMean    ControlMean      Delta       Wins    Ties    Losses       PRaw         PHolm
    _______    __    ___________    ___________    ________    ___________    __________    ____    ____    ______    __________    _________

    "DTLZ2"    10    "Retention"    "Direction"    0.58253       0.56453           0.018     15      1         4        0.002372     0.021348
    "DTLZ2"    10    "Retention"    "Anchor"       0.58253       0.52612        0.056412     16      0         4       0.0040324      0.03045
    "DTLZ2"    10    "Current"      "Direction"    0.77247       0.97812        -0.20565      0      0        20      8.8449e-05    0.0028104
    "DTLZ2"    10    "Current"      "Anchor"       0.77247       0.38906         0.38341     20      0         0      8.8324e-05    0.0028104
    "DTLZ2"    20    "Retention"    "Direction"    0.55853       0.54676        0.011765     11      2         7        0.032701       0.1308
    "DTLZ2"    20    "Retention"    "Anchor"       0.55853       0.47012        0.088412     18      0         2       0.0002536    0.0030431
    "DTLZ2"    20    "Current"      "Direction"    0.78906         0.974        -0.18494      0      0        20      8.8324e-05    0.0028104
    "DTLZ2"    20    "Current"      "Anchor"       0.78906       0.32282         0.46624     20      0         0      8.8074e-05    0.0028104
    "DTLZ4"    10    "Retention"    "Direction"    0.60376       0.47371         0.13006     20      0         0      8.8575e-05    0.0028104
    "DTLZ4"    10    "Retention"    "Anchor"       0.60376       0.69735       -0.093588      3      0        17      0.00051613    0.0056775
    "DTLZ4"    10    "Current"      "Direction"    0.61435       0.98982        -0.37547      0      0        20      8.8575e-05    0.0028104
    "DTLZ4"    10    "Current"      "Anchor"       0.61435       0.23865         0.37571     20      0         0      8.8324e-05    0.0028104
    "DTLZ4"    20    "Retention"    "Direction"    0.60012       0.50118        0.098941     20      0         0      8.7824e-05    0.0028104
    "DTLZ4"    20    "Retention"    "Anchor"       0.60012         0.589        0.011118     11      0         9         0.37026      0.74052
    "DTLZ4"    20    "Current"      "Direction"    0.66535       0.98759        -0.32224      0      0        20      8.8449e-05    0.0028104
    "DTLZ4"    20    "Current"      "Anchor"       0.66535       0.29712         0.36824     20      0         0      8.8199e-05    0.0028104
    "DTLZ5"    10    "Retention"    "Direction"      0.537       0.53353       0.0034706      9      0        11         0.91079      0.91079
    "DTLZ5"    10    "Retention"    "Anchor"         0.537         0.505           0.032     18      0         2      0.00055136    0.0056775
    "DTLZ5"    10    "Current"      "Direction"    0.66347       0.93865        -0.27518      0      0        20      8.8449e-05    0.0028104
    "DTLZ5"    10    "Current"      "Anchor"       0.66347       0.39365         0.26982     20      0         0      8.8575e-05    0.0028104
    "DTLZ5"    20    "Retention"    "Direction"    0.52088       0.50453        0.016353     16      0         4       0.0099834     0.059901
    "DTLZ5"    20    "Retention"    "Anchor"       0.52088       0.48206        0.038824     16      0         4       0.0038063      0.03045
    "DTLZ5"    20    "Current"      "Direction"    0.76912       0.93794        -0.16882      0      0        20      8.8575e-05    0.0028104
    "DTLZ5"    20    "Current"      "Anchor"       0.76912       0.38959         0.37953     20      0         0      8.8449e-05    0.0028104
    "DTLZ7"    10    "Retention"    "Direction"    0.43882       0.44365      -0.0048235      7      2        11         0.10685      0.32055
    "DTLZ7"    10    "Retention"    "Anchor"       0.43882       0.34941        0.089412     20      0         0      8.8324e-05    0.0028104
    "DTLZ7"    10    "Current"      "Direction"    0.78953       0.92271        -0.13318      0      0        20      8.8449e-05    0.0028104
    "DTLZ7"    10    "Current"      "Anchor"       0.78953       0.45565         0.33388     20      0         0      8.8449e-05    0.0028104
    "DTLZ7"    20    "Retention"    "Direction"    0.44512       0.43788       0.0072353     13      0         7        0.019548     0.097738
    "DTLZ7"    20    "Retention"    "Anchor"       0.44512       0.31494         0.13018     20      0         0      8.8575e-05    0.0028104
    "DTLZ7"    20    "Current"      "Direction"    0.83106       0.94906          -0.118      0      0        20      8.8074e-05    0.0028104
    "DTLZ7"    20    "Current"      "Anchor"       0.83106       0.37988         0.45118     20      0         0      8.8449e-05    0.0028104
