Starting parallel pool (parpool) using the 'Processes' profile ...
Connected to parallel pool with 6 workers.
Pool has 6 workers; this runner uses at most 6.
[1/892] REMO_new2_AdaMaO_SDEOnly_UniformMix_Pruned_Weighted DTLZ7 M15 run 16 FE=300 IGD=14.704004 saved
[2/892] REMO_new2_AdaMaO_SDEOnly_UniformMix_Pruned_Weighted DTLZ7 M15 run 19 FE=300 IGD=12.170723 saved
[3/892] REMO_new2_AdaMaO_SDEOnly_UniformMix_Pruned_Weighted DTLZ7 M15 run 17 FE=300 IGD=13.926101 saved
[4/892] REMO_new2_AdaMaO_SDEOnly_UniformMix_Pruned_Weighted DTLZ7 M15 run 15 FE=300 IGD=14.267652 saved
[5/892] REMO_new2_AdaMaO_SDEOnly_UniformMix_Pruned_Weighted DTLZ7 M15 run 20 FE=300 IGD=14.094114 saved
[6/892] REMO_new2_AdaMaO_SDEOnly_UniformMix_Pruned_Weighted DTLZ7 M15 run 18 FE=300 IGD=12.190596 saved
[7/892] REMO_new2_AdaMaO_SDEOnly_UniformMix_Pruned_Weighted DTLZ7 M15 run 26 FE=300 IGD=15.998508 saved
[8/892] REMO_new2_AdaMaO_SDEOnly_UniformMix_Pruned_Weighted DTLZ7 M15 run 21 FE=300 IGD=9.9836702 saved
[9/892] REMO_new2_AdaMaO_SDEOnly_UniformMix_Pruned_Weighted DTLZ7 M15 run 22 FE=300 IGD=16.694124 saved
[10/892] REMO_new2_AdaMaO_SDEOnly_UniformMix_Pruned_Weighted DTLZ7 M15 run 25 FE=300 IGD=14.929295 saved
[11/892] REMO_new2_AdaMaO_SDEOnly_UniformMix_Pruned_Weighted DTLZ7 M15 run 23 FE=300 IGD=13.496505 saved
[12/892] REMO_new2_AdaMaO_SDEOnly_UniformMix_Pruned_Weighted DTLZ7 M15 run 24 FE=300 IGD=15.849317 saved
[13/892] PCSAEA_N100 WFG1 M15 run 19 FE=300 IGD=4.2965359 saved
[14/892] PCSAEA_N100 WFG1 M15 run 20 FE=300 IGD=4.2978521 saved
[15/892] REMO_new2_AdaMaO_SDEOnly_UniformMix_Pruned_Weighted DTLZ7 M15 run 29 FE=300 IGD=14.521817 saved
[16/892] REMO_new2_AdaMaO_SDEOnly_UniformMix_Pruned_Weighted DTLZ7 M15 run 27 FE=300 IGD=13.550399 saved
[17/892] REMO_new2_AdaMaO_SDEOnly_UniformMix_Pruned_Weighted DTLZ7 M15 run 30 FE=300 IGD=11.464806 saved
[18/892] REMO_new2_AdaMaO_SDEOnly_UniformMix_Pruned_Weighted DTLZ7 M15 run 28 FE=300 IGD=10.663418 saved
[19/892] PCSAEA_N100 WFG1 M15 run 25 FE=300 IGD=4.3506871 saved
[20/892] PCSAEA_N100 WFG1 M15 run 26 FE=300 IGD=4.2618211 saved
[21/892] PCSAEA_N100 WFG1 M15 run 22 FE=300 IGD=4.3123681 saved
[22/892] PCSAEA_N100 WFG1 M15 run 23 FE=300 IGD=4.2528871 saved
[23/892] PCSAEA_N100 WFG1 M15 run 24 FE=300 IGD=4.2849107 saved
[24/892] PCSAEA_N100 WFG1 M15 run 21 FE=300 IGD=4.2903615 saved
[25/892] PCSAEA_N100 WFG1 M15 run 29 FE=300 IGD=4.2180303 saved
[26/892] PCSAEA_N100 WFG1 M15 run 30 FE=300 IGD=4.2796755 saved
[27/892] PCSAEA_N100 WFG1 M15 run 28 FE=300 IGD=4.2994567 saved
[28/892] PCSAEA_N100 WFG1 M15 run 27 FE=300 IGD=4.2743502 saved
[29/892] KRVEA_100 WFG1 M15 run 20 FE=300 IGD=4.3045021 saved
[30/892] KRVEA_100 WFG1 M15 run 19 FE=300 IGD=4.2284821 saved
[31/892] KRVEA_100 WFG1 M15 run 23 FE=300 IGD=4.1924696 saved
[32/892] KRVEA_100 WFG1 M15 run 24 FE=300 IGD=4.275879 saved
[33/892] KRVEA_100 WFG1 M15 run 26 FE=300 IGD=4.2893056 saved
[34/892] KRVEA_100 WFG1 M15 run 25 FE=300 IGD=4.2860431 saved
[35/892] KRVEA_100 WFG1 M15 run 22 FE=300 IGD=4.2845884 saved
[36/892] KRVEA_100 WFG1 M15 run 21 FE=300 IGD=4.2525013 saved
[37/892] PCSAEA_N100 WFG2 M15 run 19 FE=300 IGD=5.2409879 saved
[38/892] PCSAEA_N100 WFG2 M15 run 20 FE=300 IGD=3.7660149 saved
[39/892] KRVEA_100 WFG1 M15 run 27 FE=300 IGD=4.2577857 saved
[40/892] KRVEA_100 WFG1 M15 run 30 FE=300 IGD=4.2655543 saved
[41/892] KRVEA_100 WFG1 M15 run 28 FE=300 IGD=4.2798953 saved
[42/892] KRVEA_100 WFG1 M15 run 29 FE=300 IGD=4.2322773 saved
[43/892] PCSAEA_N100 WFG2 M15 run 21 FE=300 IGD=6.0978246 saved
[44/892] PCSAEA_N100 WFG2 M15 run 25 FE=300 IGD=6.6218457 saved
[45/892] PCSAEA_N100 WFG2 M15 run 23 FE=300 IGD=4.829809 saved
[46/892] PCSAEA_N100 WFG2 M15 run 24 FE=300 IGD=6.79773 saved
[47/892] PCSAEA_N100 WFG2 M15 run 26 FE=300 IGD=5.325163 saved
[48/892] PCSAEA_N100 WFG2 M15 run 22 FE=300 IGD=5.7685653 saved
[49/892] PCSAEA_N100 WFG2 M15 run 28 FE=300 IGD=5.4474842 saved
[50/892] PCSAEA_N100 WFG2 M15 run 30 FE=300 IGD=7.6171429 saved
[51/892] PCSAEA_N100 WFG2 M15 run 27 FE=300 IGD=6.03788 saved
[52/892] PCSAEA_N100 WFG2 M15 run 29 FE=300 IGD=6.5149431 saved
[53/892] KRVEA_100 WFG2 M15 run 19 FE=300 IGD=2.7988576 saved
[54/892] KRVEA_100 WFG2 M15 run 20 FE=300 IGD=2.9171449 saved
[55/892] KRVEA_100 WFG2 M15 run 22 FE=300 IGD=2.8065312 saved
[56/892] KRVEA_100 WFG2 M15 run 23 FE=300 IGD=2.7570038 saved
[57/892] KRVEA_100 WFG2 M15 run 26 FE=300 IGD=2.6612623 saved
[58/892] KRVEA_100 WFG2 M15 run 25 FE=300 IGD=3.2196665 saved
[59/892] KRVEA_100 WFG2 M15 run 21 FE=300 IGD=2.6255819 saved
[60/892] KRVEA_100 WFG2 M15 run 24 FE=300 IGD=2.4752061 saved
[61/892] PCSAEA_N100 WFG3 M15 run 19 FE=300 IGD=2.2705612 saved
[62/892] PCSAEA_N100 WFG3 M15 run 20 FE=300 IGD=2.1605292 saved
[63/892] KRVEA_100 WFG2 M15 run 30 FE=300 IGD=3.7244139 saved
[64/892] KRVEA_100 WFG2 M15 run 29 FE=300 IGD=2.5959084 saved
[65/892] KRVEA_100 WFG2 M15 run 28 FE=300 IGD=2.8524877 saved
[66/892] KRVEA_100 WFG2 M15 run 27 FE=300 IGD=3.039258 saved
[67/892] PCSAEA_N100 WFG3 M15 run 25 FE=300 IGD=2.2252632 saved
[68/892] PCSAEA_N100 WFG3 M15 run 22 FE=300 IGD=2.1495757 saved
[69/892] PCSAEA_N100 WFG3 M15 run 21 FE=300 IGD=2.1276706 saved
[70/892] PCSAEA_N100 WFG3 M15 run 26 FE=300 IGD=2.2938187 saved
[71/892] PCSAEA_N100 WFG3 M15 run 24 FE=300 IGD=2.1730283 saved
[72/892] PCSAEA_N100 WFG3 M15 run 23 FE=300 IGD=2.1169909 saved
[73/892] PCSAEA_N100 WFG3 M15 run 30 FE=300 IGD=2.2347832 saved
[74/892] PCSAEA_N100 WFG3 M15 run 28 FE=300 IGD=2.1629794 saved
[75/892] PCSAEA_N100 WFG3 M15 run 27 FE=300 IGD=2.2979323 saved
[76/892] PCSAEA_N100 WFG3 M15 run 29 FE=300 IGD=2.080893 saved
[77/892] KRVEA_100 WFG3 M15 run 20 FE=300 IGD=2.2906196 saved
[78/892] KRVEA_100 WFG3 M15 run 19 FE=300 IGD=2.5137285 saved
[79/892] KRVEA_100 WFG3 M15 run 21 FE=300 IGD=2.2302786 saved
[80/892] KRVEA_100 WFG3 M15 run 23 FE=300 IGD=2.2375421 saved
[81/892] KRVEA_100 WFG3 M15 run 26 FE=300 IGD=2.5452698 saved
[82/892] KRVEA_100 WFG3 M15 run 24 FE=300 IGD=2.443358 saved
[83/892] KRVEA_100 WFG3 M15 run 22 FE=300 IGD=2.417223 saved
[84/892] KRVEA_100 WFG3 M15 run 25 FE=300 IGD=2.3075852 saved
[85/892] PCSAEA_N100 WFG4 M15 run 19 FE=300 IGD=18.00029 saved
[86/892] PCSAEA_N100 WFG4 M15 run 20 FE=300 IGD=16.526337 saved
[87/892] KRVEA_100 WFG3 M15 run 29 FE=300 IGD=2.2881277 saved
[88/892] KRVEA_100 WFG3 M15 run 27 FE=300 IGD=2.4542897 saved
[89/892] KRVEA_100 WFG3 M15 run 30 FE=300 IGD=2.4996942 saved
[90/892] KRVEA_100 WFG3 M15 run 28 FE=300 IGD=2.3489021 saved
[91/892] PCSAEA_N100 WFG4 M15 run 21 FE=300 IGD=18.455925 saved
[92/892] PCSAEA_N100 WFG4 M15 run 24 FE=300 IGD=18.293659 saved
[93/892] PCSAEA_N100 WFG4 M15 run 23 FE=300 IGD=16.375101 saved
[94/892] PCSAEA_N100 WFG4 M15 run 25 FE=300 IGD=16.961303 saved
[95/892] PCSAEA_N100 WFG4 M15 run 22 FE=300 IGD=17.626988 saved
[96/892] PCSAEA_N100 WFG4 M15 run 26 FE=300 IGD=17.321569 saved
[97/892] PCSAEA_N100 WFG4 M15 run 30 FE=300 IGD=17.287265 saved
[98/892] PCSAEA_N100 WFG4 M15 run 27 FE=300 IGD=17.242883 saved
[99/892] PCSAEA_N100 WFG4 M15 run 28 FE=300 IGD=16.768764 saved
[100/892] PCSAEA_N100 WFG4 M15 run 29 FE=300 IGD=17.459892 saved
[101/892] KRVEA_100 WFG4 M15 run 20 FE=300 IGD=12.944531 saved
[102/892] KRVEA_100 WFG4 M15 run 19 FE=300 IGD=14.586244 saved
[103/892] KRVEA_100 WFG4 M15 run 24 FE=300 IGD=14.966897 saved
[104/892] KRVEA_100 WFG4 M15 run 22 FE=300 IGD=12.918605 saved
[105/892] KRVEA_100 WFG4 M15 run 23 FE=300 IGD=14.359661 saved
[106/892] KRVEA_100 WFG4 M15 run 21 FE=300 IGD=16.863814 saved
[107/892] KRVEA_100 WFG4 M15 run 26 FE=300 IGD=14.175944 saved
[108/892] KRVEA_100 WFG4 M15 run 25 FE=300 IGD=15.166728 saved
[109/892] PCSAEA_N100 WFG5 M15 run 20 FE=300 IGD=13.520475 saved
[110/892] PCSAEA_N100 WFG5 M15 run 19 FE=300 IGD=15.080836 saved
[111/892] KRVEA_100 WFG4 M15 run 29 FE=300 IGD=13.935449 saved
[112/892] KRVEA_100 WFG4 M15 run 28 FE=300 IGD=14.314984 saved
[113/892] KRVEA_100 WFG4 M15 run 30 FE=300 IGD=13.484147 saved
[114/892] KRVEA_100 WFG4 M15 run 27 FE=300 IGD=15.318794 saved
[115/892] PCSAEA_N100 WFG5 M15 run 22 FE=300 IGD=14.695224 saved
[116/892] PCSAEA_N100 WFG5 M15 run 21 FE=300 IGD=12.871225 saved
[117/892] PCSAEA_N100 WFG5 M15 run 25 FE=300 IGD=13.469854 saved
[118/892] PCSAEA_N100 WFG5 M15 run 24 FE=300 IGD=13.836978 saved
[119/892] PCSAEA_N100 WFG5 M15 run 26 FE=300 IGD=14.66973 saved
[120/892] PCSAEA_N100 WFG5 M15 run 23 FE=300 IGD=14.821787 saved
[121/892] PCSAEA_N100 WFG5 M15 run 27 FE=300 IGD=14.023221 saved
[122/892] PCSAEA_N100 WFG5 M15 run 30 FE=300 IGD=13.759613 saved
[123/892] PCSAEA_N100 WFG5 M15 run 29 FE=300 IGD=14.434619 saved
[124/892] PCSAEA_N100 WFG5 M15 run 28 FE=300 IGD=14.981841 saved
[125/892] KRVEA_100 WFG5 M15 run 20 FE=300 IGD=11.615838 saved
[126/892] KRVEA_100 WFG5 M15 run 19 FE=300 IGD=11.680637 saved
[127/892] KRVEA_100 WFG5 M15 run 21 FE=300 IGD=9.6032191 saved
[128/892] KRVEA_100 WFG5 M15 run 25 FE=300 IGD=10.063973 saved
[129/892] KRVEA_100 WFG5 M15 run 23 FE=300 IGD=12.723817 saved
[130/892] KRVEA_100 WFG5 M15 run 26 FE=300 IGD=10.557521 saved
[131/892] KRVEA_100 WFG5 M15 run 24 FE=300 IGD=10.734624 saved
[132/892] KRVEA_100 WFG5 M15 run 22 FE=300 IGD=9.8819076 saved
[133/892] PCSAEA_N100 WFG6 M15 run 20 FE=300 IGD=15.438796 saved
[134/892] PCSAEA_N100 WFG6 M15 run 19 FE=300 IGD=14.722288 saved
[135/892] KRVEA_100 WFG5 M15 run 30 FE=300 IGD=11.678196 saved
[136/892] KRVEA_100 WFG5 M15 run 29 FE=300 IGD=12.176821 saved
[137/892] KRVEA_100 WFG5 M15 run 27 FE=300 IGD=11.971624 saved
[138/892] KRVEA_100 WFG5 M15 run 28 FE=300 IGD=11.688808 saved
[139/892] PCSAEA_N100 WFG6 M15 run 23 FE=300 IGD=13.577984 saved
[140/892] PCSAEA_N100 WFG6 M15 run 21 FE=300 IGD=15.394185 saved
[141/892] PCSAEA_N100 WFG6 M15 run 22 FE=300 IGD=15.493568 saved
[142/892] PCSAEA_N100 WFG6 M15 run 24 FE=300 IGD=13.657012 saved
[143/892] PCSAEA_N100 WFG6 M15 run 25 FE=300 IGD=14.227371 saved
[144/892] PCSAEA_N100 WFG6 M15 run 26 FE=300 IGD=14.095794 saved
[145/892] PCSAEA_N100 WFG6 M15 run 27 FE=300 IGD=14.595652 saved
[146/892] PCSAEA_N100 WFG6 M15 run 29 FE=300 IGD=15.175819 saved
[147/892] PCSAEA_N100 WFG6 M15 run 28 FE=300 IGD=14.072391 saved
[148/892] PCSAEA_N100 WFG6 M15 run 30 FE=300 IGD=15.093033 saved
[149/892] KRVEA_100 WFG6 M15 run 20 FE=300 IGD=10.586358 saved
[150/892] KRVEA_100 WFG6 M15 run 19 FE=300 IGD=10.976144 saved
[151/892] KRVEA_100 WFG6 M15 run 24 FE=300 IGD=11.076906 saved
[152/892] KRVEA_100 WFG6 M15 run 23 FE=300 IGD=10.569577 saved
[153/892] KRVEA_100 WFG6 M15 run 21 FE=300 IGD=9.0614103 saved
[154/892] KRVEA_100 WFG6 M15 run 26 FE=300 IGD=13.081316 saved
[155/892] KRVEA_100 WFG6 M15 run 22 FE=300 IGD=11.555326 saved
[156/892] KRVEA_100 WFG6 M15 run 25 FE=300 IGD=10.464444 saved
[157/892] PCSAEA_N100 WFG7 M15 run 19 FE=300 IGD=16.31046 saved
[158/892] PCSAEA_N100 WFG7 M15 run 20 FE=300 IGD=14.115694 saved
[159/892] KRVEA_100 WFG6 M15 run 27 FE=300 IGD=11.483422 saved
[160/892] KRVEA_100 WFG6 M15 run 28 FE=300 IGD=10.164043 saved
[161/892] KRVEA_100 WFG6 M15 run 30 FE=300 IGD=9.7578447 saved
[162/892] KRVEA_100 WFG6 M15 run 29 FE=300 IGD=10.791603 saved
[163/892] PCSAEA_N100 WFG7 M15 run 22 FE=300 IGD=16.000727 saved
[164/892] PCSAEA_N100 WFG7 M15 run 21 FE=300 IGD=15.662194 saved
[165/892] PCSAEA_N100 WFG7 M15 run 24 FE=300 IGD=14.885194 saved
[166/892] PCSAEA_N100 WFG7 M15 run 25 FE=300 IGD=15.744633 saved
[167/892] PCSAEA_N100 WFG7 M15 run 23 FE=300 IGD=15.188303 saved
[168/892] PCSAEA_N100 WFG7 M15 run 26 FE=300 IGD=15.33908 saved
[169/892] PCSAEA_N100 WFG7 M15 run 29 FE=300 IGD=15.5946 saved
[170/892] PCSAEA_N100 WFG7 M15 run 28 FE=300 IGD=15.784435 saved
[171/892] PCSAEA_N100 WFG7 M15 run 27 FE=300 IGD=14.601021 saved
[172/892] PCSAEA_N100 WFG7 M15 run 30 FE=300 IGD=14.627552 saved
[173/892] KRVEA_100 WFG7 M15 run 20 FE=300 IGD=14.886389 saved
[174/892] KRVEA_100 WFG7 M15 run 19 FE=300 IGD=17.85073 saved
[175/892] KRVEA_100 WFG7 M15 run 23 FE=300 IGD=15.630155 saved
[176/892] KRVEA_100 WFG7 M15 run 24 FE=300 IGD=13.147442 saved
[177/892] KRVEA_100 WFG7 M15 run 26 FE=300 IGD=14.162498 saved
[178/892] KRVEA_100 WFG7 M15 run 22 FE=300 IGD=15.788261 saved
[179/892] KRVEA_100 WFG7 M15 run 21 FE=300 IGD=16.255321 saved
[180/892] KRVEA_100 WFG7 M15 run 25 FE=300 IGD=17.354829 saved
[181/892] PCSAEA_N100 WFG8 M15 run 19 FE=300 IGD=14.324074 saved
[182/892] PCSAEA_N100 WFG8 M15 run 20 FE=300 IGD=14.705502 saved
[183/892] KRVEA_100 WFG7 M15 run 28 FE=300 IGD=12.226449 saved
[184/892] KRVEA_100 WFG7 M15 run 30 FE=300 IGD=16.018586 saved
[185/892] KRVEA_100 WFG7 M15 run 29 FE=300 IGD=14.527826 saved
[186/892] KRVEA_100 WFG7 M15 run 27 FE=300 IGD=17.130502 saved
[187/892] PCSAEA_N100 WFG8 M15 run 24 FE=300 IGD=14.833363 saved
[188/892] PCSAEA_N100 WFG8 M15 run 22 FE=300 IGD=15.886878 saved
[189/892] PCSAEA_N100 WFG8 M15 run 21 FE=300 IGD=14.499786 saved
[190/892] PCSAEA_N100 WFG8 M15 run 23 FE=300 IGD=15.07112 saved
[191/892] PCSAEA_N100 WFG8 M15 run 25 FE=300 IGD=15.050119 saved
[192/892] PCSAEA_N100 WFG8 M15 run 26 FE=300 IGD=15.857711 saved
[193/892] PCSAEA_N100 WFG8 M15 run 30 FE=300 IGD=15.345225 saved
[194/892] PCSAEA_N100 WFG8 M15 run 27 FE=300 IGD=15.607046 saved
[195/892] PCSAEA_N100 WFG8 M15 run 28 FE=300 IGD=16.112644 saved
[196/892] PCSAEA_N100 WFG8 M15 run 29 FE=300 IGD=14.753928 saved
[197/892] KRVEA_100 WFG8 M15 run 19 FE=300 IGD=10.194742 saved
[198/892] KRVEA_100 WFG8 M15 run 20 FE=300 IGD=14.981965 saved
[199/892] KRVEA_100 WFG8 M15 run 26 FE=300 IGD=12.122694 saved
[200/892] KRVEA_100 WFG8 M15 run 25 FE=300 IGD=13.125603 saved
[201/892] KRVEA_100 WFG8 M15 run 22 FE=300 IGD=13.313765 saved
[202/892] KRVEA_100 WFG8 M15 run 21 FE=300 IGD=11.898162 saved
[203/892] KRVEA_100 WFG8 M15 run 24 FE=300 IGD=11.42432 saved
[204/892] KRVEA_100 WFG8 M15 run 23 FE=300 IGD=11.237068 saved
[205/892] PCSAEA_N100 WFG9 M15 run 19 FE=300 IGD=15.792275 saved
[206/892] PCSAEA_N100 WFG9 M15 run 20 FE=300 IGD=15.402002 saved
[207/892] KRVEA_100 WFG8 M15 run 29 FE=300 IGD=12.635385 saved
[208/892] KRVEA_100 WFG8 M15 run 30 FE=300 IGD=11.538352 saved
[209/892] KRVEA_100 WFG8 M15 run 27 FE=300 IGD=12.049596 saved
[210/892] KRVEA_100 WFG8 M15 run 28 FE=300 IGD=12.964306 saved
[211/892] PCSAEA_N100 WFG9 M15 run 24 FE=300 IGD=15.059204 saved
[212/892] PCSAEA_N100 WFG9 M15 run 23 FE=300 IGD=15.543413 saved
[213/892] PCSAEA_N100 WFG9 M15 run 21 FE=300 IGD=14.485862 saved
[214/892] PCSAEA_N100 WFG9 M15 run 26 FE=300 IGD=15.741001 saved
[215/892] PCSAEA_N100 WFG9 M15 run 25 FE=300 IGD=16.310484 saved
[216/892] PCSAEA_N100 WFG9 M15 run 22 FE=300 IGD=16.043817 saved
[217/892] PCSAEA_N100 WFG9 M15 run 27 FE=300 IGD=14.200077 saved
[218/892] PCSAEA_N100 WFG9 M15 run 30 FE=300 IGD=13.910901 saved
[219/892] PCSAEA_N100 WFG9 M15 run 29 FE=300 IGD=15.232502 saved
[220/892] PCSAEA_N100 WFG9 M15 run 28 FE=300 IGD=14.7676 saved
[221/892] KRVEA_100 WFG9 M15 run 19 FE=300 IGD=17.060017 saved
[222/892] KRVEA_100 WFG9 M15 run 20 FE=300 IGD=15.630743 saved
[223/892] KRVEA_100 WFG9 M15 run 21 FE=300 IGD=15.209026 saved
[224/892] KRVEA_100 WFG9 M15 run 24 FE=300 IGD=13.850407 saved
[225/892] KRVEA_100 WFG9 M15 run 26 FE=300 IGD=15.515613 saved
[226/892] KRVEA_100 WFG9 M15 run 22 FE=300 IGD=17.406256 saved
[227/892] KRVEA_100 WFG9 M15 run 25 FE=300 IGD=13.85835 saved
[228/892] KRVEA_100 WFG9 M15 run 23 FE=300 IGD=15.974409 saved
[229/892] PCSAEA_N100 DTLZ1 M20 run 20 FE=300 IGD=159.62591 saved
[230/892] PCSAEA_N100 DTLZ1 M20 run 19 FE=300 IGD=82.101253 saved
[231/892] KRVEA_100 WFG9 M15 run 29 FE=300 IGD=15.991601 saved
[232/892] KRVEA_100 WFG9 M15 run 27 FE=300 IGD=14.827967 saved
[233/892] KRVEA_100 WFG9 M15 run 28 FE=300 IGD=11.938184 saved
[234/892] KRVEA_100 WFG9 M15 run 30 FE=300 IGD=15.039318 saved
[235/892] PCSAEA_N100 DTLZ1 M20 run 21 FE=300 IGD=164.32167 saved
[236/892] PCSAEA_N100 DTLZ1 M20 run 25 FE=300 IGD=164.15817 saved
[237/892] PCSAEA_N100 DTLZ1 M20 run 22 FE=300 IGD=138.91606 saved
[238/892] PCSAEA_N100 DTLZ1 M20 run 23 FE=300 IGD=151.75295 saved
[239/892] PCSAEA_N100 DTLZ1 M20 run 26 FE=300 IGD=177.47273 saved
[240/892] PCSAEA_N100 DTLZ1 M20 run 24 FE=300 IGD=152.89134 saved
[241/892] PCSAEA_N100 DTLZ1 M20 run 27 FE=300 IGD=164.68653 saved
[242/892] PCSAEA_N100 DTLZ1 M20 run 29 FE=300 IGD=170.747 saved
[243/892] PCSAEA_N100 DTLZ1 M20 run 28 FE=300 IGD=120.2075 saved
[244/892] PCSAEA_N100 DTLZ1 M20 run 30 FE=300 IGD=166.63208 saved
[245/892] KRVEA_100 DTLZ1 M20 run 19 FE=300 IGD=82.101253 saved
[246/892] KRVEA_100 DTLZ1 M20 run 20 FE=300 IGD=70.109002 saved
[247/892] KRVEA_100 DTLZ1 M20 run 22 FE=300 IGD=93.797935 saved
[248/892] KRVEA_100 DTLZ1 M20 run 21 FE=300 IGD=130.86663 saved
[249/892] KRVEA_100 DTLZ1 M20 run 25 FE=300 IGD=72.273567 saved
[250/892] KRVEA_100 DTLZ1 M20 run 24 FE=300 IGD=98.684576 saved
[251/892] KRVEA_100 DTLZ1 M20 run 23 FE=300 IGD=80.077297 saved
[252/892] KRVEA_100 DTLZ1 M20 run 26 FE=300 IGD=110.04542 saved
[253/892] MCEAD DTLZ1 M20 run 19 FE=300 IGD=60.938638 saved
[254/892] MCEAD DTLZ1 M20 run 20 FE=300 IGD=66.809115 saved
[255/892] KRVEA_100 DTLZ1 M20 run 27 FE=300 IGD=104.36585 saved
[256/892] KRVEA_100 DTLZ1 M20 run 28 FE=300 IGD=93.110378 saved
[257/892] KRVEA_100 DTLZ1 M20 run 30 FE=300 IGD=135.68278 saved
[258/892] KRVEA_100 DTLZ1 M20 run 29 FE=300 IGD=90.959584 saved
[259/892] MCEAD DTLZ1 M20 run 25 FE=300 IGD=78.128822 saved
[260/892] MCEAD DTLZ1 M20 run 26 FE=300 IGD=85.634773 saved
[261/892] MCEAD DTLZ1 M20 run 21 FE=300 IGD=70.460312 saved
[262/892] MCEAD DTLZ1 M20 run 23 FE=300 IGD=70.343077 saved
[263/892] MCEAD DTLZ1 M20 run 24 FE=300 IGD=78.248553 saved
[264/892] MCEAD DTLZ1 M20 run 22 FE=300 IGD=132.47038 saved
[265/892] MCEAD DTLZ1 M20 run 29 FE=300 IGD=73.637313 saved
[266/892] MCEAD DTLZ1 M20 run 27 FE=300 IGD=113.41625 saved
[267/892] MCEAD DTLZ1 M20 run 28 FE=300 IGD=79.934959 saved
[268/892] MCEAD DTLZ1 M20 run 30 FE=300 IGD=102.13516 saved
[269/892] REMO_new2_AdaMaO_SDEOnly_UniformMix_Pruned_Weighted DTLZ1 M20 run 19 FE=300 IGD=53.402264 saved
[270/892] REMO_new2_AdaMaO_SDEOnly_UniformMix_Pruned_Weighted DTLZ1 M20 run 20 FE=300 IGD=83.331788 saved
[271/892] REMO_new2_AdaMaO_SDEOnly_UniformMix_Pruned_Weighted DTLZ1 M20 run 25 FE=300 IGD=93.739306 saved
[272/892] REMO_new2_AdaMaO_SDEOnly_UniformMix_Pruned_Weighted DTLZ1 M20 run 24 FE=300 IGD=80.583701 saved
[273/892] REMO_new2_AdaMaO_SDEOnly_UniformMix_Pruned_Weighted DTLZ1 M20 run 26 FE=300 IGD=83.45215 saved
[274/892] REMO_new2_AdaMaO_SDEOnly_UniformMix_Pruned_Weighted DTLZ1 M20 run 22 FE=300 IGD=81.070256 saved
[275/892] REMO_new2_AdaMaO_SDEOnly_UniformMix_Pruned_Weighted DTLZ1 M20 run 21 FE=300 IGD=40.158279 saved
[276/892] REMO_new2_AdaMaO_SDEOnly_UniformMix_Pruned_Weighted DTLZ1 M20 run 23 FE=300 IGD=97.209281 saved
[277/892] PCSAEA_N100 DTLZ2 M20 run 19 FE=300 IGD=1.3384446 saved
[278/892] PCSAEA_N100 DTLZ2 M20 run 20 FE=300 IGD=1.4020985 saved
[279/892] REMO_new2_AdaMaO_SDEOnly_UniformMix_Pruned_Weighted DTLZ1 M20 run 30 FE=300 IGD=95.569654 saved
[280/892] REMO_new2_AdaMaO_SDEOnly_UniformMix_Pruned_Weighted DTLZ1 M20 run 28 FE=300 IGD=90.17483 saved
[281/892] REMO_new2_AdaMaO_SDEOnly_UniformMix_Pruned_Weighted DTLZ1 M20 run 29 FE=300 IGD=67.591503 saved
[282/892] REMO_new2_AdaMaO_SDEOnly_UniformMix_Pruned_Weighted DTLZ1 M20 run 27 FE=300 IGD=84.151421 saved
[283/892] PCSAEA_N100 DTLZ2 M20 run 25 FE=300 IGD=1.3109442 saved
[284/892] PCSAEA_N100 DTLZ2 M20 run 24 FE=300 IGD=1.3521199 saved
[285/892] PCSAEA_N100 DTLZ2 M20 run 23 FE=300 IGD=1.3906656 saved
[286/892] PCSAEA_N100 DTLZ2 M20 run 22 FE=300 IGD=1.3820483 saved
[287/892] PCSAEA_N100 DTLZ2 M20 run 26 FE=300 IGD=1.354894 saved
[288/892] PCSAEA_N100 DTLZ2 M20 run 21 FE=300 IGD=1.3557787 saved
[289/892] PCSAEA_N100 DTLZ2 M20 run 30 FE=300 IGD=1.2725069 saved
[290/892] PCSAEA_N100 DTLZ2 M20 run 28 FE=300 IGD=1.3572002 saved
[291/892] PCSAEA_N100 DTLZ2 M20 run 27 FE=300 IGD=1.3676889 saved
[292/892] PCSAEA_N100 DTLZ2 M20 run 29 FE=300 IGD=1.393913 saved
[293/892] KRVEA_100 DTLZ2 M20 run 19 FE=300 IGD=1.2238297 saved
[294/892] KRVEA_100 DTLZ2 M20 run 20 FE=300 IGD=1.2873024 saved
[295/892] KRVEA_100 DTLZ2 M20 run 23 FE=300 IGD=1.1961479 saved
[296/892] KRVEA_100 DTLZ2 M20 run 22 FE=300 IGD=1.2354053 saved
[297/892] KRVEA_100 DTLZ2 M20 run 26 FE=300 IGD=1.2475867 saved
[298/892] KRVEA_100 DTLZ2 M20 run 24 FE=300 IGD=1.1487232 saved
[299/892] KRVEA_100 DTLZ2 M20 run 25 FE=300 IGD=1.2951398 saved
[300/892] KRVEA_100 DTLZ2 M20 run 21 FE=300 IGD=1.2381219 saved
[301/892] MCEAD DTLZ2 M20 run 20 FE=300 IGD=1.1825109 saved
[302/892] MCEAD DTLZ2 M20 run 19 FE=300 IGD=1.2075325 saved
[303/892] KRVEA_100 DTLZ2 M20 run 27 FE=300 IGD=1.1923573 saved
[304/892] KRVEA_100 DTLZ2 M20 run 30 FE=300 IGD=1.1080313 saved
[305/892] KRVEA_100 DTLZ2 M20 run 28 FE=300 IGD=1.1585985 saved
[306/892] KRVEA_100 DTLZ2 M20 run 29 FE=300 IGD=1.2451703 saved
[307/892] MCEAD DTLZ2 M20 run 24 FE=300 IGD=1.1846769 saved
[308/892] MCEAD DTLZ2 M20 run 22 FE=300 IGD=1.2271919 saved
[309/892] MCEAD DTLZ2 M20 run 21 FE=300 IGD=1.2110826 saved
[310/892] MCEAD DTLZ2 M20 run 26 FE=300 IGD=1.2067167 saved
[311/892] MCEAD DTLZ2 M20 run 25 FE=300 IGD=1.2329098 saved
[312/892] MCEAD DTLZ2 M20 run 23 FE=300 IGD=1.2517902 saved
[313/892] MCEAD DTLZ2 M20 run 30 FE=300 IGD=1.2160321 saved
[314/892] MCEAD DTLZ2 M20 run 29 FE=300 IGD=1.2325957 saved
[315/892] MCEAD DTLZ2 M20 run 27 FE=300 IGD=1.2259142 saved
[316/892] MCEAD DTLZ2 M20 run 28 FE=300 IGD=1.1976638 saved
[317/892] REMO_new2_AdaMaO_SDEOnly_UniformMix_Pruned_Weighted DTLZ2 M20 run 20 FE=300 IGD=1.1472118 saved
[318/892] REMO_new2_AdaMaO_SDEOnly_UniformMix_Pruned_Weighted DTLZ2 M20 run 19 FE=300 IGD=1.2712921 saved
[319/892] REMO_new2_AdaMaO_SDEOnly_UniformMix_Pruned_Weighted DTLZ2 M20 run 24 FE=300 IGD=1.1872699 saved
[320/892] REMO_new2_AdaMaO_SDEOnly_UniformMix_Pruned_Weighted DTLZ2 M20 run 23 FE=300 IGD=1.2128228 saved
[321/892] REMO_new2_AdaMaO_SDEOnly_UniformMix_Pruned_Weighted DTLZ2 M20 run 22 FE=300 IGD=1.1275464 saved
[322/892] REMO_new2_AdaMaO_SDEOnly_UniformMix_Pruned_Weighted DTLZ2 M20 run 21 FE=300 IGD=1.1254807 saved
[323/892] REMO_new2_AdaMaO_SDEOnly_UniformMix_Pruned_Weighted DTLZ2 M20 run 25 FE=300 IGD=1.1549273 saved
[324/892] REMO_new2_AdaMaO_SDEOnly_UniformMix_Pruned_Weighted DTLZ2 M20 run 26 FE=300 IGD=1.099486 saved
[325/892] PCSAEA_N100 DTLZ3 M20 run 20 FE=300 IGD=497.82312 saved
[326/892] PCSAEA_N100 DTLZ3 M20 run 19 FE=300 IGD=494.84613 saved
[327/892] REMO_new2_AdaMaO_SDEOnly_UniformMix_Pruned_Weighted DTLZ2 M20 run 30 FE=300 IGD=1.0879432 saved
[328/892] REMO_new2_AdaMaO_SDEOnly_UniformMix_Pruned_Weighted DTLZ2 M20 run 28 FE=300 IGD=1.1653514 saved
[329/892] REMO_new2_AdaMaO_SDEOnly_UniformMix_Pruned_Weighted DTLZ2 M20 run 29 FE=300 IGD=1.205372 saved
[330/892] REMO_new2_AdaMaO_SDEOnly_UniformMix_Pruned_Weighted DTLZ2 M20 run 27 FE=300 IGD=1.1290673 saved
[331/892] PCSAEA_N100 DTLZ3 M20 run 21 FE=300 IGD=438.48654 saved
[332/892] PCSAEA_N100 DTLZ3 M20 run 26 FE=300 IGD=471.50929 saved
[333/892] PCSAEA_N100 DTLZ3 M20 run 23 FE=300 IGD=461.86221 saved
[334/892] PCSAEA_N100 DTLZ3 M20 run 24 FE=300 IGD=576.33671 saved
[335/892] PCSAEA_N100 DTLZ3 M20 run 25 FE=300 IGD=475.34864 saved
[336/892] PCSAEA_N100 DTLZ3 M20 run 22 FE=300 IGD=484.66146 saved
[337/892] PCSAEA_N100 DTLZ3 M20 run 28 FE=300 IGD=676.63211 saved
[338/892] PCSAEA_N100 DTLZ3 M20 run 29 FE=300 IGD=486.55466 saved
[339/892] PCSAEA_N100 DTLZ3 M20 run 27 FE=300 IGD=547.05338 saved
[340/892] PCSAEA_N100 DTLZ3 M20 run 30 FE=300 IGD=436.53186 saved
[341/892] KRVEA_100 DTLZ3 M20 run 19 FE=300 IGD=303.40998 saved
[342/892] KRVEA_100 DTLZ3 M20 run 20 FE=300 IGD=409.7515 saved
[343/892] KRVEA_100 DTLZ3 M20 run 26 FE=300 IGD=530.19626 saved
[344/892] KRVEA_100 DTLZ3 M20 run 23 FE=300 IGD=430.68465 saved
[345/892] KRVEA_100 DTLZ3 M20 run 22 FE=300 IGD=409.14798 saved
[346/892] KRVEA_100 DTLZ3 M20 run 25 FE=300 IGD=273.67058 saved
[347/892] KRVEA_100 DTLZ3 M20 run 21 FE=300 IGD=438.48654 saved
[348/892] KRVEA_100 DTLZ3 M20 run 24 FE=300 IGD=384.42993 saved
[349/892] MCEAD DTLZ3 M20 run 20 FE=300 IGD=12.253914 saved
[350/892] MCEAD DTLZ3 M20 run 19 FE=300 IGD=194.27416 saved
[351/892] KRVEA_100 DTLZ3 M20 run 27 FE=300 IGD=374.7274 saved
[352/892] KRVEA_100 DTLZ3 M20 run 28 FE=300 IGD=438.17634 saved
[353/892] KRVEA_100 DTLZ3 M20 run 30 FE=300 IGD=458.65689 saved
[354/892] KRVEA_100 DTLZ3 M20 run 29 FE=300 IGD=313.33418 saved
[355/892] MCEAD DTLZ3 M20 run 25 FE=300 IGD=73.328215 saved
[356/892] MCEAD DTLZ3 M20 run 26 FE=300 IGD=266.15798 saved
[357/892] MCEAD DTLZ3 M20 run 22 FE=300 IGD=138.22189 saved
[358/892] MCEAD DTLZ3 M20 run 23 FE=300 IGD=238.97265 saved
[359/892] MCEAD DTLZ3 M20 run 21 FE=300 IGD=228.89672 saved
[360/892] MCEAD DTLZ3 M20 run 24 FE=300 IGD=6.965904 saved
[361/892] MCEAD DTLZ3 M20 run 28 FE=300 IGD=106.23039 saved
[362/892] MCEAD DTLZ3 M20 run 27 FE=300 IGD=259.00469 saved
[363/892] MCEAD DTLZ3 M20 run 29 FE=300 IGD=226.49477 saved
[364/892] MCEAD DTLZ3 M20 run 30 FE=300 IGD=37.778339 saved
[365/892] REMO_new2_AdaMaO_SDEOnly_UniformMix_Pruned_Weighted DTLZ3 M20 run 19 FE=300 IGD=401.4456 saved
[366/892] REMO_new2_AdaMaO_SDEOnly_UniformMix_Pruned_Weighted DTLZ3 M20 run 20 FE=300 IGD=313.93092 saved
[367/892] REMO_new2_AdaMaO_SDEOnly_UniformMix_Pruned_Weighted DTLZ3 M20 run 22 FE=300 IGD=332.69575 saved
[368/892] REMO_new2_AdaMaO_SDEOnly_UniformMix_Pruned_Weighted DTLZ3 M20 run 23 FE=300 IGD=366.47833 saved
[369/892] REMO_new2_AdaMaO_SDEOnly_UniformMix_Pruned_Weighted DTLZ3 M20 run 24 FE=300 IGD=293.88679 saved
[370/892] REMO_new2_AdaMaO_SDEOnly_UniformMix_Pruned_Weighted DTLZ3 M20 run 26 FE=300 IGD=222.14664 saved
[371/892] REMO_new2_AdaMaO_SDEOnly_UniformMix_Pruned_Weighted DTLZ3 M20 run 25 FE=300 IGD=284.04243 saved
[372/892] REMO_new2_AdaMaO_SDEOnly_UniformMix_Pruned_Weighted DTLZ3 M20 run 21 FE=300 IGD=316.94775 saved
[373/892] PCSAEA_N100 DTLZ4 M20 run 20 FE=300 IGD=1.2065098 saved
[374/892] PCSAEA_N100 DTLZ4 M20 run 19 FE=300 IGD=1.1211325 saved
[375/892] REMO_new2_AdaMaO_SDEOnly_UniformMix_Pruned_Weighted DTLZ3 M20 run 30 FE=300 IGD=267.23959 saved
[376/892] REMO_new2_AdaMaO_SDEOnly_UniformMix_Pruned_Weighted DTLZ3 M20 run 27 FE=300 IGD=289.93585 saved
[377/892] REMO_new2_AdaMaO_SDEOnly_UniformMix_Pruned_Weighted DTLZ3 M20 run 28 FE=300 IGD=318.41561 saved
[378/892] REMO_new2_AdaMaO_SDEOnly_UniformMix_Pruned_Weighted DTLZ3 M20 run 29 FE=300 IGD=368.10312 saved
[379/892] PCSAEA_N100 DTLZ4 M20 run 26 FE=300 IGD=1.1618335 saved
[380/892] PCSAEA_N100 DTLZ4 M20 run 21 FE=300 IGD=1.2143012 saved
[381/892] PCSAEA_N100 DTLZ4 M20 run 22 FE=300 IGD=1.2267833 saved
[382/892] PCSAEA_N100 DTLZ4 M20 run 24 FE=300 IGD=1.2643203 saved
[383/892] PCSAEA_N100 DTLZ4 M20 run 25 FE=300 IGD=1.218223 saved
[384/892] PCSAEA_N100 DTLZ4 M20 run 23 FE=300 IGD=1.1932775 saved
[385/892] PCSAEA_N100 DTLZ4 M20 run 30 FE=300 IGD=1.2520212 saved
[386/892] PCSAEA_N100 DTLZ4 M20 run 28 FE=300 IGD=1.2429716 saved
[387/892] PCSAEA_N100 DTLZ4 M20 run 27 FE=300 IGD=1.2201983 saved
[388/892] PCSAEA_N100 DTLZ4 M20 run 29 FE=300 IGD=1.1588627 saved
[389/892] KRVEA_100 DTLZ4 M20 run 20 FE=300 IGD=1.1529562 saved
[390/892] KRVEA_100 DTLZ4 M20 run 19 FE=300 IGD=1.325947 saved
[391/892] KRVEA_100 DTLZ4 M20 run 23 FE=300 IGD=1.2446765 saved
[392/892] KRVEA_100 DTLZ4 M20 run 26 FE=300 IGD=1.2651359 saved
[393/892] KRVEA_100 DTLZ4 M20 run 25 FE=300 IGD=1.3788027 saved
[394/892] KRVEA_100 DTLZ4 M20 run 24 FE=300 IGD=1.3650721 saved
[395/892] KRVEA_100 DTLZ4 M20 run 22 FE=300 IGD=1.34143 saved
[396/892] KRVEA_100 DTLZ4 M20 run 21 FE=300 IGD=1.4318279 saved
[397/892] MCEAD DTLZ4 M20 run 20 FE=300 IGD=1.3079206 saved
[398/892] MCEAD DTLZ4 M20 run 19 FE=300 IGD=1.2692266 saved
[399/892] KRVEA_100 DTLZ4 M20 run 27 FE=300 IGD=1.3804585 saved
[400/892] KRVEA_100 DTLZ4 M20 run 28 FE=300 IGD=1.3680953 saved
[401/892] KRVEA_100 DTLZ4 M20 run 29 FE=300 IGD=1.3871449 saved
[402/892] KRVEA_100 DTLZ4 M20 run 30 FE=300 IGD=1.3770226 saved
[403/892] MCEAD DTLZ4 M20 run 26 FE=300 IGD=1.2035034 saved
[404/892] MCEAD DTLZ4 M20 run 23 FE=300 IGD=1.3273547 saved
[405/892] MCEAD DTLZ4 M20 run 25 FE=300 IGD=1.3042317 saved
[406/892] MCEAD DTLZ4 M20 run 22 FE=300 IGD=1.3046756 saved
[407/892] MCEAD DTLZ4 M20 run 24 FE=300 IGD=1.3100633 saved
[408/892] MCEAD DTLZ4 M20 run 21 FE=300 IGD=1.2372998 saved
[409/892] MCEAD DTLZ4 M20 run 30 FE=300 IGD=1.2855202 saved
[410/892] MCEAD DTLZ4 M20 run 28 FE=300 IGD=1.2825929 saved
[411/892] MCEAD DTLZ4 M20 run 29 FE=300 IGD=1.2497497 saved
[412/892] MCEAD DTLZ4 M20 run 27 FE=300 IGD=1.3064063 saved
[413/892] REMO_new2_AdaMaO_SDEOnly_UniformMix_Pruned_Weighted DTLZ4 M20 run 20 FE=300 IGD=1.1155026 saved
[414/892] REMO_new2_AdaMaO_SDEOnly_UniformMix_Pruned_Weighted DTLZ4 M20 run 19 FE=300 IGD=1.0373792 saved
[415/892] REMO_new2_AdaMaO_SDEOnly_UniformMix_Pruned_Weighted DTLZ4 M20 run 23 FE=300 IGD=0.97401624 saved
[416/892] REMO_new2_AdaMaO_SDEOnly_UniformMix_Pruned_Weighted DTLZ4 M20 run 25 FE=300 IGD=1.0803488 saved
[417/892] REMO_new2_AdaMaO_SDEOnly_UniformMix_Pruned_Weighted DTLZ4 M20 run 24 FE=300 IGD=1.0106836 saved
[418/892] REMO_new2_AdaMaO_SDEOnly_UniformMix_Pruned_Weighted DTLZ4 M20 run 26 FE=300 IGD=1.0356637 saved
[419/892] REMO_new2_AdaMaO_SDEOnly_UniformMix_Pruned_Weighted DTLZ4 M20 run 21 FE=300 IGD=1.0799227 saved
[420/892] REMO_new2_AdaMaO_SDEOnly_UniformMix_Pruned_Weighted DTLZ4 M20 run 22 FE=300 IGD=1.0942591 saved
[421/892] PCSAEA_N100 DTLZ5 M20 run 20 FE=300 IGD=0.39926479 saved
[422/892] PCSAEA_N100 DTLZ5 M20 run 19 FE=300 IGD=0.43728386 saved
[423/892] REMO_new2_AdaMaO_SDEOnly_UniformMix_Pruned_Weighted DTLZ4 M20 run 27 FE=300 IGD=1.0795275 saved
[424/892] REMO_new2_AdaMaO_SDEOnly_UniformMix_Pruned_Weighted DTLZ4 M20 run 29 FE=300 IGD=1.0969757 saved
[425/892] REMO_new2_AdaMaO_SDEOnly_UniformMix_Pruned_Weighted DTLZ4 M20 run 30 FE=300 IGD=0.9843547 saved
[426/892] REMO_new2_AdaMaO_SDEOnly_UniformMix_Pruned_Weighted DTLZ4 M20 run 28 FE=300 IGD=1.0414308 saved
[427/892] PCSAEA_N100 DTLZ5 M20 run 26 FE=300 IGD=0.37409112 saved
[428/892] PCSAEA_N100 DTLZ5 M20 run 24 FE=300 IGD=0.3843209 saved
[429/892] PCSAEA_N100 DTLZ5 M20 run 21 FE=300 IGD=0.47046686 saved
[430/892] PCSAEA_N100 DTLZ5 M20 run 23 FE=300 IGD=0.40679648 saved
[431/892] PCSAEA_N100 DTLZ5 M20 run 25 FE=300 IGD=0.40462242 saved
[432/892] PCSAEA_N100 DTLZ5 M20 run 22 FE=300 IGD=0.43070113 saved
[433/892] PCSAEA_N100 DTLZ5 M20 run 27 FE=300 IGD=0.38846074 saved
[434/892] PCSAEA_N100 DTLZ5 M20 run 30 FE=300 IGD=0.49148343 saved
[435/892] PCSAEA_N100 DTLZ5 M20 run 28 FE=300 IGD=0.44657137 saved
[436/892] PCSAEA_N100 DTLZ5 M20 run 29 FE=300 IGD=0.45882849 saved
[437/892] KRVEA_100 DTLZ5 M20 run 20 FE=300 IGD=0.22707945 saved
[438/892] KRVEA_100 DTLZ5 M20 run 19 FE=300 IGD=0.17774085 saved
[439/892] KRVEA_100 DTLZ5 M20 run 24 FE=300 IGD=0.39252614 saved
[440/892] KRVEA_100 DTLZ5 M20 run 25 FE=300 IGD=0.30595646 saved
[441/892] KRVEA_100 DTLZ5 M20 run 22 FE=300 IGD=0.26509698 saved
[442/892] KRVEA_100 DTLZ5 M20 run 21 FE=300 IGD=0.44533543 saved
[443/892] KRVEA_100 DTLZ5 M20 run 23 FE=300 IGD=0.15928171 saved
[444/892] KRVEA_100 DTLZ5 M20 run 26 FE=300 IGD=0.3424976 saved
[445/892] MCEAD DTLZ5 M20 run 19 FE=300 IGD=0.16969484 saved
[446/892] MCEAD DTLZ5 M20 run 20 FE=300 IGD=0.17850191 saved
[447/892] KRVEA_100 DTLZ5 M20 run 29 FE=300 IGD=0.34065997 saved
[448/892] KRVEA_100 DTLZ5 M20 run 27 FE=300 IGD=0.37744408 saved
[449/892] KRVEA_100 DTLZ5 M20 run 28 FE=300 IGD=0.30524436 saved
[450/892] KRVEA_100 DTLZ5 M20 run 30 FE=300 IGD=0.26034689 saved
[451/892] MCEAD DTLZ5 M20 run 24 FE=300 IGD=0.14786535 saved
[452/892] MCEAD DTLZ5 M20 run 23 FE=300 IGD=0.14942801 saved
[453/892] MCEAD DTLZ5 M20 run 25 FE=300 IGD=0.16164648 saved
[454/892] MCEAD DTLZ5 M20 run 22 FE=300 IGD=0.1597534 saved
[455/892] MCEAD DTLZ5 M20 run 21 FE=300 IGD=0.1473472 saved
[456/892] MCEAD DTLZ5 M20 run 26 FE=300 IGD=0.17004289 saved
[457/892] MCEAD DTLZ5 M20 run 30 FE=300 IGD=0.099514671 saved
[458/892] MCEAD DTLZ5 M20 run 27 FE=300 IGD=0.12425848 saved
[459/892] MCEAD DTLZ5 M20 run 29 FE=300 IGD=0.15150483 saved
[460/892] MCEAD DTLZ5 M20 run 28 FE=300 IGD=0.12195365 saved
[461/892] REMO_new2_AdaMaO_SDEOnly_UniformMix_Pruned_Weighted DTLZ5 M20 run 19 FE=300 IGD=0.35180806 saved
[462/892] REMO_new2_AdaMaO_SDEOnly_UniformMix_Pruned_Weighted DTLZ5 M20 run 20 FE=300 IGD=0.31733298 saved
[463/892] REMO_new2_AdaMaO_SDEOnly_UniformMix_Pruned_Weighted DTLZ5 M20 run 21 FE=300 IGD=0.38810738 saved
[464/892] REMO_new2_AdaMaO_SDEOnly_UniformMix_Pruned_Weighted DTLZ5 M20 run 22 FE=300 IGD=0.42166 saved
[465/892] REMO_new2_AdaMaO_SDEOnly_UniformMix_Pruned_Weighted DTLZ5 M20 run 26 FE=300 IGD=0.30991044 saved
[466/892] REMO_new2_AdaMaO_SDEOnly_UniformMix_Pruned_Weighted DTLZ5 M20 run 23 FE=300 IGD=0.33275744 saved
[467/892] REMO_new2_AdaMaO_SDEOnly_UniformMix_Pruned_Weighted DTLZ5 M20 run 24 FE=300 IGD=0.33498423 saved
[468/892] REMO_new2_AdaMaO_SDEOnly_UniformMix_Pruned_Weighted DTLZ5 M20 run 25 FE=300 IGD=0.27724782 saved
[469/892] PCSAEA_N100 DTLZ6 M20 run 20 FE=300 IGD=8.7531074 saved
[470/892] PCSAEA_N100 DTLZ6 M20 run 19 FE=300 IGD=9.1114895 saved
[471/892] REMO_new2_AdaMaO_SDEOnly_UniformMix_Pruned_Weighted DTLZ5 M20 run 30 FE=300 IGD=0.41480798 saved
[472/892] REMO_new2_AdaMaO_SDEOnly_UniformMix_Pruned_Weighted DTLZ5 M20 run 27 FE=300 IGD=0.24548641 saved
[473/892] REMO_new2_AdaMaO_SDEOnly_UniformMix_Pruned_Weighted DTLZ5 M20 run 29 FE=300 IGD=0.34517264 saved
[474/892] REMO_new2_AdaMaO_SDEOnly_UniformMix_Pruned_Weighted DTLZ5 M20 run 28 FE=300 IGD=0.3741544 saved
[475/892] PCSAEA_N100 DTLZ6 M20 run 22 FE=300 IGD=8.9866968 saved
[476/892] PCSAEA_N100 DTLZ6 M20 run 24 FE=300 IGD=8.8596617 saved
[477/892] PCSAEA_N100 DTLZ6 M20 run 21 FE=300 IGD=8.7845011 saved
[478/892] PCSAEA_N100 DTLZ6 M20 run 23 FE=300 IGD=8.4246986 saved
[479/892] PCSAEA_N100 DTLZ6 M20 run 26 FE=300 IGD=8.6933588 saved
[480/892] PCSAEA_N100 DTLZ6 M20 run 25 FE=300 IGD=8.9791783 saved
[481/892] PCSAEA_N100 DTLZ6 M20 run 30 FE=300 IGD=8.179934 saved
[482/892] PCSAEA_N100 DTLZ6 M20 run 27 FE=300 IGD=8.1529883 saved
[483/892] PCSAEA_N100 DTLZ6 M20 run 29 FE=300 IGD=8.5550795 saved
[484/892] PCSAEA_N100 DTLZ6 M20 run 28 FE=300 IGD=8.8570633 saved
[485/892] KRVEA_100 DTLZ6 M20 run 20 FE=300 IGD=8.4836417 saved
[486/892] KRVEA_100 DTLZ6 M20 run 19 FE=300 IGD=6.6228866 saved
[487/892] KRVEA_100 DTLZ6 M20 run 22 FE=300 IGD=7.2783763 saved
[488/892] KRVEA_100 DTLZ6 M20 run 26 FE=300 IGD=7.7627275 saved
[489/892] KRVEA_100 DTLZ6 M20 run 23 FE=300 IGD=7.4613936 saved
[490/892] KRVEA_100 DTLZ6 M20 run 21 FE=300 IGD=8.334247 saved
[491/892] KRVEA_100 DTLZ6 M20 run 25 FE=300 IGD=7.4989218 saved
[492/892] KRVEA_100 DTLZ6 M20 run 24 FE=300 IGD=6.6574211 saved
[493/892] MCEAD DTLZ6 M20 run 19 FE=300 IGD=4.4305825 saved
[494/892] MCEAD DTLZ6 M20 run 20 FE=300 IGD=3.6234438 saved
[495/892] KRVEA_100 DTLZ6 M20 run 27 FE=300 IGD=7.3154156 saved
[496/892] KRVEA_100 DTLZ6 M20 run 28 FE=300 IGD=7.266441 saved
[497/892] KRVEA_100 DTLZ6 M20 run 29 FE=300 IGD=7.8318455 saved
[498/892] KRVEA_100 DTLZ6 M20 run 30 FE=300 IGD=7.4061534 saved
[499/892] MCEAD DTLZ6 M20 run 25 FE=300 IGD=4.4147485 saved
[500/892] MCEAD DTLZ6 M20 run 21 FE=300 IGD=4.4741657 saved
[501/892] MCEAD DTLZ6 M20 run 22 FE=300 IGD=4.427061 saved
[502/892] MCEAD DTLZ6 M20 run 23 FE=300 IGD=3.3524105 saved
[503/892] MCEAD DTLZ6 M20 run 24 FE=300 IGD=3.4384886 saved
[504/892] MCEAD DTLZ6 M20 run 26 FE=300 IGD=5.2338846 saved
[505/892] MCEAD DTLZ6 M20 run 29 FE=300 IGD=5.3487917 saved
[506/892] MCEAD DTLZ6 M20 run 28 FE=300 IGD=3.3875753 saved
[507/892] MCEAD DTLZ6 M20 run 27 FE=300 IGD=4.4300188 saved
[508/892] MCEAD DTLZ6 M20 run 30 FE=300 IGD=4.0076076 saved
[509/892] REMO_new2_AdaMaO_SDEOnly_UniformMix_Pruned_Weighted DTLZ6 M20 run 20 FE=300 IGD=6.7643509 saved
[510/892] REMO_new2_AdaMaO_SDEOnly_UniformMix_Pruned_Weighted DTLZ6 M20 run 19 FE=300 IGD=7.2968942 saved
[511/892] REMO_new2_AdaMaO_SDEOnly_UniformMix_Pruned_Weighted DTLZ6 M20 run 26 FE=300 IGD=5.2000916 saved
[512/892] REMO_new2_AdaMaO_SDEOnly_UniformMix_Pruned_Weighted DTLZ6 M20 run 21 FE=300 IGD=6.2121123 saved
[513/892] REMO_new2_AdaMaO_SDEOnly_UniformMix_Pruned_Weighted DTLZ6 M20 run 22 FE=300 IGD=6.406472 saved
[514/892] REMO_new2_AdaMaO_SDEOnly_UniformMix_Pruned_Weighted DTLZ6 M20 run 24 FE=300 IGD=4.6712739 saved
[515/892] REMO_new2_AdaMaO_SDEOnly_UniformMix_Pruned_Weighted DTLZ6 M20 run 23 FE=300 IGD=5.6454713 saved
[516/892] REMO_new2_AdaMaO_SDEOnly_UniformMix_Pruned_Weighted DTLZ6 M20 run 25 FE=300 IGD=7.3970157 saved
[517/892] PCSAEA_N100 DTLZ7 M20 run 20 FE=300 IGD=54.449557 saved
[518/892] PCSAEA_N100 DTLZ7 M20 run 19 FE=300 IGD=45.581068 saved
[519/892] REMO_new2_AdaMaO_SDEOnly_UniformMix_Pruned_Weighted DTLZ6 M20 run 27 FE=300 IGD=6.0295172 saved
[520/892] REMO_new2_AdaMaO_SDEOnly_UniformMix_Pruned_Weighted DTLZ6 M20 run 30 FE=300 IGD=6.2068603 saved
[521/892] REMO_new2_AdaMaO_SDEOnly_UniformMix_Pruned_Weighted DTLZ6 M20 run 29 FE=300 IGD=6.44826 saved
[522/892] REMO_new2_AdaMaO_SDEOnly_UniformMix_Pruned_Weighted DTLZ6 M20 run 28 FE=300 IGD=6.9244704 saved
[523/892] PCSAEA_N100 DTLZ7 M20 run 24 FE=300 IGD=48.754313 saved
[524/892] PCSAEA_N100 DTLZ7 M20 run 26 FE=300 IGD=51.997876 saved
[525/892] PCSAEA_N100 DTLZ7 M20 run 22 FE=300 IGD=53.30163 saved
[526/892] PCSAEA_N100 DTLZ7 M20 run 21 FE=300 IGD=51.619622 saved
[527/892] PCSAEA_N100 DTLZ7 M20 run 23 FE=300 IGD=40.490019 saved
[528/892] PCSAEA_N100 DTLZ7 M20 run 25 FE=300 IGD=50.723385 saved
[529/892] PCSAEA_N100 DTLZ7 M20 run 30 FE=300 IGD=54.268581 saved
[530/892] PCSAEA_N100 DTLZ7 M20 run 28 FE=300 IGD=40.206997 saved
[531/892] PCSAEA_N100 DTLZ7 M20 run 27 FE=300 IGD=48.693993 saved
[532/892] PCSAEA_N100 DTLZ7 M20 run 29 FE=300 IGD=46.488664 saved
[533/892] KRVEA_100 DTLZ7 M20 run 20 FE=300 IGD=2.7911881 saved
[534/892] KRVEA_100 DTLZ7 M20 run 19 FE=300 IGD=4.0642113 saved
[535/892] KRVEA_100 DTLZ7 M20 run 22 FE=300 IGD=5.6095617 saved
[536/892] KRVEA_100 DTLZ7 M20 run 26 FE=300 IGD=3.0048737 saved
[537/892] KRVEA_100 DTLZ7 M20 run 25 FE=300 IGD=2.9799653 saved
[538/892] KRVEA_100 DTLZ7 M20 run 24 FE=300 IGD=3.5280531 saved
[539/892] KRVEA_100 DTLZ7 M20 run 21 FE=300 IGD=4.9173189 saved
[540/892] KRVEA_100 DTLZ7 M20 run 23 FE=300 IGD=3.153277 saved
[541/892] MCEAD DTLZ7 M20 run 20 FE=300 IGD=34.475943 saved
[542/892] MCEAD DTLZ7 M20 run 19 FE=300 IGD=43.375627 saved
[543/892] KRVEA_100 DTLZ7 M20 run 29 FE=300 IGD=2.19576 saved
[544/892] KRVEA_100 DTLZ7 M20 run 30 FE=300 IGD=2.4021493 saved
[545/892] KRVEA_100 DTLZ7 M20 run 28 FE=300 IGD=2.3729089 saved
[546/892] KRVEA_100 DTLZ7 M20 run 27 FE=300 IGD=5.4515136 saved
[547/892] MCEAD DTLZ7 M20 run 25 FE=300 IGD=23.781671 saved
[548/892] MCEAD DTLZ7 M20 run 22 FE=300 IGD=23.235887 saved
[549/892] MCEAD DTLZ7 M20 run 24 FE=300 IGD=32.390511 saved
[550/892] MCEAD DTLZ7 M20 run 21 FE=300 IGD=16.339704 saved
[551/892] MCEAD DTLZ7 M20 run 23 FE=300 IGD=25.210507 saved
[552/892] MCEAD DTLZ7 M20 run 26 FE=300 IGD=36.035531 saved
[553/892] MCEAD DTLZ7 M20 run 29 FE=300 IGD=29.791997 saved
[554/892] MCEAD DTLZ7 M20 run 28 FE=300 IGD=21.432984 saved
[555/892] MCEAD DTLZ7 M20 run 27 FE=300 IGD=38.942391 saved
[556/892] MCEAD DTLZ7 M20 run 30 FE=300 IGD=26.215701 saved
[557/892] REMO_new2_AdaMaO_SDEOnly_UniformMix_Pruned_Weighted DTLZ7 M20 run 20 FE=300 IGD=12.731815 saved
[558/892] REMO_new2_AdaMaO_SDEOnly_UniformMix_Pruned_Weighted DTLZ7 M20 run 19 FE=300 IGD=12.547442 saved
[559/892] REMO_new2_AdaMaO_SDEOnly_UniformMix_Pruned_Weighted DTLZ7 M20 run 21 FE=300 IGD=17.254385 saved
[560/892] REMO_new2_AdaMaO_SDEOnly_UniformMix_Pruned_Weighted DTLZ7 M20 run 24 FE=300 IGD=17.132623 saved
[561/892] REMO_new2_AdaMaO_SDEOnly_UniformMix_Pruned_Weighted DTLZ7 M20 run 25 FE=300 IGD=13.478998 saved
[562/892] REMO_new2_AdaMaO_SDEOnly_UniformMix_Pruned_Weighted DTLZ7 M20 run 26 FE=300 IGD=14.874097 saved
[563/892] REMO_new2_AdaMaO_SDEOnly_UniformMix_Pruned_Weighted DTLZ7 M20 run 22 FE=300 IGD=15.910956 saved
[564/892] REMO_new2_AdaMaO_SDEOnly_UniformMix_Pruned_Weighted DTLZ7 M20 run 23 FE=300 IGD=15.351662 saved
[565/892] PCSAEA_N100 WFG1 M20 run 20 FE=300 IGD=5.6565813 saved
[566/892] PCSAEA_N100 WFG1 M20 run 19 FE=300 IGD=5.6903448 saved
[567/892] REMO_new2_AdaMaO_SDEOnly_UniformMix_Pruned_Weighted DTLZ7 M20 run 29 FE=300 IGD=12.000976 saved
[568/892] REMO_new2_AdaMaO_SDEOnly_UniformMix_Pruned_Weighted DTLZ7 M20 run 30 FE=300 IGD=13.747007 saved
[569/892] REMO_new2_AdaMaO_SDEOnly_UniformMix_Pruned_Weighted DTLZ7 M20 run 27 FE=300 IGD=13.765661 saved
[570/892] REMO_new2_AdaMaO_SDEOnly_UniformMix_Pruned_Weighted DTLZ7 M20 run 28 FE=300 IGD=16.110521 saved
[571/892] PCSAEA_N100 WFG1 M20 run 22 FE=300 IGD=5.7154835 saved
[572/892] PCSAEA_N100 WFG1 M20 run 26 FE=300 IGD=5.7372497 saved
[573/892] PCSAEA_N100 WFG1 M20 run 25 FE=300 IGD=5.7193115 saved
[574/892] PCSAEA_N100 WFG1 M20 run 24 FE=300 IGD=5.7038198 saved
[575/892] PCSAEA_N100 WFG1 M20 run 21 FE=300 IGD=5.7207544 saved
[576/892] PCSAEA_N100 WFG1 M20 run 23 FE=300 IGD=5.6583677 saved
[577/892] PCSAEA_N100 WFG1 M20 run 27 FE=300 IGD=5.5884798 saved
[578/892] PCSAEA_N100 WFG1 M20 run 30 FE=300 IGD=5.6474825 saved
[579/892] PCSAEA_N100 WFG1 M20 run 29 FE=300 IGD=5.6766965 saved
[580/892] PCSAEA_N100 WFG1 M20 run 28 FE=300 IGD=5.7294455 saved
[581/892] KRVEA_100 WFG1 M20 run 19 FE=300 IGD=5.6241493 saved
[582/892] KRVEA_100 WFG1 M20 run 20 FE=300 IGD=5.5614627 saved
[583/892] KRVEA_100 WFG1 M20 run 26 FE=300 IGD=5.586812 saved
[584/892] KRVEA_100 WFG1 M20 run 23 FE=300 IGD=5.7016133 saved
[585/892] KRVEA_100 WFG1 M20 run 24 FE=300 IGD=5.7173658 saved
[586/892] KRVEA_100 WFG1 M20 run 25 FE=300 IGD=5.6851872 saved
[587/892] KRVEA_100 WFG1 M20 run 21 FE=300 IGD=5.6056647 saved
[588/892] KRVEA_100 WFG1 M20 run 22 FE=300 IGD=5.6609041 saved
[589/892] MCEAD WFG1 M20 run 20 FE=300 IGD=5.7953811 saved
[590/892] MCEAD WFG1 M20 run 19 FE=300 IGD=5.7665571 saved
[591/892] KRVEA_100 WFG1 M20 run 29 FE=300 IGD=5.5852608 saved
[592/892] KRVEA_100 WFG1 M20 run 27 FE=300 IGD=5.6035677 saved
[593/892] KRVEA_100 WFG1 M20 run 28 FE=300 IGD=5.6503075 saved
[594/892] KRVEA_100 WFG1 M20 run 30 FE=300 IGD=5.6131099 saved
[595/892] MCEAD WFG1 M20 run 24 FE=300 IGD=5.7962843 saved
[596/892] MCEAD WFG1 M20 run 25 FE=300 IGD=5.7241678 saved
[597/892] MCEAD WFG1 M20 run 26 FE=300 IGD=5.8213654 saved
[598/892] MCEAD WFG1 M20 run 22 FE=300 IGD=5.85392 saved
[599/892] MCEAD WFG1 M20 run 23 FE=300 IGD=5.7394763 saved
[600/892] MCEAD WFG1 M20 run 21 FE=300 IGD=5.769572 saved
[601/892] MCEAD WFG1 M20 run 29 FE=300 IGD=5.711234 saved
[602/892] MCEAD WFG1 M20 run 30 FE=300 IGD=5.7543958 saved
[603/892] MCEAD WFG1 M20 run 28 FE=300 IGD=5.7440912 saved
[604/892] MCEAD WFG1 M20 run 27 FE=300 IGD=5.8192145 saved
[605/892] PCSAEA_N100 WFG2 M20 run 20 FE=300 IGD=7.3839101 saved
[606/892] PCSAEA_N100 WFG2 M20 run 19 FE=300 IGD=10.040037 saved
[607/892] PCSAEA_N100 WFG2 M20 run 26 FE=300 IGD=7.1939855 saved
[608/892] PCSAEA_N100 WFG2 M20 run 22 FE=300 IGD=7.6613812 saved
[609/892] PCSAEA_N100 WFG2 M20 run 24 FE=300 IGD=7.5485993 saved
[610/892] PCSAEA_N100 WFG2 M20 run 23 FE=300 IGD=8.5649945 saved
[611/892] PCSAEA_N100 WFG2 M20 run 25 FE=300 IGD=8.8228848 saved
[612/892] PCSAEA_N100 WFG2 M20 run 21 FE=300 IGD=9.6315039 saved
[613/892] PCSAEA_N100 WFG2 M20 run 30 FE=300 IGD=8.7112043 saved
[614/892] PCSAEA_N100 WFG2 M20 run 27 FE=300 IGD=9.6633483 saved
[615/892] PCSAEA_N100 WFG2 M20 run 29 FE=300 IGD=7.3205419 saved
[616/892] PCSAEA_N100 WFG2 M20 run 28 FE=300 IGD=6.4717216 saved
[617/892] KRVEA_100 WFG2 M20 run 20 FE=300 IGD=4.7674728 saved
[618/892] KRVEA_100 WFG2 M20 run 19 FE=300 IGD=5.3416337 saved
[619/892] KRVEA_100 WFG2 M20 run 26 FE=300 IGD=4.3686324 saved
[620/892] KRVEA_100 WFG2 M20 run 24 FE=300 IGD=4.7106887 saved
[621/892] KRVEA_100 WFG2 M20 run 23 FE=300 IGD=3.948405 saved
[622/892] KRVEA_100 WFG2 M20 run 25 FE=300 IGD=5.1096602 saved
[623/892] KRVEA_100 WFG2 M20 run 22 FE=300 IGD=4.2419679 saved
[624/892] KRVEA_100 WFG2 M20 run 21 FE=300 IGD=5.6315263 saved
[625/892] MCEAD WFG2 M20 run 20 FE=300 IGD=6.873989 saved
[626/892] MCEAD WFG2 M20 run 19 FE=300 IGD=7.3716365 saved
[627/892] KRVEA_100 WFG2 M20 run 30 FE=300 IGD=4.662329 saved
[628/892] KRVEA_100 WFG2 M20 run 29 FE=300 IGD=4.4925545 saved
[629/892] KRVEA_100 WFG2 M20 run 27 FE=300 IGD=4.7025118 saved
[630/892] KRVEA_100 WFG2 M20 run 28 FE=300 IGD=4.4519582 saved
[631/892] MCEAD WFG2 M20 run 25 FE=300 IGD=11.494688 saved
[632/892] MCEAD WFG2 M20 run 23 FE=300 IGD=10.555834 saved
[633/892] MCEAD WFG2 M20 run 24 FE=300 IGD=7.2530878 saved
[634/892] MCEAD WFG2 M20 run 26 FE=300 IGD=6.0079374 saved
[635/892] MCEAD WFG2 M20 run 21 FE=300 IGD=6.9810668 saved
[636/892] MCEAD WFG2 M20 run 22 FE=300 IGD=7.4672416 saved
[637/892] MCEAD WFG2 M20 run 30 FE=300 IGD=6.42494 saved
[638/892] MCEAD WFG2 M20 run 27 FE=300 IGD=8.6158057 saved
[639/892] MCEAD WFG2 M20 run 29 FE=300 IGD=4.8181457 saved
[640/892] MCEAD WFG2 M20 run 28 FE=300 IGD=5.1337654 saved
[641/892] PCSAEA_N100 WFG3 M20 run 20 FE=300 IGD=2.8368301 saved
[642/892] PCSAEA_N100 WFG3 M20 run 19 FE=300 IGD=2.4663311 saved
[643/892] PCSAEA_N100 WFG3 M20 run 26 FE=300 IGD=2.5369342 saved
[644/892] PCSAEA_N100 WFG3 M20 run 24 FE=300 IGD=2.6911041 saved
[645/892] PCSAEA_N100 WFG3 M20 run 22 FE=300 IGD=2.6121349 saved
[646/892] PCSAEA_N100 WFG3 M20 run 21 FE=300 IGD=2.6819064 saved
[647/892] PCSAEA_N100 WFG3 M20 run 25 FE=300 IGD=2.6139966 saved
[648/892] PCSAEA_N100 WFG3 M20 run 23 FE=300 IGD=2.4681845 saved
[649/892] PCSAEA_N100 WFG3 M20 run 30 FE=300 IGD=2.5460656 saved
[650/892] PCSAEA_N100 WFG3 M20 run 28 FE=300 IGD=2.5658651 saved
[651/892] PCSAEA_N100 WFG3 M20 run 27 FE=300 IGD=2.6152221 saved
[652/892] PCSAEA_N100 WFG3 M20 run 29 FE=300 IGD=2.5491277 saved
[653/892] KRVEA_100 WFG3 M20 run 19 FE=300 IGD=2.6450302 saved
[654/892] KRVEA_100 WFG3 M20 run 20 FE=300 IGD=3.1024154 saved
[655/892] KRVEA_100 WFG3 M20 run 24 FE=300 IGD=2.878095 saved
[656/892] KRVEA_100 WFG3 M20 run 26 FE=300 IGD=2.8327796 saved
[657/892] KRVEA_100 WFG3 M20 run 23 FE=300 IGD=2.7395974 saved
[658/892] KRVEA_100 WFG3 M20 run 21 FE=300 IGD=2.8837004 saved
[659/892] KRVEA_100 WFG3 M20 run 22 FE=300 IGD=2.7431734 saved
[660/892] KRVEA_100 WFG3 M20 run 25 FE=300 IGD=2.902655 saved
[661/892] MCEAD WFG3 M20 run 20 FE=300 IGD=2.4502086 saved
[662/892] MCEAD WFG3 M20 run 19 FE=300 IGD=1.9366379 saved
[663/892] KRVEA_100 WFG3 M20 run 29 FE=300 IGD=2.924236 saved
[664/892] KRVEA_100 WFG3 M20 run 30 FE=300 IGD=2.8156897 saved
[665/892] KRVEA_100 WFG3 M20 run 28 FE=300 IGD=2.7070682 saved
[666/892] KRVEA_100 WFG3 M20 run 27 FE=300 IGD=2.8989867 saved
[667/892] MCEAD WFG3 M20 run 25 FE=300 IGD=1.9883619 saved
[668/892] MCEAD WFG3 M20 run 26 FE=300 IGD=2.1118865 saved
[669/892] MCEAD WFG3 M20 run 22 FE=300 IGD=1.9934759 saved
[670/892] MCEAD WFG3 M20 run 24 FE=300 IGD=2.1735899 saved
[671/892] MCEAD WFG3 M20 run 21 FE=300 IGD=2.3404016 saved
[672/892] MCEAD WFG3 M20 run 23 FE=300 IGD=2.0008444 saved
[673/892] MCEAD WFG3 M20 run 29 FE=300 IGD=1.8950863 saved
[674/892] MCEAD WFG3 M20 run 27 FE=300 IGD=1.8553414 saved
[675/892] MCEAD WFG3 M20 run 30 FE=300 IGD=1.7545538 saved
[676/892] MCEAD WFG3 M20 run 28 FE=300 IGD=2.0985502 saved
[677/892] PCSAEA_N100 WFG4 M20 run 19 FE=300 IGD=27.937803 saved
[678/892] PCSAEA_N100 WFG4 M20 run 20 FE=300 IGD=29.853791 saved
[679/892] PCSAEA_N100 WFG4 M20 run 26 FE=300 IGD=27.75842 saved
[680/892] PCSAEA_N100 WFG4 M20 run 24 FE=300 IGD=28.541519 saved
[681/892] PCSAEA_N100 WFG4 M20 run 21 FE=300 IGD=29.222364 saved
[682/892] PCSAEA_N100 WFG4 M20 run 22 FE=300 IGD=28.389285 saved
[683/892] PCSAEA_N100 WFG4 M20 run 23 FE=300 IGD=27.981674 saved
[684/892] PCSAEA_N100 WFG4 M20 run 25 FE=300 IGD=27.532171 saved
[685/892] PCSAEA_N100 WFG4 M20 run 29 FE=300 IGD=30.926969 saved
[686/892] PCSAEA_N100 WFG4 M20 run 28 FE=300 IGD=28.565702 saved
[687/892] PCSAEA_N100 WFG4 M20 run 30 FE=300 IGD=29.396738 saved
[688/892] PCSAEA_N100 WFG4 M20 run 27 FE=300 IGD=27.763544 saved
[689/892] KRVEA_100 WFG4 M20 run 20 FE=300 IGD=24.956307 saved
[690/892] KRVEA_100 WFG4 M20 run 19 FE=300 IGD=24.419838 saved
[691/892] KRVEA_100 WFG4 M20 run 23 FE=300 IGD=24.671195 saved
[692/892] KRVEA_100 WFG4 M20 run 22 FE=300 IGD=26.064138 saved
[693/892] KRVEA_100 WFG4 M20 run 24 FE=300 IGD=26.804076 saved
[694/892] KRVEA_100 WFG4 M20 run 21 FE=300 IGD=27.722366 saved
[695/892] KRVEA_100 WFG4 M20 run 25 FE=300 IGD=23.636081 saved
[696/892] KRVEA_100 WFG4 M20 run 26 FE=300 IGD=25.777488 saved
[697/892] MCEAD WFG4 M20 run 20 FE=300 IGD=17.877724 saved
[698/892] MCEAD WFG4 M20 run 19 FE=300 IGD=20.456152 saved
[699/892] KRVEA_100 WFG4 M20 run 27 FE=300 IGD=25.673172 saved
[700/892] KRVEA_100 WFG4 M20 run 30 FE=300 IGD=25.227662 saved
[701/892] KRVEA_100 WFG4 M20 run 28 FE=300 IGD=25.152027 saved
[702/892] KRVEA_100 WFG4 M20 run 29 FE=300 IGD=25.251459 saved
[703/892] MCEAD WFG4 M20 run 22 FE=300 IGD=21.384532 saved
[704/892] MCEAD WFG4 M20 run 26 FE=300 IGD=19.802678 saved
[705/892] MCEAD WFG4 M20 run 23 FE=300 IGD=16.390654 saved
[706/892] MCEAD WFG4 M20 run 25 FE=300 IGD=23.724651 saved
[707/892] MCEAD WFG4 M20 run 21 FE=300 IGD=22.95335 saved
[708/892] MCEAD WFG4 M20 run 24 FE=300 IGD=17.182637 saved
[709/892] MCEAD WFG4 M20 run 28 FE=300 IGD=26.540732 saved
[710/892] MCEAD WFG4 M20 run 30 FE=300 IGD=15.970718 saved
[711/892] MCEAD WFG4 M20 run 27 FE=300 IGD=21.987017 saved
[712/892] MCEAD WFG4 M20 run 29 FE=300 IGD=19.892509 saved
[713/892] PCSAEA_N100 WFG5 M20 run 20 FE=300 IGD=24.643222 saved
[714/892] PCSAEA_N100 WFG5 M20 run 19 FE=300 IGD=23.928321 saved
[715/892] PCSAEA_N100 WFG5 M20 run 24 FE=300 IGD=25.513572 saved
[716/892] PCSAEA_N100 WFG5 M20 run 26 FE=300 IGD=22.363626 saved
[717/892] PCSAEA_N100 WFG5 M20 run 25 FE=300 IGD=23.514066 saved
[718/892] PCSAEA_N100 WFG5 M20 run 21 FE=300 IGD=22.812113 saved
[719/892] PCSAEA_N100 WFG5 M20 run 22 FE=300 IGD=24.22115 saved
[720/892] PCSAEA_N100 WFG5 M20 run 23 FE=300 IGD=23.537006 saved
[721/892] PCSAEA_N100 WFG5 M20 run 30 FE=300 IGD=23.843873 saved
[722/892] PCSAEA_N100 WFG5 M20 run 28 FE=300 IGD=23.154453 saved
[723/892] PCSAEA_N100 WFG5 M20 run 27 FE=300 IGD=23.748021 saved
[724/892] PCSAEA_N100 WFG5 M20 run 29 FE=300 IGD=24.366319 saved
[725/892] KRVEA_100 WFG5 M20 run 20 FE=300 IGD=21.598258 saved
[726/892] KRVEA_100 WFG5 M20 run 19 FE=300 IGD=21.517344 saved
[727/892] KRVEA_100 WFG5 M20 run 22 FE=300 IGD=23.86131 saved
[728/892] KRVEA_100 WFG5 M20 run 21 FE=300 IGD=22.159638 saved
[729/892] KRVEA_100 WFG5 M20 run 24 FE=300 IGD=20.888421 saved
[730/892] KRVEA_100 WFG5 M20 run 25 FE=300 IGD=17.736277 saved
[731/892] KRVEA_100 WFG5 M20 run 23 FE=300 IGD=22.417011 saved
[732/892] KRVEA_100 WFG5 M20 run 26 FE=300 IGD=19.537248 saved
[733/892] MCEAD WFG5 M20 run 19 FE=300 IGD=23.347642 saved
[734/892] MCEAD WFG5 M20 run 20 FE=300 IGD=23.339396 saved
[735/892] KRVEA_100 WFG5 M20 run 27 FE=300 IGD=21.579242 saved
[736/892] KRVEA_100 WFG5 M20 run 28 FE=300 IGD=22.531645 saved
[737/892] KRVEA_100 WFG5 M20 run 29 FE=300 IGD=21.178105 saved
[738/892] KRVEA_100 WFG5 M20 run 30 FE=300 IGD=24.582552 saved
[739/892] MCEAD WFG5 M20 run 23 FE=300 IGD=23.832698 saved
[740/892] MCEAD WFG5 M20 run 24 FE=300 IGD=22.431114 saved
[741/892] MCEAD WFG5 M20 run 26 FE=300 IGD=23.844615 saved
[742/892] MCEAD WFG5 M20 run 22 FE=300 IGD=23.942574 saved
[743/892] MCEAD WFG5 M20 run 21 FE=300 IGD=22.429003 saved
[744/892] MCEAD WFG5 M20 run 25 FE=300 IGD=23.05532 saved
[745/892] MCEAD WFG5 M20 run 28 FE=300 IGD=23.605766 saved
[746/892] MCEAD WFG5 M20 run 30 FE=300 IGD=24.017459 saved
[747/892] MCEAD WFG5 M20 run 27 FE=300 IGD=23.930099 saved
[748/892] MCEAD WFG5 M20 run 29 FE=300 IGD=21.329146 saved
[749/892] PCSAEA_N100 WFG6 M20 run 20 FE=300 IGD=25.185902 saved
[750/892] PCSAEA_N100 WFG6 M20 run 19 FE=300 IGD=25.297432 saved
[751/892] PCSAEA_N100 WFG6 M20 run 26 FE=300 IGD=24.671525 saved
[752/892] PCSAEA_N100 WFG6 M20 run 24 FE=300 IGD=24.650886 saved
[753/892] PCSAEA_N100 WFG6 M20 run 21 FE=300 IGD=23.844904 saved
[754/892] PCSAEA_N100 WFG6 M20 run 25 FE=300 IGD=25.589185 saved
[755/892] PCSAEA_N100 WFG6 M20 run 22 FE=300 IGD=23.494256 saved
[756/892] PCSAEA_N100 WFG6 M20 run 23 FE=300 IGD=24.771955 saved
[757/892] PCSAEA_N100 WFG6 M20 run 30 FE=300 IGD=26.580648 saved
[758/892] PCSAEA_N100 WFG6 M20 run 28 FE=300 IGD=25.155532 saved
[759/892] PCSAEA_N100 WFG6 M20 run 29 FE=300 IGD=25.04763 saved
[760/892] PCSAEA_N100 WFG6 M20 run 27 FE=300 IGD=25.28424 saved
[761/892] KRVEA_100 WFG6 M20 run 19 FE=300 IGD=20.036597 saved
[762/892] KRVEA_100 WFG6 M20 run 20 FE=300 IGD=22.248939 saved
[763/892] KRVEA_100 WFG6 M20 run 25 FE=300 IGD=23.88976 saved
[764/892] KRVEA_100 WFG6 M20 run 23 FE=300 IGD=23.370766 saved
[765/892] KRVEA_100 WFG6 M20 run 24 FE=300 IGD=20.492351 saved
[766/892] KRVEA_100 WFG6 M20 run 21 FE=300 IGD=22.722128 saved
[767/892] KRVEA_100 WFG6 M20 run 22 FE=300 IGD=19.445909 saved
[768/892] KRVEA_100 WFG6 M20 run 26 FE=300 IGD=20.65465 saved
[769/892] MCEAD WFG6 M20 run 20 FE=300 IGD=25.79555 saved
[770/892] MCEAD WFG6 M20 run 19 FE=300 IGD=26.846387 saved
[771/892] KRVEA_100 WFG6 M20 run 29 FE=300 IGD=20.339418 saved
[772/892] KRVEA_100 WFG6 M20 run 30 FE=300 IGD=21.998759 saved
[773/892] KRVEA_100 WFG6 M20 run 27 FE=300 IGD=20.927073 saved
[774/892] KRVEA_100 WFG6 M20 run 28 FE=300 IGD=21.713122 saved
[775/892] MCEAD WFG6 M20 run 23 FE=300 IGD=22.202183 saved
[776/892] MCEAD WFG6 M20 run 26 FE=300 IGD=28.129249 saved
[777/892] MCEAD WFG6 M20 run 25 FE=300 IGD=23.820128 saved
[778/892] MCEAD WFG6 M20 run 24 FE=300 IGD=23.632906 saved
[779/892] MCEAD WFG6 M20 run 21 FE=300 IGD=26.582061 saved
[780/892] MCEAD WFG6 M20 run 22 FE=300 IGD=26.297973 saved
[781/892] MCEAD WFG6 M20 run 27 FE=300 IGD=23.319831 saved
[782/892] MCEAD WFG6 M20 run 28 FE=300 IGD=25.37069 saved
[783/892] MCEAD WFG6 M20 run 29 FE=300 IGD=26.270353 saved
[784/892] MCEAD WFG6 M20 run 30 FE=300 IGD=25.75111 saved
[785/892] PCSAEA_N100 WFG7 M20 run 20 FE=300 IGD=24.432479 saved
[786/892] PCSAEA_N100 WFG7 M20 run 19 FE=300 IGD=25.345259 saved
[787/892] PCSAEA_N100 WFG7 M20 run 24 FE=300 IGD=24.64459 saved
[788/892] PCSAEA_N100 WFG7 M20 run 21 FE=300 IGD=27.221063 saved
[789/892] PCSAEA_N100 WFG7 M20 run 25 FE=300 IGD=25.89024 saved
[790/892] PCSAEA_N100 WFG7 M20 run 26 FE=300 IGD=26.356335 saved
[791/892] PCSAEA_N100 WFG7 M20 run 23 FE=300 IGD=25.555665 saved
[792/892] PCSAEA_N100 WFG7 M20 run 22 FE=300 IGD=27.417468 saved
[793/892] PCSAEA_N100 WFG7 M20 run 29 FE=300 IGD=25.617685 saved
[794/892] PCSAEA_N100 WFG7 M20 run 30 FE=300 IGD=24.563081 saved
[795/892] PCSAEA_N100 WFG7 M20 run 27 FE=300 IGD=26.833183 saved
[796/892] PCSAEA_N100 WFG7 M20 run 28 FE=300 IGD=26.350248 saved
[797/892] KRVEA_100 WFG7 M20 run 20 FE=300 IGD=26.527133 saved
[798/892] KRVEA_100 WFG7 M20 run 19 FE=300 IGD=27.276895 saved
[799/892] KRVEA_100 WFG7 M20 run 24 FE=300 IGD=27.125135 saved
[800/892] KRVEA_100 WFG7 M20 run 26 FE=300 IGD=27.221865 saved
[801/892] KRVEA_100 WFG7 M20 run 21 FE=300 IGD=27.389613 saved
[802/892] KRVEA_100 WFG7 M20 run 22 FE=300 IGD=27.839558 saved
[803/892] KRVEA_100 WFG7 M20 run 25 FE=300 IGD=25.864692 saved
[804/892] KRVEA_100 WFG7 M20 run 23 FE=300 IGD=27.237367 saved
[805/892] MCEAD WFG7 M20 run 19 FE=300 IGD=26.887282 saved
[806/892] MCEAD WFG7 M20 run 20 FE=300 IGD=26.130966 saved
[807/892] KRVEA_100 WFG7 M20 run 29 FE=300 IGD=25.248655 saved
[808/892] KRVEA_100 WFG7 M20 run 30 FE=300 IGD=27.140932 saved
[809/892] KRVEA_100 WFG7 M20 run 27 FE=300 IGD=24.471474 saved
[810/892] KRVEA_100 WFG7 M20 run 28 FE=300 IGD=27.981914 saved
[811/892] MCEAD WFG7 M20 run 24 FE=300 IGD=24.990203 saved
[812/892] MCEAD WFG7 M20 run 26 FE=300 IGD=24.350344 saved
[813/892] MCEAD WFG7 M20 run 23 FE=300 IGD=27.368511 saved
[814/892] MCEAD WFG7 M20 run 25 FE=300 IGD=27.26305 saved
[815/892] MCEAD WFG7 M20 run 22 FE=300 IGD=30.718088 saved
[816/892] MCEAD WFG7 M20 run 21 FE=300 IGD=26.63994 saved
[817/892] MCEAD WFG7 M20 run 28 FE=300 IGD=26.111671 saved
[818/892] MCEAD WFG7 M20 run 30 FE=300 IGD=28.343583 saved
[819/892] MCEAD WFG7 M20 run 29 FE=300 IGD=27.325205 saved
[820/892] MCEAD WFG7 M20 run 27 FE=300 IGD=24.319715 saved
[821/892] PCSAEA_N100 WFG8 M20 run 20 FE=300 IGD=24.583675 saved
[822/892] PCSAEA_N100 WFG8 M20 run 19 FE=300 IGD=25.13118 saved
[823/892] PCSAEA_N100 WFG8 M20 run 24 FE=300 IGD=25.146141 saved
[824/892] PCSAEA_N100 WFG8 M20 run 22 FE=300 IGD=24.245045 saved
[825/892] PCSAEA_N100 WFG8 M20 run 21 FE=300 IGD=26.67189 saved
[826/892] PCSAEA_N100 WFG8 M20 run 23 FE=300 IGD=24.682195 saved
[827/892] PCSAEA_N100 WFG8 M20 run 26 FE=300 IGD=25.673703 saved
[828/892] PCSAEA_N100 WFG8 M20 run 25 FE=300 IGD=24.806604 saved
[829/892] PCSAEA_N100 WFG8 M20 run 28 FE=300 IGD=25.856741 saved
[830/892] PCSAEA_N100 WFG8 M20 run 30 FE=300 IGD=25.042329 saved
[831/892] PCSAEA_N100 WFG8 M20 run 27 FE=300 IGD=25.817335 saved
[832/892] PCSAEA_N100 WFG8 M20 run 29 FE=300 IGD=23.975238 saved
[833/892] KRVEA_100 WFG8 M20 run 20 FE=300 IGD=25.218429 saved
[834/892] KRVEA_100 WFG8 M20 run 19 FE=300 IGD=20.92069 saved
[835/892] KRVEA_100 WFG8 M20 run 21 FE=300 IGD=23.268347 saved
[836/892] KRVEA_100 WFG8 M20 run 23 FE=300 IGD=22.408196 saved
[837/892] KRVEA_100 WFG8 M20 run 24 FE=300 IGD=22.425678 saved
[838/892] KRVEA_100 WFG8 M20 run 22 FE=300 IGD=21.819098 saved
[839/892] KRVEA_100 WFG8 M20 run 25 FE=300 IGD=25.816004 saved
[840/892] KRVEA_100 WFG8 M20 run 26 FE=300 IGD=22.729679 saved
[841/892] MCEAD WFG8 M20 run 19 FE=300 IGD=23.047487 saved
[842/892] MCEAD WFG8 M20 run 20 FE=300 IGD=26.272684 saved
[843/892] KRVEA_100 WFG8 M20 run 27 FE=300 IGD=22.393379 saved
[844/892] KRVEA_100 WFG8 M20 run 28 FE=300 IGD=22.481565 saved
[845/892] KRVEA_100 WFG8 M20 run 30 FE=300 IGD=20.410802 saved
[846/892] KRVEA_100 WFG8 M20 run 29 FE=300 IGD=23.080846 saved
[847/892] MCEAD WFG8 M20 run 22 FE=300 IGD=24.407922 saved
[848/892] MCEAD WFG8 M20 run 25 FE=300 IGD=26.688202 saved
[849/892] MCEAD WFG8 M20 run 23 FE=300 IGD=27.604335 saved
[850/892] MCEAD WFG8 M20 run 26 FE=300 IGD=25.079432 saved
[851/892] MCEAD WFG8 M20 run 21 FE=300 IGD=23.483558 saved
[852/892] MCEAD WFG8 M20 run 24 FE=300 IGD=26.821839 saved
[853/892] MCEAD WFG8 M20 run 30 FE=300 IGD=25.930825 saved
[854/892] MCEAD WFG8 M20 run 29 FE=300 IGD=22.552658 saved
[855/892] MCEAD WFG8 M20 run 28 FE=300 IGD=26.202062 saved
[856/892] MCEAD WFG8 M20 run 27 FE=300 IGD=23.443628 saved
[857/892] PCSAEA_N100 WFG9 M20 run 20 FE=300 IGD=26.544357 saved
[858/892] PCSAEA_N100 WFG9 M20 run 19 FE=300 IGD=25.702615 saved
[859/892] PCSAEA_N100 WFG9 M20 run 24 FE=300 IGD=26.441627 saved
[860/892] PCSAEA_N100 WFG9 M20 run 26 FE=300 IGD=26.310825 saved
[861/892] PCSAEA_N100 WFG9 M20 run 23 FE=300 IGD=25.177455 saved
[862/892] PCSAEA_N100 WFG9 M20 run 21 FE=300 IGD=25.784676 saved
[863/892] PCSAEA_N100 WFG9 M20 run 22 FE=300 IGD=27.319392 saved
[864/892] PCSAEA_N100 WFG9 M20 run 25 FE=300 IGD=24.868238 saved
[865/892] PCSAEA_N100 WFG9 M20 run 29 FE=300 IGD=25.105271 saved
[866/892] PCSAEA_N100 WFG9 M20 run 27 FE=300 IGD=25.71368 saved
[867/892] PCSAEA_N100 WFG9 M20 run 30 FE=300 IGD=25.025048 saved
[868/892] PCSAEA_N100 WFG9 M20 run 28 FE=300 IGD=22.985081 saved
[869/892] KRVEA_100 WFG9 M20 run 19 FE=300 IGD=26.289615 saved
[870/892] KRVEA_100 WFG9 M20 run 20 FE=300 IGD=28.603614 saved
[871/892] KRVEA_100 WFG9 M20 run 25 FE=300 IGD=26.466834 saved
[872/892] KRVEA_100 WFG9 M20 run 23 FE=300 IGD=24.885906 saved
[873/892] KRVEA_100 WFG9 M20 run 24 FE=300 IGD=26.736307 saved
[874/892] KRVEA_100 WFG9 M20 run 21 FE=300 IGD=25.590874 saved
[875/892] KRVEA_100 WFG9 M20 run 26 FE=300 IGD=28.330811 saved
[876/892] KRVEA_100 WFG9 M20 run 22 FE=300 IGD=26.837822 saved
[877/892] MCEAD WFG9 M20 run 20 FE=300 IGD=22.266096 saved
[878/892] MCEAD WFG9 M20 run 19 FE=300 IGD=25.695235 saved
[879/892] KRVEA_100 WFG9 M20 run 29 FE=300 IGD=27.959753 saved
[880/892] KRVEA_100 WFG9 M20 run 28 FE=300 IGD=24.410087 saved
[881/892] KRVEA_100 WFG9 M20 run 30 FE=300 IGD=25.292422 saved
[882/892] KRVEA_100 WFG9 M20 run 27 FE=300 IGD=25.65911 saved
[883/892] MCEAD WFG9 M20 run 25 FE=300 IGD=21.123368 saved
[884/892] MCEAD WFG9 M20 run 21 FE=300 IGD=23.902159 saved
[885/892] MCEAD WFG9 M20 run 24 FE=300 IGD=25.860698 saved
[886/892] MCEAD WFG9 M20 run 26 FE=300 IGD=26.219674 saved
[887/892] MCEAD WFG9 M20 run 22 FE=300 IGD=23.073746 saved
[888/892] MCEAD WFG9 M20 run 23 FE=300 IGD=23.934168 saved
[889/892] MCEAD WFG9 M20 run 27 FE=300 IGD=23.694266 saved
[890/892] MCEAD WFG9 M20 run 30 FE=300 IGD=22.479197 saved
[891/892] MCEAD WFG9 M20 run 29 FE=300 IGD=23.551207 saved
[892/892] MCEAD WFG9 M20 run 28 FE=300 IGD=19.547794 saved
Finished: 892 successful; 0 failed. Rerun the same command to retry missing runs.
