Starting parallel pool (parpool) using the 'Processes' profile ...
Connected to parallel pool with 2 workers.
Pool has 2 workers; this runner uses at most 2.
[1/2208] PCSAEA_N100 DTLZ1 M10 run 20 FE=300 IGD=358.18844 saved
[2/2208] PCSAEA_N100 DTLZ1 M10 run 19 FE=300 IGD=428.61374 saved
[3/2208] PCSAEA_N100 DTLZ1 M10 run 22 FE=300 IGD=336.4649 saved
[4/2208] PCSAEA_N100 DTLZ1 M10 run 21 FE=300 IGD=383.16146 saved
[5/2208] PCSAEA_N100 DTLZ1 M10 run 24 FE=300 IGD=316.56214 saved
[6/2208] PCSAEA_N100 DTLZ1 M10 run 23 FE=300 IGD=311.81908 saved
[7/2208] PCSAEA_N100 DTLZ1 M10 run 25 FE=300 IGD=321.34141 saved
[8/2208] PCSAEA_N100 DTLZ1 M10 run 26 FE=300 IGD=371.23986 saved
[9/2208] PCSAEA_N100 DTLZ1 M10 run 27 FE=300 IGD=386.67836 saved
[10/2208] PCSAEA_N100 DTLZ1 M10 run 28 FE=300 IGD=278.50715 saved
[11/2208] PCSAEA_N100 DTLZ1 M10 run 30 FE=300 IGD=350.47632 saved
[12/2208] PCSAEA_N100 DTLZ1 M10 run 29 FE=300 IGD=433.91581 saved
[13/2208] KRVEA_100 DTLZ1 M10 run 20 FE=300 IGD=289.2644 saved
[14/2208] KRVEA_100 DTLZ1 M10 run 19 FE=300 IGD=249.67467 saved
[15/2208] KRVEA_100 DTLZ1 M10 run 22 FE=300 IGD=301.8341 saved
[16/2208] KRVEA_100 DTLZ1 M10 run 21 FE=300 IGD=314.85645 saved
[17/2208] KRVEA_100 DTLZ1 M10 run 24 FE=300 IGD=313.64569 saved
[18/2208] KRVEA_100 DTLZ1 M10 run 23 FE=300 IGD=245.82514 saved
[19/2208] KRVEA_100 DTLZ1 M10 run 25 FE=300 IGD=239.51864 saved
[20/2208] KRVEA_100 DTLZ1 M10 run 26 FE=300 IGD=252.46837 saved
[21/2208] KRVEA_100 DTLZ1 M10 run 27 FE=300 IGD=271.67178 saved
[22/2208] KRVEA_100 DTLZ1 M10 run 28 FE=300 IGD=264.02215 saved
[23/2208] KRVEA_100 DTLZ1 M10 run 30 FE=300 IGD=312.76473 saved
[24/2208] KRVEA_100 DTLZ1 M10 run 29 FE=300 IGD=299.86933 saved
[25/2208] REMO_new2_AdaMaO_SDEOnly_UniformMix_Pruned_Weighted DTLZ1 M10 run 20 FE=300 IGD=279.23954 saved
[26/2208] REMO_new2_AdaMaO_SDEOnly_UniformMix_Pruned_Weighted DTLZ1 M10 run 19 FE=300 IGD=269.6879 saved
[27/2208] REMO_new2_AdaMaO_SDEOnly_UniformMix_Pruned_Weighted DTLZ1 M10 run 22 FE=300 IGD=200.10982 saved
[28/2208] REMO_new2_AdaMaO_SDEOnly_UniformMix_Pruned_Weighted DTLZ1 M10 run 21 FE=300 IGD=148.0638 saved
[29/2208] REMO_new2_AdaMaO_SDEOnly_UniformMix_Pruned_Weighted DTLZ1 M10 run 23 FE=300 IGD=229.33833 saved
[30/2208] REMO_new2_AdaMaO_SDEOnly_UniformMix_Pruned_Weighted DTLZ1 M10 run 24 FE=300 IGD=258.9048 saved
[31/2208] REMO_new2_AdaMaO_SDEOnly_UniformMix_Pruned_Weighted DTLZ1 M10 run 25 FE=300 IGD=237.91044 saved
[32/2208] REMO_new2_AdaMaO_SDEOnly_UniformMix_Pruned_Weighted DTLZ1 M10 run 26 FE=300 IGD=260.99051 saved
[33/2208] REMO_new2_AdaMaO_SDEOnly_UniformMix_Pruned_Weighted DTLZ1 M10 run 27 FE=300 IGD=172.35208 saved
[34/2208] REMO_new2_AdaMaO_SDEOnly_UniformMix_Pruned_Weighted DTLZ1 M10 run 28 FE=300 IGD=228.72219 saved
[35/2208] REMO_new2_AdaMaO_SDEOnly_UniformMix_Pruned_Weighted DTLZ1 M10 run 30 FE=300 IGD=207.0875 saved
[36/2208] REMO_new2_AdaMaO_SDEOnly_UniformMix_Pruned_Weighted DTLZ1 M10 run 29 FE=300 IGD=184.16307 saved
[37/2208] PCSAEA_N100 DTLZ2 M10 run 20 FE=300 IGD=1.5535349 saved
[38/2208] PCSAEA_N100 DTLZ2 M10 run 19 FE=300 IGD=1.5172205 saved
[39/2208] PCSAEA_N100 DTLZ2 M10 run 21 FE=300 IGD=1.4979479 saved
[40/2208] PCSAEA_N100 DTLZ2 M10 run 22 FE=300 IGD=1.5695191 saved
[41/2208] PCSAEA_N100 DTLZ2 M10 run 23 FE=300 IGD=1.5920392 saved
[42/2208] PCSAEA_N100 DTLZ2 M10 run 24 FE=300 IGD=1.5697325 saved
[43/2208] PCSAEA_N100 DTLZ2 M10 run 25 FE=300 IGD=1.4452475 saved
[44/2208] PCSAEA_N100 DTLZ2 M10 run 26 FE=300 IGD=1.4884073 saved
[45/2208] PCSAEA_N100 DTLZ2 M10 run 27 FE=300 IGD=1.54831 saved
[46/2208] PCSAEA_N100 DTLZ2 M10 run 28 FE=300 IGD=1.5354862 saved
[47/2208] PCSAEA_N100 DTLZ2 M10 run 29 FE=300 IGD=1.5084176 saved
[48/2208] PCSAEA_N100 DTLZ2 M10 run 30 FE=300 IGD=1.5239048 saved
[49/2208] KRVEA_100 DTLZ2 M10 run 19 FE=300 IGD=1.6337428 saved
[50/2208] KRVEA_100 DTLZ2 M10 run 20 FE=300 IGD=1.3986494 saved
[51/2208] KRVEA_100 DTLZ2 M10 run 22 FE=300 IGD=1.4380298 saved
[52/2208] KRVEA_100 DTLZ2 M10 run 21 FE=300 IGD=1.4646619 saved
[53/2208] KRVEA_100 DTLZ2 M10 run 24 FE=300 IGD=1.2162322 saved
[54/2208] KRVEA_100 DTLZ2 M10 run 23 FE=300 IGD=1.4568102 saved
[55/2208] KRVEA_100 DTLZ2 M10 run 25 FE=300 IGD=1.4852755 saved
[56/2208] KRVEA_100 DTLZ2 M10 run 26 FE=300 IGD=1.437221 saved
[57/2208] KRVEA_100 DTLZ2 M10 run 27 FE=300 IGD=1.3350831 saved
[58/2208] KRVEA_100 DTLZ2 M10 run 28 FE=300 IGD=1.3637243 saved
[59/2208] KRVEA_100 DTLZ2 M10 run 29 FE=300 IGD=1.4244544 saved
[60/2208] KRVEA_100 DTLZ2 M10 run 30 FE=300 IGD=1.4625653 saved
[61/2208] REMO_new2_AdaMaO_SDEOnly_UniformMix_Pruned_Weighted DTLZ2 M10 run 19 FE=300 IGD=1.2768012 saved
[62/2208] REMO_new2_AdaMaO_SDEOnly_UniformMix_Pruned_Weighted DTLZ2 M10 run 20 FE=300 IGD=1.2498166 saved
[63/2208] REMO_new2_AdaMaO_SDEOnly_UniformMix_Pruned_Weighted DTLZ2 M10 run 22 FE=300 IGD=1.0380327 saved
[64/2208] REMO_new2_AdaMaO_SDEOnly_UniformMix_Pruned_Weighted DTLZ2 M10 run 21 FE=300 IGD=1.020436 saved
[65/2208] REMO_new2_AdaMaO_SDEOnly_UniformMix_Pruned_Weighted DTLZ2 M10 run 24 FE=300 IGD=1.311411 saved
[66/2208] REMO_new2_AdaMaO_SDEOnly_UniformMix_Pruned_Weighted DTLZ2 M10 run 23 FE=300 IGD=1.0322915 saved
[67/2208] REMO_new2_AdaMaO_SDEOnly_UniformMix_Pruned_Weighted DTLZ2 M10 run 25 FE=300 IGD=1.1957847 saved
[68/2208] REMO_new2_AdaMaO_SDEOnly_UniformMix_Pruned_Weighted DTLZ2 M10 run 26 FE=300 IGD=1.296122 saved
[69/2208] REMO_new2_AdaMaO_SDEOnly_UniformMix_Pruned_Weighted DTLZ2 M10 run 27 FE=300 IGD=1.1472184 saved
[70/2208] REMO_new2_AdaMaO_SDEOnly_UniformMix_Pruned_Weighted DTLZ2 M10 run 28 FE=300 IGD=1.2060102 saved
[71/2208] REMO_new2_AdaMaO_SDEOnly_UniformMix_Pruned_Weighted DTLZ2 M10 run 30 FE=300 IGD=1.1510867 saved
[72/2208] REMO_new2_AdaMaO_SDEOnly_UniformMix_Pruned_Weighted DTLZ2 M10 run 29 FE=300 IGD=1.2016303 saved
[73/2208] PCSAEA_N100 DTLZ3 M10 run 19 FE=300 IGD=1374.2932 saved
[74/2208] PCSAEA_N100 DTLZ3 M10 run 20 FE=300 IGD=1360.281 saved
[75/2208] PCSAEA_N100 DTLZ3 M10 run 21 FE=300 IGD=1009.415 saved
[76/2208] PCSAEA_N100 DTLZ3 M10 run 22 FE=300 IGD=1477.1183 saved
[77/2208] PCSAEA_N100 DTLZ3 M10 run 23 FE=300 IGD=1438.3704 saved
[78/2208] PCSAEA_N100 DTLZ3 M10 run 24 FE=300 IGD=1386.6349 saved
[79/2208] PCSAEA_N100 DTLZ3 M10 run 25 FE=300 IGD=1204.9447 saved
[80/2208] PCSAEA_N100 DTLZ3 M10 run 26 FE=300 IGD=1171.2103 saved
[81/2208] PCSAEA_N100 DTLZ3 M10 run 28 FE=300 IGD=1293.7121 saved
[82/2208] PCSAEA_N100 DTLZ3 M10 run 27 FE=300 IGD=1257.0482 saved
[83/2208] PCSAEA_N100 DTLZ3 M10 run 29 FE=300 IGD=1317.0071 saved
[84/2208] PCSAEA_N100 DTLZ3 M10 run 30 FE=300 IGD=1362.8279 saved
[85/2208] KRVEA_100 DTLZ3 M10 run 20 FE=300 IGD=1033.8527 saved
[86/2208] KRVEA_100 DTLZ3 M10 run 19 FE=300 IGD=1128.1944 saved
[87/2208] KRVEA_100 DTLZ3 M10 run 21 FE=300 IGD=1009.415 saved
[88/2208] KRVEA_100 DTLZ3 M10 run 22 FE=300 IGD=942.26529 saved
[89/2208] KRVEA_100 DTLZ3 M10 run 24 FE=300 IGD=1003.0248 saved
[90/2208] KRVEA_100 DTLZ3 M10 run 23 FE=300 IGD=1073.9648 saved
[91/2208] KRVEA_100 DTLZ3 M10 run 25 FE=300 IGD=1034.969 saved
[92/2208] KRVEA_100 DTLZ3 M10 run 26 FE=300 IGD=839.03618 saved
[93/2208] KRVEA_100 DTLZ3 M10 run 28 FE=300 IGD=841.07434 saved
[94/2208] KRVEA_100 DTLZ3 M10 run 27 FE=300 IGD=1168.0883 saved
[95/2208] KRVEA_100 DTLZ3 M10 run 29 FE=300 IGD=849.11993 saved
[96/2208] KRVEA_100 DTLZ3 M10 run 30 FE=300 IGD=970.51629 saved
[97/2208] REMO_new2_AdaMaO_SDEOnly_UniformMix_Pruned_Weighted DTLZ3 M10 run 19 FE=300 IGD=871.77075 saved
[98/2208] REMO_new2_AdaMaO_SDEOnly_UniformMix_Pruned_Weighted DTLZ3 M10 run 20 FE=300 IGD=777.60233 saved
[99/2208] REMO_new2_AdaMaO_SDEOnly_UniformMix_Pruned_Weighted DTLZ3 M10 run 22 FE=300 IGD=880.88627 saved
[100/2208] REMO_new2_AdaMaO_SDEOnly_UniformMix_Pruned_Weighted DTLZ3 M10 run 21 FE=300 IGD=999.78866 saved
[101/2208] REMO_new2_AdaMaO_SDEOnly_UniformMix_Pruned_Weighted DTLZ3 M10 run 24 FE=300 IGD=1031.762 saved
[102/2208] REMO_new2_AdaMaO_SDEOnly_UniformMix_Pruned_Weighted DTLZ3 M10 run 23 FE=300 IGD=804.93054 saved
[103/2208] REMO_new2_AdaMaO_SDEOnly_UniformMix_Pruned_Weighted DTLZ3 M10 run 26 FE=300 IGD=829.03742 saved
[104/2208] REMO_new2_AdaMaO_SDEOnly_UniformMix_Pruned_Weighted DTLZ3 M10 run 25 FE=300 IGD=1017.365 saved
[105/2208] REMO_new2_AdaMaO_SDEOnly_UniformMix_Pruned_Weighted DTLZ3 M10 run 28 FE=300 IGD=932.89271 saved
[106/2208] REMO_new2_AdaMaO_SDEOnly_UniformMix_Pruned_Weighted DTLZ3 M10 run 27 FE=300 IGD=770.50397 saved
[107/2208] REMO_new2_AdaMaO_SDEOnly_UniformMix_Pruned_Weighted DTLZ3 M10 run 29 FE=300 IGD=991.52471 saved
[108/2208] REMO_new2_AdaMaO_SDEOnly_UniformMix_Pruned_Weighted DTLZ3 M10 run 30 FE=300 IGD=1024.7751 saved
[109/2208] PCSAEA_N100 DTLZ4 M10 run 19 FE=300 IGD=1.7139916 saved
[110/2208] PCSAEA_N100 DTLZ4 M10 run 20 FE=300 IGD=1.6459075 saved
[111/2208] PCSAEA_N100 DTLZ4 M10 run 22 FE=300 IGD=1.6913954 saved
[112/2208] PCSAEA_N100 DTLZ4 M10 run 21 FE=300 IGD=1.6673056 saved
[113/2208] PCSAEA_N100 DTLZ4 M10 run 23 FE=300 IGD=1.667419 saved
[114/2208] PCSAEA_N100 DTLZ4 M10 run 24 FE=300 IGD=1.7573248 saved
[115/2208] PCSAEA_N100 DTLZ4 M10 run 26 FE=300 IGD=1.5914877 saved
[116/2208] PCSAEA_N100 DTLZ4 M10 run 25 FE=300 IGD=1.6678015 saved
[117/2208] PCSAEA_N100 DTLZ4 M10 run 27 FE=300 IGD=1.7776828 saved
[118/2208] PCSAEA_N100 DTLZ4 M10 run 28 FE=300 IGD=1.8210781 saved
[119/2208] PCSAEA_N100 DTLZ4 M10 run 29 FE=300 IGD=1.8093798 saved
[120/2208] PCSAEA_N100 DTLZ4 M10 run 30 FE=300 IGD=1.7658394 saved
[121/2208] KRVEA_100 DTLZ4 M10 run 19 FE=300 IGD=1.5315441 saved
[122/2208] KRVEA_100 DTLZ4 M10 run 20 FE=300 IGD=1.6062479 saved
[123/2208] KRVEA_100 DTLZ4 M10 run 21 FE=300 IGD=1.5135647 saved
[124/2208] KRVEA_100 DTLZ4 M10 run 22 FE=300 IGD=1.6384263 saved
[125/2208] KRVEA_100 DTLZ4 M10 run 24 FE=300 IGD=1.6903364 saved
[126/2208] KRVEA_100 DTLZ4 M10 run 23 FE=300 IGD=1.5528396 saved
[127/2208] KRVEA_100 DTLZ4 M10 run 25 FE=300 IGD=1.6561444 saved
[128/2208] KRVEA_100 DTLZ4 M10 run 26 FE=300 IGD=1.4875084 saved
[129/2208] KRVEA_100 DTLZ4 M10 run 28 FE=300 IGD=1.5348406 saved
[130/2208] KRVEA_100 DTLZ4 M10 run 27 FE=300 IGD=1.7760637 saved
[131/2208] KRVEA_100 DTLZ4 M10 run 30 FE=300 IGD=1.6774891 saved
[132/2208] KRVEA_100 DTLZ4 M10 run 29 FE=300 IGD=1.6187331 saved
[133/2208] REMO_new2_AdaMaO_SDEOnly_UniformMix_Pruned_Weighted DTLZ4 M10 run 19 FE=300 IGD=1.3468691 saved
[134/2208] REMO_new2_AdaMaO_SDEOnly_UniformMix_Pruned_Weighted DTLZ4 M10 run 20 FE=300 IGD=1.3339764 saved
[135/2208] REMO_new2_AdaMaO_SDEOnly_UniformMix_Pruned_Weighted DTLZ4 M10 run 21 FE=300 IGD=1.2133598 saved
[136/2208] REMO_new2_AdaMaO_SDEOnly_UniformMix_Pruned_Weighted DTLZ4 M10 run 22 FE=300 IGD=1.2440331 saved
[137/2208] REMO_new2_AdaMaO_SDEOnly_UniformMix_Pruned_Weighted DTLZ4 M10 run 23 FE=300 IGD=1.2086284 saved
[138/2208] REMO_new2_AdaMaO_SDEOnly_UniformMix_Pruned_Weighted DTLZ4 M10 run 24 FE=300 IGD=1.5023583 saved
[139/2208] REMO_new2_AdaMaO_SDEOnly_UniformMix_Pruned_Weighted DTLZ4 M10 run 25 FE=300 IGD=1.3652801 saved
[140/2208] REMO_new2_AdaMaO_SDEOnly_UniformMix_Pruned_Weighted DTLZ4 M10 run 26 FE=300 IGD=1.1612787 saved
[141/2208] REMO_new2_AdaMaO_SDEOnly_UniformMix_Pruned_Weighted DTLZ4 M10 run 27 FE=300 IGD=1.3712822 saved
[142/2208] REMO_new2_AdaMaO_SDEOnly_UniformMix_Pruned_Weighted DTLZ4 M10 run 28 FE=300 IGD=1.5049322 saved
[143/2208] REMO_new2_AdaMaO_SDEOnly_UniformMix_Pruned_Weighted DTLZ4 M10 run 29 FE=300 IGD=1.4236269 saved
[144/2208] REMO_new2_AdaMaO_SDEOnly_UniformMix_Pruned_Weighted DTLZ4 M10 run 30 FE=300 IGD=1.4059735 saved
[145/2208] PCSAEA_N100 DTLZ5 M10 run 19 FE=300 IGD=0.94455437 saved
[146/2208] PCSAEA_N100 DTLZ5 M10 run 20 FE=300 IGD=1.0367873 saved
[147/2208] PCSAEA_N100 DTLZ5 M10 run 21 FE=300 IGD=0.94544197 saved
[148/2208] PCSAEA_N100 DTLZ5 M10 run 22 FE=300 IGD=0.81499177 saved
[149/2208] PCSAEA_N100 DTLZ5 M10 run 23 FE=300 IGD=0.92278542 saved
[150/2208] PCSAEA_N100 DTLZ5 M10 run 24 FE=300 IGD=1.04777 saved
[151/2208] PCSAEA_N100 DTLZ5 M10 run 25 FE=300 IGD=0.88994107 saved
[152/2208] PCSAEA_N100 DTLZ5 M10 run 26 FE=300 IGD=0.78532551 saved
[153/2208] PCSAEA_N100 DTLZ5 M10 run 27 FE=300 IGD=0.95271042 saved
[154/2208] PCSAEA_N100 DTLZ5 M10 run 28 FE=300 IGD=0.98763267 saved
[155/2208] PCSAEA_N100 DTLZ5 M10 run 29 FE=300 IGD=0.99892777 saved
[156/2208] PCSAEA_N100 DTLZ5 M10 run 30 FE=300 IGD=0.94928055 saved
[157/2208] KRVEA_100 DTLZ5 M10 run 20 FE=300 IGD=0.95016663 saved
[158/2208] KRVEA_100 DTLZ5 M10 run 19 FE=300 IGD=0.98449016 saved
[159/2208] KRVEA_100 DTLZ5 M10 run 21 FE=300 IGD=0.99743782 saved
[160/2208] KRVEA_100 DTLZ5 M10 run 22 FE=300 IGD=0.87614535 saved
[161/2208] KRVEA_100 DTLZ5 M10 run 24 FE=300 IGD=0.94238143 saved
[162/2208] KRVEA_100 DTLZ5 M10 run 23 FE=300 IGD=0.87872645 saved
[163/2208] KRVEA_100 DTLZ5 M10 run 26 FE=300 IGD=0.79789831 saved
[164/2208] KRVEA_100 DTLZ5 M10 run 25 FE=300 IGD=0.85946142 saved
[165/2208] KRVEA_100 DTLZ5 M10 run 28 FE=300 IGD=0.99030602 saved
[166/2208] KRVEA_100 DTLZ5 M10 run 27 FE=300 IGD=0.70641634 saved
[167/2208] KRVEA_100 DTLZ5 M10 run 30 FE=300 IGD=1.0105189 saved
[168/2208] KRVEA_100 DTLZ5 M10 run 29 FE=300 IGD=0.76309831 saved
[169/2208] REMO_new2_AdaMaO_SDEOnly_UniformMix_Pruned_Weighted DTLZ5 M10 run 20 FE=300 IGD=1.0200335 saved
[170/2208] REMO_new2_AdaMaO_SDEOnly_UniformMix_Pruned_Weighted DTLZ5 M10 run 19 FE=300 IGD=0.72378059 saved
[171/2208] REMO_new2_AdaMaO_SDEOnly_UniformMix_Pruned_Weighted DTLZ5 M10 run 21 FE=300 IGD=0.70205375 saved
[172/2208] REMO_new2_AdaMaO_SDEOnly_UniformMix_Pruned_Weighted DTLZ5 M10 run 22 FE=300 IGD=0.74511881 saved
[173/2208] REMO_new2_AdaMaO_SDEOnly_UniformMix_Pruned_Weighted DTLZ5 M10 run 24 FE=300 IGD=0.78634188 saved
[174/2208] REMO_new2_AdaMaO_SDEOnly_UniformMix_Pruned_Weighted DTLZ5 M10 run 23 FE=300 IGD=0.78960144 saved
[175/2208] REMO_new2_AdaMaO_SDEOnly_UniformMix_Pruned_Weighted DTLZ5 M10 run 26 FE=300 IGD=0.62957605 saved
[176/2208] REMO_new2_AdaMaO_SDEOnly_UniformMix_Pruned_Weighted DTLZ5 M10 run 25 FE=300 IGD=0.79601829 saved
[177/2208] REMO_new2_AdaMaO_SDEOnly_UniformMix_Pruned_Weighted DTLZ5 M10 run 28 FE=300 IGD=0.79612059 saved
[178/2208] REMO_new2_AdaMaO_SDEOnly_UniformMix_Pruned_Weighted DTLZ5 M10 run 27 FE=300 IGD=0.71210564 saved
[179/2208] REMO_new2_AdaMaO_SDEOnly_UniformMix_Pruned_Weighted DTLZ5 M10 run 30 FE=300 IGD=0.81240435 saved
[180/2208] REMO_new2_AdaMaO_SDEOnly_UniformMix_Pruned_Weighted DTLZ5 M10 run 29 FE=300 IGD=0.60303291 saved
[181/2208] PCSAEA_N100 DTLZ6 M10 run 19 FE=300 IGD=17.556286 saved
[182/2208] PCSAEA_N100 DTLZ6 M10 run 20 FE=300 IGD=17.793744 saved
[183/2208] PCSAEA_N100 DTLZ6 M10 run 22 FE=300 IGD=17.773074 saved
[184/2208] PCSAEA_N100 DTLZ6 M10 run 21 FE=300 IGD=17.005142 saved
[185/2208] PCSAEA_N100 DTLZ6 M10 run 23 FE=300 IGD=17.545285 saved
[186/2208] PCSAEA_N100 DTLZ6 M10 run 24 FE=300 IGD=17.474542 saved
[187/2208] PCSAEA_N100 DTLZ6 M10 run 26 FE=300 IGD=17.588265 saved
[188/2208] PCSAEA_N100 DTLZ6 M10 run 25 FE=300 IGD=17.471292 saved
[189/2208] PCSAEA_N100 DTLZ6 M10 run 27 FE=300 IGD=17.784897 saved
[190/2208] PCSAEA_N100 DTLZ6 M10 run 28 FE=300 IGD=17.415326 saved
[191/2208] PCSAEA_N100 DTLZ6 M10 run 30 FE=300 IGD=17.075774 saved
[192/2208] PCSAEA_N100 DTLZ6 M10 run 29 FE=300 IGD=16.695803 saved
[193/2208] KRVEA_100 DTLZ6 M10 run 19 FE=300 IGD=15.078294 saved
[194/2208] KRVEA_100 DTLZ6 M10 run 20 FE=300 IGD=16.345497 saved
[195/2208] KRVEA_100 DTLZ6 M10 run 22 FE=300 IGD=15.472094 saved
[196/2208] KRVEA_100 DTLZ6 M10 run 21 FE=300 IGD=14.510006 saved
[197/2208] KRVEA_100 DTLZ6 M10 run 24 FE=300 IGD=16.020245 saved
[198/2208] KRVEA_100 DTLZ6 M10 run 23 FE=300 IGD=15.23031 saved
[199/2208] KRVEA_100 DTLZ6 M10 run 26 FE=300 IGD=16.462502 saved
[200/2208] KRVEA_100 DTLZ6 M10 run 25 FE=300 IGD=15.989198 saved
[201/2208] KRVEA_100 DTLZ6 M10 run 28 FE=300 IGD=15.82592 saved
[202/2208] KRVEA_100 DTLZ6 M10 run 27 FE=300 IGD=16.753797 saved
[203/2208] KRVEA_100 DTLZ6 M10 run 30 FE=300 IGD=15.961934 saved
[204/2208] KRVEA_100 DTLZ6 M10 run 29 FE=300 IGD=14.887205 saved
[205/2208] REMO_new2_AdaMaO_SDEOnly_UniformMix_Pruned_Weighted DTLZ6 M10 run 19 FE=300 IGD=13.775098 saved
[206/2208] REMO_new2_AdaMaO_SDEOnly_UniformMix_Pruned_Weighted DTLZ6 M10 run 20 FE=300 IGD=15.345081 saved
[207/2208] REMO_new2_AdaMaO_SDEOnly_UniformMix_Pruned_Weighted DTLZ6 M10 run 21 FE=300 IGD=15.046979 saved
[208/2208] REMO_new2_AdaMaO_SDEOnly_UniformMix_Pruned_Weighted DTLZ6 M10 run 22 FE=300 IGD=13.089593 saved
[209/2208] REMO_new2_AdaMaO_SDEOnly_UniformMix_Pruned_Weighted DTLZ6 M10 run 23 FE=300 IGD=15.118106 saved
[210/2208] REMO_new2_AdaMaO_SDEOnly_UniformMix_Pruned_Weighted DTLZ6 M10 run 24 FE=300 IGD=15.102924 saved
[211/2208] REMO_new2_AdaMaO_SDEOnly_UniformMix_Pruned_Weighted DTLZ6 M10 run 26 FE=300 IGD=13.662145 saved
[212/2208] REMO_new2_AdaMaO_SDEOnly_UniformMix_Pruned_Weighted DTLZ6 M10 run 25 FE=300 IGD=13.671196 saved
[213/2208] REMO_new2_AdaMaO_SDEOnly_UniformMix_Pruned_Weighted DTLZ6 M10 run 27 FE=300 IGD=13.93168 saved
[214/2208] REMO_new2_AdaMaO_SDEOnly_UniformMix_Pruned_Weighted DTLZ6 M10 run 28 FE=300 IGD=15.20676 saved
[215/2208] REMO_new2_AdaMaO_SDEOnly_UniformMix_Pruned_Weighted DTLZ6 M10 run 29 FE=300 IGD=13.677763 saved
[216/2208] REMO_new2_AdaMaO_SDEOnly_UniformMix_Pruned_Weighted DTLZ6 M10 run 30 FE=300 IGD=11.252129 saved
[217/2208] PCSAEA_N100 DTLZ7 M10 run 19 FE=300 IGD=28.67286 saved
[218/2208] PCSAEA_N100 DTLZ7 M10 run 20 FE=300 IGD=27.813985 saved
[219/2208] PCSAEA_N100 DTLZ7 M10 run 21 FE=300 IGD=29.681005 saved
[220/2208] PCSAEA_N100 DTLZ7 M10 run 22 FE=300 IGD=30.134767 saved
[221/2208] PCSAEA_N100 DTLZ7 M10 run 23 FE=300 IGD=30.875513 saved
[222/2208] PCSAEA_N100 DTLZ7 M10 run 24 FE=300 IGD=27.391305 saved
[223/2208] PCSAEA_N100 DTLZ7 M10 run 25 FE=300 IGD=29.931998 saved
[224/2208] PCSAEA_N100 DTLZ7 M10 run 26 FE=300 IGD=29.367612 saved
[225/2208] PCSAEA_N100 DTLZ7 M10 run 27 FE=300 IGD=29.036095 saved
[226/2208] PCSAEA_N100 DTLZ7 M10 run 28 FE=300 IGD=27.232768 saved
[227/2208] PCSAEA_N100 DTLZ7 M10 run 29 FE=300 IGD=29.486607 saved
[228/2208] PCSAEA_N100 DTLZ7 M10 run 30 FE=300 IGD=32.731009 saved
[229/2208] KRVEA_100 DTLZ7 M10 run 20 FE=300 IGD=1.9167495 saved
[230/2208] KRVEA_100 DTLZ7 M10 run 19 FE=300 IGD=1.4284265 saved
[231/2208] KRVEA_100 DTLZ7 M10 run 21 FE=300 IGD=1.433109 saved
[232/2208] KRVEA_100 DTLZ7 M10 run 22 FE=300 IGD=1.4376925 saved
[233/2208] KRVEA_100 DTLZ7 M10 run 23 FE=300 IGD=2.3215829 saved
[234/2208] KRVEA_100 DTLZ7 M10 run 24 FE=300 IGD=1.606529 saved
[235/2208] KRVEA_100 DTLZ7 M10 run 26 FE=300 IGD=1.5810695 saved
[236/2208] KRVEA_100 DTLZ7 M10 run 25 FE=300 IGD=1.660562 saved
[237/2208] KRVEA_100 DTLZ7 M10 run 28 FE=300 IGD=1.4920068 saved
[238/2208] KRVEA_100 DTLZ7 M10 run 27 FE=300 IGD=1.8614747 saved
[239/2208] KRVEA_100 DTLZ7 M10 run 30 FE=300 IGD=1.4162768 saved
[240/2208] KRVEA_100 DTLZ7 M10 run 29 FE=300 IGD=1.6068636 saved
[241/2208] REMO_new2_AdaMaO_SDEOnly_UniformMix_Pruned_Weighted DTLZ7 M10 run 20 FE=300 IGD=8.6838421 saved
[242/2208] REMO_new2_AdaMaO_SDEOnly_UniformMix_Pruned_Weighted DTLZ7 M10 run 19 FE=300 IGD=9.5260327 saved
[243/2208] REMO_new2_AdaMaO_SDEOnly_UniformMix_Pruned_Weighted DTLZ7 M10 run 21 FE=300 IGD=9.9004118 saved
[244/2208] REMO_new2_AdaMaO_SDEOnly_UniformMix_Pruned_Weighted DTLZ7 M10 run 22 FE=300 IGD=8.3848811 saved
[245/2208] REMO_new2_AdaMaO_SDEOnly_UniformMix_Pruned_Weighted DTLZ7 M10 run 24 FE=300 IGD=8.0646592 saved
[246/2208] REMO_new2_AdaMaO_SDEOnly_UniformMix_Pruned_Weighted DTLZ7 M10 run 23 FE=300 IGD=6.5926701 saved
[247/2208] REMO_new2_AdaMaO_SDEOnly_UniformMix_Pruned_Weighted DTLZ7 M10 run 25 FE=300 IGD=7.6182651 saved
[248/2208] REMO_new2_AdaMaO_SDEOnly_UniformMix_Pruned_Weighted DTLZ7 M10 run 26 FE=300 IGD=7.4689648 saved
[249/2208] REMO_new2_AdaMaO_SDEOnly_UniformMix_Pruned_Weighted DTLZ7 M10 run 28 FE=300 IGD=11.224885 saved
[250/2208] REMO_new2_AdaMaO_SDEOnly_UniformMix_Pruned_Weighted DTLZ7 M10 run 27 FE=300 IGD=9.4664448 saved
[251/2208] REMO_new2_AdaMaO_SDEOnly_UniformMix_Pruned_Weighted DTLZ7 M10 run 30 FE=300 IGD=8.1470412 saved
[252/2208] REMO_new2_AdaMaO_SDEOnly_UniformMix_Pruned_Weighted DTLZ7 M10 run 29 FE=300 IGD=8.3951961 saved
[253/2208] PCSAEA_N100 WFG1 M10 run 20 FE=300 IGD=3.3227232 saved
[254/2208] PCSAEA_N100 WFG1 M10 run 19 FE=300 IGD=3.395632 saved
[255/2208] PCSAEA_N100 WFG1 M10 run 21 FE=300 IGD=3.4785395 saved
[256/2208] PCSAEA_N100 WFG1 M10 run 22 FE=300 IGD=3.496467 saved
[257/2208] PCSAEA_N100 WFG1 M10 run 24 FE=300 IGD=3.4004927 saved
[258/2208] PCSAEA_N100 WFG1 M10 run 23 FE=300 IGD=3.4277524 saved
[259/2208] PCSAEA_N100 WFG1 M10 run 25 FE=300 IGD=3.3909741 saved
[260/2208] PCSAEA_N100 WFG1 M10 run 26 FE=300 IGD=3.4039224 saved
[261/2208] PCSAEA_N100 WFG1 M10 run 27 FE=300 IGD=3.4140525 saved
[262/2208] PCSAEA_N100 WFG1 M10 run 28 FE=300 IGD=3.3823113 saved
[263/2208] PCSAEA_N100 WFG1 M10 run 30 FE=300 IGD=3.3878094 saved
[264/2208] PCSAEA_N100 WFG1 M10 run 29 FE=300 IGD=3.4184231 saved
[265/2208] KRVEA_100 WFG1 M10 run 20 FE=300 IGD=3.2754525 saved
[266/2208] KRVEA_100 WFG1 M10 run 19 FE=300 IGD=3.2869573 saved
[267/2208] KRVEA_100 WFG1 M10 run 21 FE=300 IGD=3.2810332 saved
[268/2208] KRVEA_100 WFG1 M10 run 22 FE=300 IGD=3.2587947 saved
[269/2208] KRVEA_100 WFG1 M10 run 24 FE=300 IGD=3.3765932 saved
[270/2208] KRVEA_100 WFG1 M10 run 23 FE=300 IGD=3.3297344 saved
[271/2208] KRVEA_100 WFG1 M10 run 25 FE=300 IGD=3.2538017 saved
[272/2208] KRVEA_100 WFG1 M10 run 26 FE=300 IGD=3.2618773 saved
[273/2208] KRVEA_100 WFG1 M10 run 27 FE=300 IGD=3.2236559 saved
[274/2208] KRVEA_100 WFG1 M10 run 28 FE=300 IGD=3.2299402 saved
[275/2208] KRVEA_100 WFG1 M10 run 29 FE=300 IGD=3.1967625 saved
[276/2208] KRVEA_100 WFG1 M10 run 30 FE=300 IGD=3.2403352 saved
[277/2208] REMO_new2_AdaMaO_SDEOnly_UniformMix_Pruned_Weighted WFG1 M10 run 19 FE=300 IGD=3.075743 saved
[278/2208] REMO_new2_AdaMaO_SDEOnly_UniformMix_Pruned_Weighted WFG1 M10 run 20 FE=300 IGD=3.1482505 saved
[279/2208] REMO_new2_AdaMaO_SDEOnly_UniformMix_Pruned_Weighted WFG1 M10 run 21 FE=300 IGD=3.1875111 saved
[280/2208] REMO_new2_AdaMaO_SDEOnly_UniformMix_Pruned_Weighted WFG1 M10 run 22 FE=300 IGD=3.1755206 saved
[281/2208] REMO_new2_AdaMaO_SDEOnly_UniformMix_Pruned_Weighted WFG1 M10 run 23 FE=300 IGD=3.208798 saved
[282/2208] REMO_new2_AdaMaO_SDEOnly_UniformMix_Pruned_Weighted WFG1 M10 run 24 FE=300 IGD=3.1592431 saved
[283/2208] REMO_new2_AdaMaO_SDEOnly_UniformMix_Pruned_Weighted WFG1 M10 run 25 FE=300 IGD=3.1631777 saved
[284/2208] REMO_new2_AdaMaO_SDEOnly_UniformMix_Pruned_Weighted WFG1 M10 run 26 FE=300 IGD=3.2604594 saved
[285/2208] REMO_new2_AdaMaO_SDEOnly_UniformMix_Pruned_Weighted WFG1 M10 run 27 FE=300 IGD=3.1692368 saved
[286/2208] REMO_new2_AdaMaO_SDEOnly_UniformMix_Pruned_Weighted WFG1 M10 run 28 FE=300 IGD=3.1938037 saved
[287/2208] REMO_new2_AdaMaO_SDEOnly_UniformMix_Pruned_Weighted WFG1 M10 run 30 FE=300 IGD=3.1218145 saved
[288/2208] REMO_new2_AdaMaO_SDEOnly_UniformMix_Pruned_Weighted WFG1 M10 run 29 FE=300 IGD=3.3316688 saved
[289/2208] PCSAEA_N100 WFG2 M10 run 19 FE=300 IGD=3.7055556 saved
[290/2208] PCSAEA_N100 WFG2 M10 run 20 FE=300 IGD=3.3534478 saved
[291/2208] PCSAEA_N100 WFG2 M10 run 22 FE=300 IGD=3.4201451 saved
[292/2208] PCSAEA_N100 WFG2 M10 run 21 FE=300 IGD=3.3482168 saved
[293/2208] PCSAEA_N100 WFG2 M10 run 23 FE=300 IGD=4.6384673 saved
[294/2208] PCSAEA_N100 WFG2 M10 run 24 FE=300 IGD=2.883204 saved
[295/2208] PCSAEA_N100 WFG2 M10 run 25 FE=300 IGD=3.7304789 saved
[296/2208] PCSAEA_N100 WFG2 M10 run 26 FE=300 IGD=3.0214576 saved
[297/2208] PCSAEA_N100 WFG2 M10 run 28 FE=300 IGD=3.9841656 saved
[298/2208] PCSAEA_N100 WFG2 M10 run 27 FE=300 IGD=3.618086 saved
[299/2208] PCSAEA_N100 WFG2 M10 run 29 FE=300 IGD=4.2243143 saved
[300/2208] PCSAEA_N100 WFG2 M10 run 30 FE=300 IGD=4.3569073 saved
[301/2208] KRVEA_100 WFG2 M10 run 20 FE=300 IGD=2.0251555 saved
[302/2208] KRVEA_100 WFG2 M10 run 19 FE=300 IGD=2.0668026 saved
[303/2208] KRVEA_100 WFG2 M10 run 22 FE=300 IGD=2.108561 saved
[304/2208] KRVEA_100 WFG2 M10 run 21 FE=300 IGD=1.956843 saved
[305/2208] KRVEA_100 WFG2 M10 run 24 FE=300 IGD=2.2400407 saved
[306/2208] KRVEA_100 WFG2 M10 run 23 FE=300 IGD=2.1132957 saved
[307/2208] KRVEA_100 WFG2 M10 run 25 FE=300 IGD=1.9088124 saved
[308/2208] KRVEA_100 WFG2 M10 run 26 FE=300 IGD=2.0257632 saved
[309/2208] KRVEA_100 WFG2 M10 run 27 FE=300 IGD=2.415976 saved
[310/2208] KRVEA_100 WFG2 M10 run 28 FE=300 IGD=1.9271354 saved
[311/2208] KRVEA_100 WFG2 M10 run 30 FE=300 IGD=2.2564661 saved
[312/2208] KRVEA_100 WFG2 M10 run 29 FE=300 IGD=1.9923734 saved
[313/2208] REMO_new2_AdaMaO_SDEOnly_UniformMix_Pruned_Weighted WFG2 M10 run 19 FE=300 IGD=1.6636553 saved
[314/2208] REMO_new2_AdaMaO_SDEOnly_UniformMix_Pruned_Weighted WFG2 M10 run 20 FE=300 IGD=2.1115128 saved
[315/2208] REMO_new2_AdaMaO_SDEOnly_UniformMix_Pruned_Weighted WFG2 M10 run 22 FE=300 IGD=2.3892485 saved
[316/2208] REMO_new2_AdaMaO_SDEOnly_UniformMix_Pruned_Weighted WFG2 M10 run 21 FE=300 IGD=3.3763372 saved
[317/2208] REMO_new2_AdaMaO_SDEOnly_UniformMix_Pruned_Weighted WFG2 M10 run 24 FE=300 IGD=1.9275138 saved
[318/2208] REMO_new2_AdaMaO_SDEOnly_UniformMix_Pruned_Weighted WFG2 M10 run 23 FE=300 IGD=2.5088498 saved
[319/2208] REMO_new2_AdaMaO_SDEOnly_UniformMix_Pruned_Weighted WFG2 M10 run 26 FE=300 IGD=1.8094188 saved
[320/2208] REMO_new2_AdaMaO_SDEOnly_UniformMix_Pruned_Weighted WFG2 M10 run 25 FE=300 IGD=4.3931758 saved
[321/2208] REMO_new2_AdaMaO_SDEOnly_UniformMix_Pruned_Weighted WFG2 M10 run 28 FE=300 IGD=2.0113527 saved
[322/2208] REMO_new2_AdaMaO_SDEOnly_UniformMix_Pruned_Weighted WFG2 M10 run 27 FE=300 IGD=1.7391304 saved
[323/2208] REMO_new2_AdaMaO_SDEOnly_UniformMix_Pruned_Weighted WFG2 M10 run 30 FE=300 IGD=2.1131471 saved
[324/2208] REMO_new2_AdaMaO_SDEOnly_UniformMix_Pruned_Weighted WFG2 M10 run 29 FE=300 IGD=1.8529029 saved
[325/2208] PCSAEA_N100 WFG3 M10 run 19 FE=300 IGD=1.6531547 saved
[326/2208] PCSAEA_N100 WFG3 M10 run 20 FE=300 IGD=1.6526692 saved
[327/2208] PCSAEA_N100 WFG3 M10 run 21 FE=300 IGD=1.7158887 saved
[328/2208] PCSAEA_N100 WFG3 M10 run 22 FE=300 IGD=1.6042824 saved
[329/2208] PCSAEA_N100 WFG3 M10 run 23 FE=300 IGD=1.7043675 saved
[330/2208] PCSAEA_N100 WFG3 M10 run 24 FE=300 IGD=1.6949385 saved
[331/2208] PCSAEA_N100 WFG3 M10 run 26 FE=300 IGD=1.7132678 saved
[332/2208] PCSAEA_N100 WFG3 M10 run 25 FE=300 IGD=1.6761378 saved
[333/2208] PCSAEA_N100 WFG3 M10 run 28 FE=300 IGD=1.6603014 saved
[334/2208] PCSAEA_N100 WFG3 M10 run 27 FE=300 IGD=1.660424 saved
[335/2208] PCSAEA_N100 WFG3 M10 run 29 FE=300 IGD=1.7085443 saved
[336/2208] PCSAEA_N100 WFG3 M10 run 30 FE=300 IGD=1.7207126 saved
[337/2208] KRVEA_100 WFG3 M10 run 20 FE=300 IGD=1.6641115 saved
[338/2208] KRVEA_100 WFG3 M10 run 19 FE=300 IGD=1.8205907 saved
[339/2208] KRVEA_100 WFG3 M10 run 22 FE=300 IGD=1.6622226 saved
[340/2208] KRVEA_100 WFG3 M10 run 21 FE=300 IGD=1.7759199 saved
[341/2208] KRVEA_100 WFG3 M10 run 23 FE=300 IGD=1.7845683 saved
[342/2208] KRVEA_100 WFG3 M10 run 24 FE=300 IGD=1.5917066 saved
[343/2208] KRVEA_100 WFG3 M10 run 26 FE=300 IGD=1.7745044 saved
[344/2208] KRVEA_100 WFG3 M10 run 25 FE=300 IGD=1.6566517 saved
[345/2208] KRVEA_100 WFG3 M10 run 27 FE=300 IGD=1.738353 saved
[346/2208] KRVEA_100 WFG3 M10 run 28 FE=300 IGD=1.74869 saved
[347/2208] KRVEA_100 WFG3 M10 run 29 FE=300 IGD=1.8279945 saved
[348/2208] KRVEA_100 WFG3 M10 run 30 FE=300 IGD=1.7906023 saved
[349/2208] REMO_new2_AdaMaO_SDEOnly_UniformMix_Pruned_Weighted WFG3 M10 run 19 FE=300 IGD=1.7847516 saved
[350/2208] REMO_new2_AdaMaO_SDEOnly_UniformMix_Pruned_Weighted WFG3 M10 run 20 FE=300 IGD=1.6678694 saved
[351/2208] REMO_new2_AdaMaO_SDEOnly_UniformMix_Pruned_Weighted WFG3 M10 run 21 FE=300 IGD=1.7827919 saved
[352/2208] REMO_new2_AdaMaO_SDEOnly_UniformMix_Pruned_Weighted WFG3 M10 run 22 FE=300 IGD=1.6661615 saved
[353/2208] REMO_new2_AdaMaO_SDEOnly_UniformMix_Pruned_Weighted WFG3 M10 run 24 FE=300 IGD=1.6997506 saved
[354/2208] REMO_new2_AdaMaO_SDEOnly_UniformMix_Pruned_Weighted WFG3 M10 run 23 FE=300 IGD=1.7751094 saved
[355/2208] REMO_new2_AdaMaO_SDEOnly_UniformMix_Pruned_Weighted WFG3 M10 run 26 FE=300 IGD=1.6703603 saved
[356/2208] REMO_new2_AdaMaO_SDEOnly_UniformMix_Pruned_Weighted WFG3 M10 run 25 FE=300 IGD=1.7044508 saved
[357/2208] REMO_new2_AdaMaO_SDEOnly_UniformMix_Pruned_Weighted WFG3 M10 run 27 FE=300 IGD=1.7271944 saved
[358/2208] REMO_new2_AdaMaO_SDEOnly_UniformMix_Pruned_Weighted WFG3 M10 run 28 FE=300 IGD=1.757676 saved
[359/2208] REMO_new2_AdaMaO_SDEOnly_UniformMix_Pruned_Weighted WFG3 M10 run 30 FE=300 IGD=1.813953 saved
[360/2208] REMO_new2_AdaMaO_SDEOnly_UniformMix_Pruned_Weighted WFG3 M10 run 29 FE=300 IGD=1.8086118 saved
[361/2208] PCSAEA_N100 WFG4 M10 run 19 FE=300 IGD=9.5407741 saved
[362/2208] PCSAEA_N100 WFG4 M10 run 20 FE=300 IGD=8.5411252 saved
[363/2208] PCSAEA_N100 WFG4 M10 run 21 FE=300 IGD=9.8917441 saved
[364/2208] PCSAEA_N100 WFG4 M10 run 22 FE=300 IGD=8.3380179 saved
[365/2208] PCSAEA_N100 WFG4 M10 run 24 FE=300 IGD=8.1502421 saved
[366/2208] PCSAEA_N100 WFG4 M10 run 23 FE=300 IGD=8.7377305 saved
[367/2208] PCSAEA_N100 WFG4 M10 run 25 FE=300 IGD=8.6749893 saved
[368/2208] PCSAEA_N100 WFG4 M10 run 26 FE=300 IGD=9.3107584 saved
[369/2208] PCSAEA_N100 WFG4 M10 run 28 FE=300 IGD=8.3587422 saved
[370/2208] PCSAEA_N100 WFG4 M10 run 27 FE=300 IGD=9.6499151 saved
[371/2208] PCSAEA_N100 WFG4 M10 run 30 FE=300 IGD=9.0576386 saved
[372/2208] PCSAEA_N100 WFG4 M10 run 29 FE=300 IGD=8.3818483 saved
[373/2208] KRVEA_100 WFG4 M10 run 19 FE=300 IGD=6.9680022 saved
[374/2208] KRVEA_100 WFG4 M10 run 20 FE=300 IGD=6.5812295 saved
[375/2208] KRVEA_100 WFG4 M10 run 22 FE=300 IGD=5.7913327 saved
[376/2208] KRVEA_100 WFG4 M10 run 21 FE=300 IGD=6.4704861 saved
[377/2208] KRVEA_100 WFG4 M10 run 24 FE=300 IGD=5.6186351 saved
[378/2208] KRVEA_100 WFG4 M10 run 23 FE=300 IGD=6.8019729 saved
[379/2208] KRVEA_100 WFG4 M10 run 26 FE=300 IGD=5.7330621 saved
[380/2208] KRVEA_100 WFG4 M10 run 25 FE=300 IGD=6.5523235 saved
[381/2208] KRVEA_100 WFG4 M10 run 27 FE=300 IGD=5.7692551 saved
[382/2208] KRVEA_100 WFG4 M10 run 28 FE=300 IGD=7.0721996 saved
[383/2208] KRVEA_100 WFG4 M10 run 29 FE=300 IGD=5.9087146 saved
[384/2208] KRVEA_100 WFG4 M10 run 30 FE=300 IGD=6.5741429 saved
[385/2208] REMO_new2_AdaMaO_SDEOnly_UniformMix_Pruned_Weighted WFG4 M10 run 19 FE=300 IGD=5.6183851 saved
[386/2208] REMO_new2_AdaMaO_SDEOnly_UniformMix_Pruned_Weighted WFG4 M10 run 20 FE=300 IGD=7.7085802 saved
[387/2208] REMO_new2_AdaMaO_SDEOnly_UniformMix_Pruned_Weighted WFG4 M10 run 21 FE=300 IGD=6.8271929 saved
[388/2208] REMO_new2_AdaMaO_SDEOnly_UniformMix_Pruned_Weighted WFG4 M10 run 22 FE=300 IGD=9.2270939 saved
[389/2208] REMO_new2_AdaMaO_SDEOnly_UniformMix_Pruned_Weighted WFG4 M10 run 23 FE=300 IGD=6.5644738 saved
[390/2208] REMO_new2_AdaMaO_SDEOnly_UniformMix_Pruned_Weighted WFG4 M10 run 24 FE=300 IGD=6.9289133 saved
[391/2208] REMO_new2_AdaMaO_SDEOnly_UniformMix_Pruned_Weighted WFG4 M10 run 26 FE=300 IGD=6.5392032 saved
[392/2208] REMO_new2_AdaMaO_SDEOnly_UniformMix_Pruned_Weighted WFG4 M10 run 25 FE=300 IGD=6.6555046 saved
[393/2208] REMO_new2_AdaMaO_SDEOnly_UniformMix_Pruned_Weighted WFG4 M10 run 28 FE=300 IGD=7.521114 saved
[394/2208] REMO_new2_AdaMaO_SDEOnly_UniformMix_Pruned_Weighted WFG4 M10 run 27 FE=300 IGD=6.0124915 saved
[395/2208] REMO_new2_AdaMaO_SDEOnly_UniformMix_Pruned_Weighted WFG4 M10 run 30 FE=300 IGD=6.2830369 saved
[396/2208] REMO_new2_AdaMaO_SDEOnly_UniformMix_Pruned_Weighted WFG4 M10 run 29 FE=300 IGD=6.5294311 saved
[397/2208] PCSAEA_N100 WFG5 M10 run 19 FE=300 IGD=7.6296972 saved
[398/2208] PCSAEA_N100 WFG5 M10 run 20 FE=300 IGD=6.5351907 saved
[399/2208] PCSAEA_N100 WFG5 M10 run 21 FE=300 IGD=6.7613357 saved
[400/2208] PCSAEA_N100 WFG5 M10 run 22 FE=300 IGD=6.7667733 saved
[401/2208] PCSAEA_N100 WFG5 M10 run 23 FE=300 IGD=6.9951204 saved
[402/2208] PCSAEA_N100 WFG5 M10 run 24 FE=300 IGD=7.0068738 saved
[403/2208] PCSAEA_N100 WFG5 M10 run 26 FE=300 IGD=6.7641683 saved
[404/2208] PCSAEA_N100 WFG5 M10 run 25 FE=300 IGD=7.0201977 saved
[405/2208] PCSAEA_N100 WFG5 M10 run 27 FE=300 IGD=6.2672009 saved
[406/2208] PCSAEA_N100 WFG5 M10 run 28 FE=300 IGD=6.7436189 saved
[407/2208] PCSAEA_N100 WFG5 M10 run 29 FE=300 IGD=7.4293216 saved
[408/2208] PCSAEA_N100 WFG5 M10 run 30 FE=300 IGD=7.3267993 saved
[409/2208] KRVEA_100 WFG5 M10 run 20 FE=300 IGD=4.6909668 saved
[410/2208] KRVEA_100 WFG5 M10 run 19 FE=300 IGD=4.6597041 saved
[411/2208] KRVEA_100 WFG5 M10 run 22 FE=300 IGD=5.3692518 saved
[412/2208] KRVEA_100 WFG5 M10 run 21 FE=300 IGD=6.3642582 saved
[413/2208] KRVEA_100 WFG5 M10 run 23 FE=300 IGD=5.1286541 saved
[414/2208] KRVEA_100 WFG5 M10 run 24 FE=300 IGD=5.9495575 saved
[415/2208] KRVEA_100 WFG5 M10 run 25 FE=300 IGD=5.4919909 saved
[416/2208] KRVEA_100 WFG5 M10 run 26 FE=300 IGD=4.8296415 saved
[417/2208] KRVEA_100 WFG5 M10 run 28 FE=300 IGD=4.792828 saved
[418/2208] KRVEA_100 WFG5 M10 run 27 FE=300 IGD=5.1483549 saved
[419/2208] KRVEA_100 WFG5 M10 run 29 FE=300 IGD=4.6474788 saved
[420/2208] KRVEA_100 WFG5 M10 run 30 FE=300 IGD=5.2603924 saved
[421/2208] REMO_new2_AdaMaO_SDEOnly_UniformMix_Pruned_Weighted WFG5 M10 run 19 FE=300 IGD=5.3152677 saved
[422/2208] REMO_new2_AdaMaO_SDEOnly_UniformMix_Pruned_Weighted WFG5 M10 run 20 FE=300 IGD=5.7810788 saved
[423/2208] REMO_new2_AdaMaO_SDEOnly_UniformMix_Pruned_Weighted WFG5 M10 run 22 FE=300 IGD=6.1410008 saved
[424/2208] REMO_new2_AdaMaO_SDEOnly_UniformMix_Pruned_Weighted WFG5 M10 run 21 FE=300 IGD=6.2972313 saved
[425/2208] REMO_new2_AdaMaO_SDEOnly_UniformMix_Pruned_Weighted WFG5 M10 run 23 FE=300 IGD=6.8735943 saved
[426/2208] REMO_new2_AdaMaO_SDEOnly_UniformMix_Pruned_Weighted WFG5 M10 run 24 FE=300 IGD=5.4019375 saved
[427/2208] REMO_new2_AdaMaO_SDEOnly_UniformMix_Pruned_Weighted WFG5 M10 run 25 FE=300 IGD=5.9543031 saved
[428/2208] REMO_new2_AdaMaO_SDEOnly_UniformMix_Pruned_Weighted WFG5 M10 run 26 FE=300 IGD=5.7062358 saved
[429/2208] REMO_new2_AdaMaO_SDEOnly_UniformMix_Pruned_Weighted WFG5 M10 run 28 FE=300 IGD=6.2998474 saved
[430/2208] REMO_new2_AdaMaO_SDEOnly_UniformMix_Pruned_Weighted WFG5 M10 run 27 FE=300 IGD=5.5617092 saved
[431/2208] REMO_new2_AdaMaO_SDEOnly_UniformMix_Pruned_Weighted WFG5 M10 run 29 FE=300 IGD=5.8600445 saved
[432/2208] REMO_new2_AdaMaO_SDEOnly_UniformMix_Pruned_Weighted WFG5 M10 run 30 FE=300 IGD=5.8426205 saved
[433/2208] PCSAEA_N100 WFG6 M10 run 19 FE=300 IGD=7.0211668 saved
[434/2208] PCSAEA_N100 WFG6 M10 run 20 FE=300 IGD=7.2805841 saved
[435/2208] PCSAEA_N100 WFG6 M10 run 21 FE=300 IGD=7.2915529 saved
[436/2208] PCSAEA_N100 WFG6 M10 run 22 FE=300 IGD=7.4117006 saved
[437/2208] PCSAEA_N100 WFG6 M10 run 24 FE=300 IGD=7.4005323 saved
[438/2208] PCSAEA_N100 WFG6 M10 run 23 FE=300 IGD=7.2328353 saved
[439/2208] PCSAEA_N100 WFG6 M10 run 26 FE=300 IGD=7.4360124 saved
[440/2208] PCSAEA_N100 WFG6 M10 run 25 FE=300 IGD=7.3995694 saved
[441/2208] PCSAEA_N100 WFG6 M10 run 27 FE=300 IGD=8.1418107 saved
[442/2208] PCSAEA_N100 WFG6 M10 run 28 FE=300 IGD=7.8117868 saved
[443/2208] PCSAEA_N100 WFG6 M10 run 29 FE=300 IGD=7.3014057 saved
[444/2208] PCSAEA_N100 WFG6 M10 run 30 FE=300 IGD=7.0517871 saved
[445/2208] KRVEA_100 WFG6 M10 run 19 FE=300 IGD=4.8544715 saved
[446/2208] KRVEA_100 WFG6 M10 run 20 FE=300 IGD=5.9798424 saved
[447/2208] KRVEA_100 WFG6 M10 run 22 FE=300 IGD=4.961676 saved
[448/2208] KRVEA_100 WFG6 M10 run 21 FE=300 IGD=4.7120287 saved
[449/2208] KRVEA_100 WFG6 M10 run 24 FE=300 IGD=4.7460232 saved
[450/2208] KRVEA_100 WFG6 M10 run 23 FE=300 IGD=5.9834662 saved
[451/2208] KRVEA_100 WFG6 M10 run 25 FE=300 IGD=4.6215172 saved
[452/2208] KRVEA_100 WFG6 M10 run 26 FE=300 IGD=6.0685443 saved
[453/2208] KRVEA_100 WFG6 M10 run 28 FE=300 IGD=5.150843 saved
[454/2208] KRVEA_100 WFG6 M10 run 27 FE=300 IGD=4.9493468 saved
[455/2208] KRVEA_100 WFG6 M10 run 29 FE=300 IGD=5.0313228 saved
[456/2208] KRVEA_100 WFG6 M10 run 30 FE=300 IGD=4.8262545 saved
[457/2208] REMO_new2_AdaMaO_SDEOnly_UniformMix_Pruned_Weighted WFG6 M10 run 19 FE=300 IGD=5.1500676 saved
[458/2208] REMO_new2_AdaMaO_SDEOnly_UniformMix_Pruned_Weighted WFG6 M10 run 20 FE=300 IGD=5.087659 saved
[459/2208] REMO_new2_AdaMaO_SDEOnly_UniformMix_Pruned_Weighted WFG6 M10 run 21 FE=300 IGD=5.0819637 saved
[460/2208] REMO_new2_AdaMaO_SDEOnly_UniformMix_Pruned_Weighted WFG6 M10 run 22 FE=300 IGD=5.3124815 saved
[461/2208] REMO_new2_AdaMaO_SDEOnly_UniformMix_Pruned_Weighted WFG6 M10 run 24 FE=300 IGD=5.0972624 saved
[462/2208] REMO_new2_AdaMaO_SDEOnly_UniformMix_Pruned_Weighted WFG6 M10 run 23 FE=300 IGD=5.262175 saved
[463/2208] REMO_new2_AdaMaO_SDEOnly_UniformMix_Pruned_Weighted WFG6 M10 run 26 FE=300 IGD=5.5415771 saved
[464/2208] REMO_new2_AdaMaO_SDEOnly_UniformMix_Pruned_Weighted WFG6 M10 run 25 FE=300 IGD=5.8404184 saved
[465/2208] REMO_new2_AdaMaO_SDEOnly_UniformMix_Pruned_Weighted WFG6 M10 run 27 FE=300 IGD=4.9963889 saved
[466/2208] REMO_new2_AdaMaO_SDEOnly_UniformMix_Pruned_Weighted WFG6 M10 run 28 FE=300 IGD=5.2339597 saved
[467/2208] REMO_new2_AdaMaO_SDEOnly_UniformMix_Pruned_Weighted WFG6 M10 run 29 FE=300 IGD=5.6599119 saved
[468/2208] REMO_new2_AdaMaO_SDEOnly_UniformMix_Pruned_Weighted WFG6 M10 run 30 FE=300 IGD=5.5864032 saved
[469/2208] PCSAEA_N100 WFG7 M10 run 20 FE=300 IGD=7.5807825 saved
[470/2208] PCSAEA_N100 WFG7 M10 run 19 FE=300 IGD=7.556192 saved
[471/2208] PCSAEA_N100 WFG7 M10 run 21 FE=300 IGD=7.446729 saved
[472/2208] PCSAEA_N100 WFG7 M10 run 22 FE=300 IGD=7.9555185 saved
[473/2208] PCSAEA_N100 WFG7 M10 run 23 FE=300 IGD=7.804652 saved
[474/2208] PCSAEA_N100 WFG7 M10 run 24 FE=300 IGD=7.5460745 saved
[475/2208] PCSAEA_N100 WFG7 M10 run 25 FE=300 IGD=6.977582 saved
[476/2208] PCSAEA_N100 WFG7 M10 run 26 FE=300 IGD=6.6677965 saved
[477/2208] PCSAEA_N100 WFG7 M10 run 27 FE=300 IGD=8.0541526 saved
[478/2208] PCSAEA_N100 WFG7 M10 run 28 FE=300 IGD=7.0783464 saved
[479/2208] PCSAEA_N100 WFG7 M10 run 29 FE=300 IGD=7.2732549 saved
[480/2208] PCSAEA_N100 WFG7 M10 run 30 FE=300 IGD=7.1738055 saved
[481/2208] KRVEA_100 WFG7 M10 run 20 FE=300 IGD=6.0417772 saved
[482/2208] KRVEA_100 WFG7 M10 run 19 FE=300 IGD=5.7965363 saved
[483/2208] KRVEA_100 WFG7 M10 run 22 FE=300 IGD=5.991207 saved
[484/2208] KRVEA_100 WFG7 M10 run 21 FE=300 IGD=5.9051877 saved
[485/2208] KRVEA_100 WFG7 M10 run 24 FE=300 IGD=6.9989843 saved
[486/2208] KRVEA_100 WFG7 M10 run 23 FE=300 IGD=6.6961736 saved
[487/2208] KRVEA_100 WFG7 M10 run 26 FE=300 IGD=6.2880113 saved
[488/2208] KRVEA_100 WFG7 M10 run 25 FE=300 IGD=6.8891125 saved
[489/2208] KRVEA_100 WFG7 M10 run 28 FE=300 IGD=7.0009516 saved
[490/2208] KRVEA_100 WFG7 M10 run 27 FE=300 IGD=5.6724066 saved
[491/2208] KRVEA_100 WFG7 M10 run 29 FE=300 IGD=5.522666 saved
[492/2208] KRVEA_100 WFG7 M10 run 30 FE=300 IGD=7.5080391 saved
[493/2208] REMO_new2_AdaMaO_SDEOnly_UniformMix_Pruned_Weighted WFG7 M10 run 19 FE=300 IGD=5.2222888 saved
[494/2208] REMO_new2_AdaMaO_SDEOnly_UniformMix_Pruned_Weighted WFG7 M10 run 20 FE=300 IGD=5.4482179 saved
[495/2208] REMO_new2_AdaMaO_SDEOnly_UniformMix_Pruned_Weighted WFG7 M10 run 22 FE=300 IGD=5.4703056 saved
[496/2208] REMO_new2_AdaMaO_SDEOnly_UniformMix_Pruned_Weighted WFG7 M10 run 21 FE=300 IGD=5.533994 saved
[497/2208] REMO_new2_AdaMaO_SDEOnly_UniformMix_Pruned_Weighted WFG7 M10 run 23 FE=300 IGD=5.6258903 saved
[498/2208] REMO_new2_AdaMaO_SDEOnly_UniformMix_Pruned_Weighted WFG7 M10 run 24 FE=300 IGD=5.1464943 saved
[499/2208] REMO_new2_AdaMaO_SDEOnly_UniformMix_Pruned_Weighted WFG7 M10 run 26 FE=300 IGD=5.4113425 saved
[500/2208] REMO_new2_AdaMaO_SDEOnly_UniformMix_Pruned_Weighted WFG7 M10 run 25 FE=300 IGD=5.7108177 saved
[501/2208] REMO_new2_AdaMaO_SDEOnly_UniformMix_Pruned_Weighted WFG7 M10 run 28 FE=300 IGD=5.2411295 saved
[502/2208] REMO_new2_AdaMaO_SDEOnly_UniformMix_Pruned_Weighted WFG7 M10 run 27 FE=300 IGD=5.1406 saved
[503/2208] REMO_new2_AdaMaO_SDEOnly_UniformMix_Pruned_Weighted WFG7 M10 run 29 FE=300 IGD=5.2953414 saved
[504/2208] REMO_new2_AdaMaO_SDEOnly_UniformMix_Pruned_Weighted WFG7 M10 run 30 FE=300 IGD=5.4266985 saved
[505/2208] PCSAEA_N100 WFG8 M10 run 19 FE=300 IGD=7.4710851 saved
[506/2208] PCSAEA_N100 WFG8 M10 run 20 FE=300 IGD=7.1017552 saved
[507/2208] PCSAEA_N100 WFG8 M10 run 21 FE=300 IGD=7.2119386 saved
[508/2208] PCSAEA_N100 WFG8 M10 run 22 FE=300 IGD=7.091602 saved
[509/2208] PCSAEA_N100 WFG8 M10 run 23 FE=300 IGD=7.6221804 saved
[510/2208] PCSAEA_N100 WFG8 M10 run 24 FE=300 IGD=7.0463702 saved
[511/2208] PCSAEA_N100 WFG8 M10 run 25 FE=300 IGD=7.4037981 saved
[512/2208] PCSAEA_N100 WFG8 M10 run 26 FE=300 IGD=8.2326376 saved
[513/2208] PCSAEA_N100 WFG8 M10 run 27 FE=300 IGD=7.4840683 saved
[514/2208] PCSAEA_N100 WFG8 M10 run 28 FE=300 IGD=7.670902 saved
[515/2208] PCSAEA_N100 WFG8 M10 run 29 FE=300 IGD=7.0278767 saved
[516/2208] PCSAEA_N100 WFG8 M10 run 30 FE=300 IGD=7.8877327 saved
[517/2208] KRVEA_100 WFG8 M10 run 19 FE=300 IGD=5.9817692 saved
[518/2208] KRVEA_100 WFG8 M10 run 20 FE=300 IGD=5.9625344 saved
[519/2208] KRVEA_100 WFG8 M10 run 22 FE=300 IGD=5.7040786 saved
[520/2208] KRVEA_100 WFG8 M10 run 21 FE=300 IGD=5.8666645 saved
[521/2208] KRVEA_100 WFG8 M10 run 24 FE=300 IGD=6.4646404 saved
[522/2208] KRVEA_100 WFG8 M10 run 23 FE=300 IGD=5.7485612 saved
[523/2208] KRVEA_100 WFG8 M10 run 25 FE=300 IGD=6.1375989 saved
[524/2208] KRVEA_100 WFG8 M10 run 26 FE=300 IGD=5.830591 saved
[525/2208] KRVEA_100 WFG8 M10 run 27 FE=300 IGD=6.6254507 saved
[526/2208] KRVEA_100 WFG8 M10 run 28 FE=300 IGD=6.7281351 saved
[527/2208] KRVEA_100 WFG8 M10 run 29 FE=300 IGD=6.4846627 saved
[528/2208] KRVEA_100 WFG8 M10 run 30 FE=300 IGD=6.4723074 saved
[529/2208] REMO_new2_AdaMaO_SDEOnly_UniformMix_Pruned_Weighted WFG8 M10 run 19 FE=300 IGD=5.5324994 saved
[530/2208] REMO_new2_AdaMaO_SDEOnly_UniformMix_Pruned_Weighted WFG8 M10 run 20 FE=300 IGD=5.5281212 saved
[531/2208] REMO_new2_AdaMaO_SDEOnly_UniformMix_Pruned_Weighted WFG8 M10 run 21 FE=300 IGD=5.5426444 saved
[532/2208] REMO_new2_AdaMaO_SDEOnly_UniformMix_Pruned_Weighted WFG8 M10 run 22 FE=300 IGD=5.6125543 saved
[533/2208] REMO_new2_AdaMaO_SDEOnly_UniformMix_Pruned_Weighted WFG8 M10 run 24 FE=300 IGD=5.6684223 saved
[534/2208] REMO_new2_AdaMaO_SDEOnly_UniformMix_Pruned_Weighted WFG8 M10 run 23 FE=300 IGD=5.9603848 saved
[535/2208] REMO_new2_AdaMaO_SDEOnly_UniformMix_Pruned_Weighted WFG8 M10 run 26 FE=300 IGD=5.4590342 saved
[536/2208] REMO_new2_AdaMaO_SDEOnly_UniformMix_Pruned_Weighted WFG8 M10 run 25 FE=300 IGD=5.6603683 saved
[537/2208] REMO_new2_AdaMaO_SDEOnly_UniformMix_Pruned_Weighted WFG8 M10 run 28 FE=300 IGD=5.4700744 saved
[538/2208] REMO_new2_AdaMaO_SDEOnly_UniformMix_Pruned_Weighted WFG8 M10 run 27 FE=300 IGD=5.6297718 saved
[539/2208] REMO_new2_AdaMaO_SDEOnly_UniformMix_Pruned_Weighted WFG8 M10 run 29 FE=300 IGD=5.4401647 saved
[540/2208] REMO_new2_AdaMaO_SDEOnly_UniformMix_Pruned_Weighted WFG8 M10 run 30 FE=300 IGD=5.6744764 saved
[541/2208] PCSAEA_N100 WFG9 M10 run 20 FE=300 IGD=7.3939996 saved
[542/2208] PCSAEA_N100 WFG9 M10 run 19 FE=300 IGD=6.6408951 saved
[543/2208] PCSAEA_N100 WFG9 M10 run 22 FE=300 IGD=7.6717342 saved
[544/2208] PCSAEA_N100 WFG9 M10 run 21 FE=300 IGD=7.4716887 saved
[545/2208] PCSAEA_N100 WFG9 M10 run 23 FE=300 IGD=8.0559578 saved
[546/2208] PCSAEA_N100 WFG9 M10 run 24 FE=300 IGD=7.2489305 saved
[547/2208] PCSAEA_N100 WFG9 M10 run 25 FE=300 IGD=7.7686267 saved
[548/2208] PCSAEA_N100 WFG9 M10 run 26 FE=300 IGD=7.7122724 saved
[549/2208] PCSAEA_N100 WFG9 M10 run 27 FE=300 IGD=7.3966619 saved
[550/2208] PCSAEA_N100 WFG9 M10 run 28 FE=300 IGD=6.9412762 saved
[551/2208] PCSAEA_N100 WFG9 M10 run 29 FE=300 IGD=7.8208894 saved
[552/2208] PCSAEA_N100 WFG9 M10 run 30 FE=300 IGD=6.8784676 saved
[553/2208] KRVEA_100 WFG9 M10 run 20 FE=300 IGD=5.5576671 saved
[554/2208] KRVEA_100 WFG9 M10 run 19 FE=300 IGD=5.9562674 saved
[555/2208] KRVEA_100 WFG9 M10 run 21 FE=300 IGD=7.0953926 saved
[556/2208] KRVEA_100 WFG9 M10 run 22 FE=300 IGD=7.5646887 saved
[557/2208] KRVEA_100 WFG9 M10 run 23 FE=300 IGD=6.5580458 saved
[558/2208] KRVEA_100 WFG9 M10 run 24 FE=300 IGD=6.3009512 saved
[559/2208] KRVEA_100 WFG9 M10 run 26 FE=300 IGD=8.5985686 saved
[560/2208] KRVEA_100 WFG9 M10 run 25 FE=300 IGD=6.7384615 saved
[561/2208] KRVEA_100 WFG9 M10 run 27 FE=300 IGD=6.1412544 saved
[562/2208] KRVEA_100 WFG9 M10 run 28 FE=300 IGD=6.277259 saved
[563/2208] KRVEA_100 WFG9 M10 run 30 FE=300 IGD=7.5892504 saved
[564/2208] KRVEA_100 WFG9 M10 run 29 FE=300 IGD=6.3203294 saved
[565/2208] REMO_new2_AdaMaO_SDEOnly_UniformMix_Pruned_Weighted WFG9 M10 run 20 FE=300 IGD=6.1453576 saved
[566/2208] REMO_new2_AdaMaO_SDEOnly_UniformMix_Pruned_Weighted WFG9 M10 run 19 FE=300 IGD=6.0135845 saved
[567/2208] REMO_new2_AdaMaO_SDEOnly_UniformMix_Pruned_Weighted WFG9 M10 run 22 FE=300 IGD=7.0233441 saved
[568/2208] REMO_new2_AdaMaO_SDEOnly_UniformMix_Pruned_Weighted WFG9 M10 run 21 FE=300 IGD=5.9526255 saved
[569/2208] REMO_new2_AdaMaO_SDEOnly_UniformMix_Pruned_Weighted WFG9 M10 run 23 FE=300 IGD=6.0741529 saved
[570/2208] REMO_new2_AdaMaO_SDEOnly_UniformMix_Pruned_Weighted WFG9 M10 run 24 FE=300 IGD=6.792138 saved
[571/2208] REMO_new2_AdaMaO_SDEOnly_UniformMix_Pruned_Weighted WFG9 M10 run 25 FE=300 IGD=7.5752784 saved
[572/2208] REMO_new2_AdaMaO_SDEOnly_UniformMix_Pruned_Weighted WFG9 M10 run 26 FE=300 IGD=6.4844722 saved
[573/2208] REMO_new2_AdaMaO_SDEOnly_UniformMix_Pruned_Weighted WFG9 M10 run 28 FE=300 IGD=6.5737656 saved
[574/2208] REMO_new2_AdaMaO_SDEOnly_UniformMix_Pruned_Weighted WFG9 M10 run 27 FE=300 IGD=7.1214259 saved
[575/2208] REMO_new2_AdaMaO_SDEOnly_UniformMix_Pruned_Weighted WFG9 M10 run 29 FE=300 IGD=6.9464318 saved
[576/2208] REMO_new2_AdaMaO_SDEOnly_UniformMix_Pruned_Weighted WFG9 M10 run 30 FE=300 IGD=5.5602266 saved
[577/2208] PCSAEA_N100 DTLZ1 M15 run 19 FE=300 IGD=246.2846 saved
[578/2208] PCSAEA_N100 DTLZ1 M15 run 20 FE=300 IGD=297.06956 saved
[579/2208] PCSAEA_N100 DTLZ1 M15 run 21 FE=300 IGD=219.69988 saved
[580/2208] PCSAEA_N100 DTLZ1 M15 run 22 FE=300 IGD=230.69994 saved
[581/2208] PCSAEA_N100 DTLZ1 M15 run 23 FE=300 IGD=255.45858 saved
[582/2208] PCSAEA_N100 DTLZ1 M15 run 24 FE=300 IGD=192.22016 saved
[583/2208] PCSAEA_N100 DTLZ1 M15 run 26 FE=300 IGD=234.42839 saved
[584/2208] PCSAEA_N100 DTLZ1 M15 run 25 FE=300 IGD=198.18646 saved
[585/2208] PCSAEA_N100 DTLZ1 M15 run 27 FE=300 IGD=260.49781 saved
[586/2208] PCSAEA_N100 DTLZ1 M15 run 28 FE=300 IGD=326.58259 saved
[587/2208] PCSAEA_N100 DTLZ1 M15 run 29 FE=300 IGD=244.07418 saved
[588/2208] PCSAEA_N100 DTLZ1 M15 run 30 FE=300 IGD=275.99253 saved
[589/2208] KRVEA_100 DTLZ1 M15 run 20 FE=300 IGD=210.77412 saved
[590/2208] KRVEA_100 DTLZ1 M15 run 19 FE=300 IGD=181.60543 saved
[591/2208] KRVEA_100 DTLZ1 M15 run 21 FE=300 IGD=125.03633 saved
[592/2208] KRVEA_100 DTLZ1 M15 run 22 FE=300 IGD=127.82503 saved
[593/2208] KRVEA_100 DTLZ1 M15 run 23 FE=300 IGD=172.51904 saved
[594/2208] KRVEA_100 DTLZ1 M15 run 24 FE=300 IGD=141.78921 saved
[595/2208] KRVEA_100 DTLZ1 M15 run 26 FE=300 IGD=156.68705 saved
[596/2208] KRVEA_100 DTLZ1 M15 run 25 FE=300 IGD=164.71496 saved
[597/2208] KRVEA_100 DTLZ1 M15 run 28 FE=300 IGD=182.51131 saved
[598/2208] KRVEA_100 DTLZ1 M15 run 27 FE=300 IGD=187.04666 saved
[599/2208] KRVEA_100 DTLZ1 M15 run 29 FE=300 IGD=146.32344 saved
[600/2208] KRVEA_100 DTLZ1 M15 run 30 FE=300 IGD=148.01314 saved
[601/2208] REMO_new2_AdaMaO_SDEOnly_UniformMix_Pruned_Weighted DTLZ1 M15 run 01 FE=300 IGD=201.86858 saved
[602/2208] REMO_new2_AdaMaO_SDEOnly_UniformMix_Pruned_Weighted DTLZ1 M15 run 02 FE=300 IGD=190.64186 saved
[603/2208] REMO_new2_AdaMaO_SDEOnly_UniformMix_Pruned_Weighted DTLZ1 M15 run 03 FE=300 IGD=115.00225 saved
[604/2208] REMO_new2_AdaMaO_SDEOnly_UniformMix_Pruned_Weighted DTLZ1 M15 run 04 FE=300 IGD=156.10477 saved
[605/2208] REMO_new2_AdaMaO_SDEOnly_UniformMix_Pruned_Weighted DTLZ1 M15 run 06 FE=300 IGD=175.46281 saved
[606/2208] REMO_new2_AdaMaO_SDEOnly_UniformMix_Pruned_Weighted DTLZ1 M15 run 05 FE=300 IGD=142.01715 saved
[607/2208] REMO_new2_AdaMaO_SDEOnly_UniformMix_Pruned_Weighted DTLZ1 M15 run 08 FE=300 IGD=143.15583 saved
[608/2208] REMO_new2_AdaMaO_SDEOnly_UniformMix_Pruned_Weighted DTLZ1 M15 run 07 FE=300 IGD=140.80304 saved
[609/2208] REMO_new2_AdaMaO_SDEOnly_UniformMix_Pruned_Weighted DTLZ1 M15 run 10 FE=300 IGD=204.22813 saved
[610/2208] REMO_new2_AdaMaO_SDEOnly_UniformMix_Pruned_Weighted DTLZ1 M15 run 09 FE=300 IGD=179.59629 saved
[611/2208] REMO_new2_AdaMaO_SDEOnly_UniformMix_Pruned_Weighted DTLZ1 M15 run 12 FE=300 IGD=142.06886 saved
[612/2208] REMO_new2_AdaMaO_SDEOnly_UniformMix_Pruned_Weighted DTLZ1 M15 run 11 FE=300 IGD=118.70664 saved
[613/2208] REMO_new2_AdaMaO_SDEOnly_UniformMix_Pruned_Weighted DTLZ1 M15 run 14 FE=300 IGD=175.34193 saved
[614/2208] REMO_new2_AdaMaO_SDEOnly_UniformMix_Pruned_Weighted DTLZ1 M15 run 13 FE=300 IGD=124.68496 saved
[615/2208] REMO_new2_AdaMaO_SDEOnly_UniformMix_Pruned_Weighted DTLZ1 M15 run 15 FE=300 IGD=147.7565 saved
[616/2208] REMO_new2_AdaMaO_SDEOnly_UniformMix_Pruned_Weighted DTLZ1 M15 run 16 FE=300 IGD=133.58953 saved
[617/2208] REMO_new2_AdaMaO_SDEOnly_UniformMix_Pruned_Weighted DTLZ1 M15 run 17 FE=300 IGD=166.16584 saved
[618/2208] REMO_new2_AdaMaO_SDEOnly_UniformMix_Pruned_Weighted DTLZ1 M15 run 18 FE=300 IGD=164.85219 saved
[619/2208] REMO_new2_AdaMaO_SDEOnly_UniformMix_Pruned_Weighted DTLZ1 M15 run 20 FE=300 IGD=165.83946 saved
[620/2208] REMO_new2_AdaMaO_SDEOnly_UniformMix_Pruned_Weighted DTLZ1 M15 run 19 FE=300 IGD=176.61417 saved
[621/2208] REMO_new2_AdaMaO_SDEOnly_UniformMix_Pruned_Weighted DTLZ1 M15 run 21 FE=300 IGD=175.33922 saved
[622/2208] REMO_new2_AdaMaO_SDEOnly_UniformMix_Pruned_Weighted DTLZ1 M15 run 22 FE=300 IGD=127.3526 saved
[623/2208] REMO_new2_AdaMaO_SDEOnly_UniformMix_Pruned_Weighted DTLZ1 M15 run 23 FE=300 IGD=161.87338 saved
[624/2208] REMO_new2_AdaMaO_SDEOnly_UniformMix_Pruned_Weighted DTLZ1 M15 run 24 FE=300 IGD=148.44411 saved
[625/2208] REMO_new2_AdaMaO_SDEOnly_UniformMix_Pruned_Weighted DTLZ1 M15 run 25 FE=300 IGD=103.70177 saved
[626/2208] REMO_new2_AdaMaO_SDEOnly_UniformMix_Pruned_Weighted DTLZ1 M15 run 26 FE=300 IGD=125.19432 saved
[627/2208] REMO_new2_AdaMaO_SDEOnly_UniformMix_Pruned_Weighted DTLZ1 M15 run 28 FE=300 IGD=126.85855 saved
[628/2208] REMO_new2_AdaMaO_SDEOnly_UniformMix_Pruned_Weighted DTLZ1 M15 run 27 FE=300 IGD=167.94692 saved
[629/2208] REMO_new2_AdaMaO_SDEOnly_UniformMix_Pruned_Weighted DTLZ1 M15 run 29 FE=300 IGD=155.84717 saved
[630/2208] REMO_new2_AdaMaO_SDEOnly_UniformMix_Pruned_Weighted DTLZ1 M15 run 30 FE=300 IGD=118.97627 saved
[631/2208] PCSAEA_N100 DTLZ2 M15 run 19 FE=300 IGD=1.4712864 saved
[632/2208] PCSAEA_N100 DTLZ2 M15 run 20 FE=300 IGD=1.4646862 saved
[633/2208] PCSAEA_N100 DTLZ2 M15 run 21 FE=300 IGD=1.3916745 saved
[634/2208] PCSAEA_N100 DTLZ2 M15 run 22 FE=300 IGD=1.428445 saved
[635/2208] PCSAEA_N100 DTLZ2 M15 run 23 FE=300 IGD=1.4605432 saved
[636/2208] PCSAEA_N100 DTLZ2 M15 run 24 FE=300 IGD=1.4306695 saved
[637/2208] PCSAEA_N100 DTLZ2 M15 run 26 FE=300 IGD=1.301993 saved
[638/2208] PCSAEA_N100 DTLZ2 M15 run 25 FE=300 IGD=1.435725 saved
[639/2208] PCSAEA_N100 DTLZ2 M15 run 28 FE=300 IGD=1.3419549 saved
[640/2208] PCSAEA_N100 DTLZ2 M15 run 27 FE=300 IGD=1.3605279 saved
[641/2208] PCSAEA_N100 DTLZ2 M15 run 29 FE=300 IGD=1.4609701 saved
[642/2208] PCSAEA_N100 DTLZ2 M15 run 30 FE=300 IGD=1.4923989 saved
[643/2208] KRVEA_100 DTLZ2 M15 run 19 FE=300 IGD=1.2418938 saved
[644/2208] KRVEA_100 DTLZ2 M15 run 20 FE=300 IGD=1.2868259 saved
[645/2208] KRVEA_100 DTLZ2 M15 run 21 FE=300 IGD=1.2288702 saved
[646/2208] KRVEA_100 DTLZ2 M15 run 22 FE=300 IGD=1.1583482 saved
[647/2208] KRVEA_100 DTLZ2 M15 run 24 FE=300 IGD=1.3986426 saved
[648/2208] KRVEA_100 DTLZ2 M15 run 23 FE=300 IGD=1.0644684 saved
[649/2208] KRVEA_100 DTLZ2 M15 run 25 FE=300 IGD=1.2387909 saved
[650/2208] KRVEA_100 DTLZ2 M15 run 26 FE=300 IGD=1.1314408 saved
[651/2208] KRVEA_100 DTLZ2 M15 run 27 FE=300 IGD=1.2120872 saved
[652/2208] KRVEA_100 DTLZ2 M15 run 28 FE=300 IGD=1.2261692 saved
[653/2208] KRVEA_100 DTLZ2 M15 run 29 FE=300 IGD=1.137232 saved
[654/2208] KRVEA_100 DTLZ2 M15 run 30 FE=300 IGD=1.341287 saved
[655/2208] REMO_new2_AdaMaO_SDEOnly_UniformMix_Pruned_Weighted DTLZ2 M15 run 01 FE=300 IGD=1.1601339 saved
[656/2208] REMO_new2_AdaMaO_SDEOnly_UniformMix_Pruned_Weighted DTLZ2 M15 run 02 FE=300 IGD=1.1764211 saved
[657/2208] REMO_new2_AdaMaO_SDEOnly_UniformMix_Pruned_Weighted DTLZ2 M15 run 04 FE=300 IGD=1.2346837 saved
[658/2208] REMO_new2_AdaMaO_SDEOnly_UniformMix_Pruned_Weighted DTLZ2 M15 run 03 FE=300 IGD=1.0775739 saved
[659/2208] REMO_new2_AdaMaO_SDEOnly_UniformMix_Pruned_Weighted DTLZ2 M15 run 05 FE=300 IGD=1.1507699 saved
[660/2208] REMO_new2_AdaMaO_SDEOnly_UniformMix_Pruned_Weighted DTLZ2 M15 run 06 FE=300 IGD=1.1768782 saved
[661/2208] REMO_new2_AdaMaO_SDEOnly_UniformMix_Pruned_Weighted DTLZ2 M15 run 07 FE=300 IGD=1.0927634 saved
[662/2208] REMO_new2_AdaMaO_SDEOnly_UniformMix_Pruned_Weighted DTLZ2 M15 run 08 FE=300 IGD=0.99338332 saved
[663/2208] REMO_new2_AdaMaO_SDEOnly_UniformMix_Pruned_Weighted DTLZ2 M15 run 10 FE=300 IGD=1.288921 saved
[664/2208] REMO_new2_AdaMaO_SDEOnly_UniformMix_Pruned_Weighted DTLZ2 M15 run 09 FE=300 IGD=1.160097 saved
[665/2208] REMO_new2_AdaMaO_SDEOnly_UniformMix_Pruned_Weighted DTLZ2 M15 run 12 FE=300 IGD=1.1320038 saved
[666/2208] REMO_new2_AdaMaO_SDEOnly_UniformMix_Pruned_Weighted DTLZ2 M15 run 11 FE=300 IGD=1.1507345 saved
[667/2208] REMO_new2_AdaMaO_SDEOnly_UniformMix_Pruned_Weighted DTLZ2 M15 run 14 FE=300 IGD=1.1859054 saved
[668/2208] REMO_new2_AdaMaO_SDEOnly_UniformMix_Pruned_Weighted DTLZ2 M15 run 13 FE=300 IGD=1.1638558 saved
[669/2208] REMO_new2_AdaMaO_SDEOnly_UniformMix_Pruned_Weighted DTLZ2 M15 run 16 FE=300 IGD=1.1548598 saved
[670/2208] REMO_new2_AdaMaO_SDEOnly_UniformMix_Pruned_Weighted DTLZ2 M15 run 15 FE=300 IGD=1.0675713 saved
[671/2208] REMO_new2_AdaMaO_SDEOnly_UniformMix_Pruned_Weighted DTLZ2 M15 run 18 FE=300 IGD=1.1824952 saved
[672/2208] REMO_new2_AdaMaO_SDEOnly_UniformMix_Pruned_Weighted DTLZ2 M15 run 17 FE=300 IGD=0.97574881 saved
[673/2208] REMO_new2_AdaMaO_SDEOnly_UniformMix_Pruned_Weighted DTLZ2 M15 run 20 FE=300 IGD=1.1524365 saved
[674/2208] REMO_new2_AdaMaO_SDEOnly_UniformMix_Pruned_Weighted DTLZ2 M15 run 19 FE=300 IGD=1.2447506 saved
[675/2208] REMO_new2_AdaMaO_SDEOnly_UniformMix_Pruned_Weighted DTLZ2 M15 run 21 FE=300 IGD=1.0274742 saved
[676/2208] REMO_new2_AdaMaO_SDEOnly_UniformMix_Pruned_Weighted DTLZ2 M15 run 22 FE=300 IGD=1.033821 saved
[677/2208] REMO_new2_AdaMaO_SDEOnly_UniformMix_Pruned_Weighted DTLZ2 M15 run 23 FE=300 IGD=1.0890746 saved
[678/2208] REMO_new2_AdaMaO_SDEOnly_UniformMix_Pruned_Weighted DTLZ2 M15 run 24 FE=300 IGD=1.1569825 saved
[679/2208] REMO_new2_AdaMaO_SDEOnly_UniformMix_Pruned_Weighted DTLZ2 M15 run 25 FE=300 IGD=1.111316 saved
[680/2208] REMO_new2_AdaMaO_SDEOnly_UniformMix_Pruned_Weighted DTLZ2 M15 run 26 FE=300 IGD=0.92660914 saved
[681/2208] REMO_new2_AdaMaO_SDEOnly_UniformMix_Pruned_Weighted DTLZ2 M15 run 27 FE=300 IGD=1.0775801 saved
[682/2208] REMO_new2_AdaMaO_SDEOnly_UniformMix_Pruned_Weighted DTLZ2 M15 run 28 FE=300 IGD=1.0960659 saved
[683/2208] REMO_new2_AdaMaO_SDEOnly_UniformMix_Pruned_Weighted DTLZ2 M15 run 29 FE=300 IGD=1.1187477 saved
[684/2208] REMO_new2_AdaMaO_SDEOnly_UniformMix_Pruned_Weighted DTLZ2 M15 run 30 FE=300 IGD=1.2127728 saved
[685/2208] PCSAEA_N100 DTLZ3 M15 run 19 FE=300 IGD=831.69149 saved
[686/2208] PCSAEA_N100 DTLZ3 M15 run 20 FE=300 IGD=968.24668 saved
[687/2208] PCSAEA_N100 DTLZ3 M15 run 21 FE=300 IGD=1030.5062 saved
[688/2208] PCSAEA_N100 DTLZ3 M15 run 22 FE=300 IGD=847.87545 saved
[689/2208] PCSAEA_N100 DTLZ3 M15 run 24 FE=300 IGD=918.26347 saved
[690/2208] PCSAEA_N100 DTLZ3 M15 run 23 FE=300 IGD=968.30502 saved
[691/2208] PCSAEA_N100 DTLZ3 M15 run 25 FE=300 IGD=908.29946 saved
[692/2208] PCSAEA_N100 DTLZ3 M15 run 26 FE=300 IGD=909.20523 saved
[693/2208] PCSAEA_N100 DTLZ3 M15 run 27 FE=300 IGD=951.47638 saved
[694/2208] PCSAEA_N100 DTLZ3 M15 run 28 FE=300 IGD=631.98418 saved
[695/2208] PCSAEA_N100 DTLZ3 M15 run 30 FE=300 IGD=735.06367 saved
[696/2208] PCSAEA_N100 DTLZ3 M15 run 29 FE=300 IGD=1004.7711 saved
[697/2208] KRVEA_100 DTLZ3 M15 run 19 FE=300 IGD=694.97088 saved
[698/2208] KRVEA_100 DTLZ3 M15 run 20 FE=300 IGD=629.81432 saved
[699/2208] KRVEA_100 DTLZ3 M15 run 21 FE=300 IGD=615.85479 saved
[700/2208] KRVEA_100 DTLZ3 M15 run 22 FE=300 IGD=637.80424 saved
[701/2208] KRVEA_100 DTLZ3 M15 run 24 FE=300 IGD=625.01765 saved
[702/2208] KRVEA_100 DTLZ3 M15 run 23 FE=300 IGD=342.87701 saved
[703/2208] KRVEA_100 DTLZ3 M15 run 25 FE=300 IGD=675.95761 saved
[704/2208] KRVEA_100 DTLZ3 M15 run 26 FE=300 IGD=534.50473 saved
[705/2208] KRVEA_100 DTLZ3 M15 run 27 FE=300 IGD=776.30934 saved
[706/2208] KRVEA_100 DTLZ3 M15 run 28 FE=300 IGD=651.6312 saved
[707/2208] KRVEA_100 DTLZ3 M15 run 29 FE=300 IGD=804.64198 saved
[708/2208] KRVEA_100 DTLZ3 M15 run 30 FE=300 IGD=484.10976 saved
[709/2208] REMO_new2_AdaMaO_SDEOnly_UniformMix_Pruned_Weighted DTLZ3 M15 run 02 FE=300 IGD=606.44357 saved
[710/2208] REMO_new2_AdaMaO_SDEOnly_UniformMix_Pruned_Weighted DTLZ3 M15 run 01 FE=300 IGD=762.53798 saved
[711/2208] REMO_new2_AdaMaO_SDEOnly_UniformMix_Pruned_Weighted DTLZ3 M15 run 03 FE=300 IGD=722.89515 saved
[712/2208] REMO_new2_AdaMaO_SDEOnly_UniformMix_Pruned_Weighted DTLZ3 M15 run 04 FE=300 IGD=606.11882 saved
[713/2208] REMO_new2_AdaMaO_SDEOnly_UniformMix_Pruned_Weighted DTLZ3 M15 run 05 FE=300 IGD=542.92413 saved
[714/2208] REMO_new2_AdaMaO_SDEOnly_UniformMix_Pruned_Weighted DTLZ3 M15 run 06 FE=300 IGD=617.6458 saved
[715/2208] REMO_new2_AdaMaO_SDEOnly_UniformMix_Pruned_Weighted DTLZ3 M15 run 08 FE=300 IGD=743.92728 saved
[716/2208] REMO_new2_AdaMaO_SDEOnly_UniformMix_Pruned_Weighted DTLZ3 M15 run 07 FE=300 IGD=636.16567 saved
[717/2208] REMO_new2_AdaMaO_SDEOnly_UniformMix_Pruned_Weighted DTLZ3 M15 run 10 FE=300 IGD=617.48251 saved
[718/2208] REMO_new2_AdaMaO_SDEOnly_UniformMix_Pruned_Weighted DTLZ3 M15 run 09 FE=300 IGD=575.03411 saved
[719/2208] REMO_new2_AdaMaO_SDEOnly_UniformMix_Pruned_Weighted DTLZ3 M15 run 12 FE=300 IGD=648.35314 saved
[720/2208] REMO_new2_AdaMaO_SDEOnly_UniformMix_Pruned_Weighted DTLZ3 M15 run 11 FE=300 IGD=631.99303 saved
[721/2208] REMO_new2_AdaMaO_SDEOnly_UniformMix_Pruned_Weighted DTLZ3 M15 run 13 FE=300 IGD=373.40444 saved
[722/2208] REMO_new2_AdaMaO_SDEOnly_UniformMix_Pruned_Weighted DTLZ3 M15 run 14 FE=300 IGD=571.09641 saved
[723/2208] REMO_new2_AdaMaO_SDEOnly_UniformMix_Pruned_Weighted DTLZ3 M15 run 15 FE=300 IGD=489.57955 saved
[724/2208] REMO_new2_AdaMaO_SDEOnly_UniformMix_Pruned_Weighted DTLZ3 M15 run 16 FE=300 IGD=605.80452 saved
[725/2208] REMO_new2_AdaMaO_SDEOnly_UniformMix_Pruned_Weighted DTLZ3 M15 run 17 FE=300 IGD=719.50154 saved
[726/2208] REMO_new2_AdaMaO_SDEOnly_UniformMix_Pruned_Weighted DTLZ3 M15 run 18 FE=300 IGD=549.59737 saved
[727/2208] REMO_new2_AdaMaO_SDEOnly_UniformMix_Pruned_Weighted DTLZ3 M15 run 20 FE=300 IGD=596.32335 saved
[728/2208] REMO_new2_AdaMaO_SDEOnly_UniformMix_Pruned_Weighted DTLZ3 M15 run 19 FE=300 IGD=660.65687 saved
[729/2208] REMO_new2_AdaMaO_SDEOnly_UniformMix_Pruned_Weighted DTLZ3 M15 run 21 FE=300 IGD=760.54376 saved
[730/2208] REMO_new2_AdaMaO_SDEOnly_UniformMix_Pruned_Weighted DTLZ3 M15 run 22 FE=300 IGD=646.78263 saved
[731/2208] REMO_new2_AdaMaO_SDEOnly_UniformMix_Pruned_Weighted DTLZ3 M15 run 24 FE=300 IGD=535.41762 saved
[732/2208] REMO_new2_AdaMaO_SDEOnly_UniformMix_Pruned_Weighted DTLZ3 M15 run 23 FE=300 IGD=537.47415 saved
[733/2208] REMO_new2_AdaMaO_SDEOnly_UniformMix_Pruned_Weighted DTLZ3 M15 run 25 FE=300 IGD=672.57585 saved
[734/2208] REMO_new2_AdaMaO_SDEOnly_UniformMix_Pruned_Weighted DTLZ3 M15 run 26 FE=300 IGD=574.31542 saved
[735/2208] REMO_new2_AdaMaO_SDEOnly_UniformMix_Pruned_Weighted DTLZ3 M15 run 28 FE=300 IGD=704.10692 saved
[736/2208] REMO_new2_AdaMaO_SDEOnly_UniformMix_Pruned_Weighted DTLZ3 M15 run 27 FE=300 IGD=595.23661 saved
[737/2208] REMO_new2_AdaMaO_SDEOnly_UniformMix_Pruned_Weighted DTLZ3 M15 run 29 FE=300 IGD=634.91126 saved
[738/2208] REMO_new2_AdaMaO_SDEOnly_UniformMix_Pruned_Weighted DTLZ3 M15 run 30 FE=300 IGD=675.68366 saved
[739/2208] PCSAEA_N100 DTLZ4 M15 run 19 FE=300 IGD=1.5590806 saved
[740/2208] PCSAEA_N100 DTLZ4 M15 run 20 FE=300 IGD=1.5060525 saved
[741/2208] PCSAEA_N100 DTLZ4 M15 run 21 FE=300 IGD=1.5296115 saved
[742/2208] PCSAEA_N100 DTLZ4 M15 run 22 FE=300 IGD=1.464748 saved
[743/2208] PCSAEA_N100 DTLZ4 M15 run 24 FE=300 IGD=1.5378059 saved
[744/2208] PCSAEA_N100 DTLZ4 M15 run 23 FE=300 IGD=1.4332741 saved
[745/2208] PCSAEA_N100 DTLZ4 M15 run 25 FE=300 IGD=1.4603309 saved
[746/2208] PCSAEA_N100 DTLZ4 M15 run 26 FE=300 IGD=1.5453427 saved
[747/2208] PCSAEA_N100 DTLZ4 M15 run 27 FE=300 IGD=1.4925773 saved
[748/2208] PCSAEA_N100 DTLZ4 M15 run 28 FE=300 IGD=1.3656989 saved
[749/2208] PCSAEA_N100 DTLZ4 M15 run 29 FE=300 IGD=1.5303229 saved
[750/2208] PCSAEA_N100 DTLZ4 M15 run 30 FE=300 IGD=1.3888956 saved
[751/2208] KRVEA_100 DTLZ4 M15 run 19 FE=300 IGD=1.5537731 saved
[752/2208] KRVEA_100 DTLZ4 M15 run 20 FE=300 IGD=1.572866 saved
[753/2208] KRVEA_100 DTLZ4 M15 run 22 FE=300 IGD=1.7035008 saved
[754/2208] KRVEA_100 DTLZ4 M15 run 21 FE=300 IGD=1.5989695 saved
[755/2208] KRVEA_100 DTLZ4 M15 run 24 FE=300 IGD=1.5041077 saved
[756/2208] KRVEA_100 DTLZ4 M15 run 23 FE=300 IGD=1.6819614 saved
[757/2208] KRVEA_100 DTLZ4 M15 run 25 FE=300 IGD=1.380068 saved
[758/2208] KRVEA_100 DTLZ4 M15 run 26 FE=300 IGD=1.4850922 saved
[759/2208] KRVEA_100 DTLZ4 M15 run 28 FE=300 IGD=1.6424112 saved
[760/2208] KRVEA_100 DTLZ4 M15 run 27 FE=300 IGD=1.6694026 saved
[761/2208] KRVEA_100 DTLZ4 M15 run 30 FE=300 IGD=1.5868909 saved
[762/2208] KRVEA_100 DTLZ4 M15 run 29 FE=300 IGD=1.7322469 saved
[763/2208] REMO_new2_AdaMaO_SDEOnly_UniformMix_Pruned_Weighted DTLZ4 M15 run 02 FE=300 IGD=1.319547 saved
[764/2208] REMO_new2_AdaMaO_SDEOnly_UniformMix_Pruned_Weighted DTLZ4 M15 run 01 FE=300 IGD=1.1461719 saved
[765/2208] REMO_new2_AdaMaO_SDEOnly_UniformMix_Pruned_Weighted DTLZ4 M15 run 04 FE=300 IGD=1.0892637 saved
[766/2208] REMO_new2_AdaMaO_SDEOnly_UniformMix_Pruned_Weighted DTLZ4 M15 run 03 FE=300 IGD=1.3204369 saved
[767/2208] REMO_new2_AdaMaO_SDEOnly_UniformMix_Pruned_Weighted DTLZ4 M15 run 06 FE=300 IGD=1.0700718 saved
[768/2208] REMO_new2_AdaMaO_SDEOnly_UniformMix_Pruned_Weighted DTLZ4 M15 run 05 FE=300 IGD=1.2804013 saved
[769/2208] REMO_new2_AdaMaO_SDEOnly_UniformMix_Pruned_Weighted DTLZ4 M15 run 08 FE=300 IGD=1.342706 saved
[770/2208] REMO_new2_AdaMaO_SDEOnly_UniformMix_Pruned_Weighted DTLZ4 M15 run 07 FE=300 IGD=1.078866 saved
[771/2208] REMO_new2_AdaMaO_SDEOnly_UniformMix_Pruned_Weighted DTLZ4 M15 run 10 FE=300 IGD=1.247226 saved
[772/2208] REMO_new2_AdaMaO_SDEOnly_UniformMix_Pruned_Weighted DTLZ4 M15 run 09 FE=300 IGD=1.0609533 saved
[773/2208] REMO_new2_AdaMaO_SDEOnly_UniformMix_Pruned_Weighted DTLZ4 M15 run 12 FE=300 IGD=1.1946376 saved
[774/2208] REMO_new2_AdaMaO_SDEOnly_UniformMix_Pruned_Weighted DTLZ4 M15 run 11 FE=300 IGD=1.2572091 saved
[775/2208] REMO_new2_AdaMaO_SDEOnly_UniformMix_Pruned_Weighted DTLZ4 M15 run 14 FE=300 IGD=1.203355 saved
[776/2208] REMO_new2_AdaMaO_SDEOnly_UniformMix_Pruned_Weighted DTLZ4 M15 run 13 FE=300 IGD=1.2709896 saved
[777/2208] REMO_new2_AdaMaO_SDEOnly_UniformMix_Pruned_Weighted DTLZ4 M15 run 15 FE=300 IGD=1.2419408 saved
[778/2208] REMO_new2_AdaMaO_SDEOnly_UniformMix_Pruned_Weighted DTLZ4 M15 run 16 FE=300 IGD=1.165935 saved
[779/2208] REMO_new2_AdaMaO_SDEOnly_UniformMix_Pruned_Weighted DTLZ4 M15 run 18 FE=300 IGD=1.1122345 saved
[780/2208] REMO_new2_AdaMaO_SDEOnly_UniformMix_Pruned_Weighted DTLZ4 M15 run 17 FE=300 IGD=1.153478 saved
[781/2208] REMO_new2_AdaMaO_SDEOnly_UniformMix_Pruned_Weighted DTLZ4 M15 run 19 FE=300 IGD=1.2217377 saved
[782/2208] REMO_new2_AdaMaO_SDEOnly_UniformMix_Pruned_Weighted DTLZ4 M15 run 20 FE=300 IGD=1.2125002 saved
[783/2208] REMO_new2_AdaMaO_SDEOnly_UniformMix_Pruned_Weighted DTLZ4 M15 run 22 FE=300 IGD=1.3046884 saved
[784/2208] REMO_new2_AdaMaO_SDEOnly_UniformMix_Pruned_Weighted DTLZ4 M15 run 21 FE=300 IGD=1.207887 saved
[785/2208] REMO_new2_AdaMaO_SDEOnly_UniformMix_Pruned_Weighted DTLZ4 M15 run 24 FE=300 IGD=1.1072788 saved
[786/2208] REMO_new2_AdaMaO_SDEOnly_UniformMix_Pruned_Weighted DTLZ4 M15 run 23 FE=300 IGD=1.213 saved
[787/2208] REMO_new2_AdaMaO_SDEOnly_UniformMix_Pruned_Weighted DTLZ4 M15 run 25 FE=300 IGD=1.2070865 saved
[788/2208] REMO_new2_AdaMaO_SDEOnly_UniformMix_Pruned_Weighted DTLZ4 M15 run 26 FE=300 IGD=1.2266253 saved
[789/2208] REMO_new2_AdaMaO_SDEOnly_UniformMix_Pruned_Weighted DTLZ4 M15 run 27 FE=300 IGD=1.1426335 saved
[790/2208] REMO_new2_AdaMaO_SDEOnly_UniformMix_Pruned_Weighted DTLZ4 M15 run 28 FE=300 IGD=1.2276614 saved
[791/2208] REMO_new2_AdaMaO_SDEOnly_UniformMix_Pruned_Weighted DTLZ4 M15 run 30 FE=300 IGD=1.3042726 saved
[792/2208] REMO_new2_AdaMaO_SDEOnly_UniformMix_Pruned_Weighted DTLZ4 M15 run 29 FE=300 IGD=1.0920106 saved
[793/2208] PCSAEA_N100 DTLZ5 M15 run 20 FE=300 IGD=0.74535219 saved
[794/2208] PCSAEA_N100 DTLZ5 M15 run 19 FE=300 IGD=0.58036429 saved
[795/2208] PCSAEA_N100 DTLZ5 M15 run 21 FE=300 IGD=0.76967186 saved
[796/2208] PCSAEA_N100 DTLZ5 M15 run 22 FE=300 IGD=0.77613373 saved
[797/2208] PCSAEA_N100 DTLZ5 M15 run 23 FE=300 IGD=0.65126039 saved
[798/2208] PCSAEA_N100 DTLZ5 M15 run 24 FE=300 IGD=0.71914561 saved
[799/2208] PCSAEA_N100 DTLZ5 M15 run 26 FE=300 IGD=0.68180029 saved
[800/2208] PCSAEA_N100 DTLZ5 M15 run 25 FE=300 IGD=0.8682023 saved
[801/2208] PCSAEA_N100 DTLZ5 M15 run 27 FE=300 IGD=0.6549187 saved
[802/2208] PCSAEA_N100 DTLZ5 M15 run 28 FE=300 IGD=0.82340526 saved
[803/2208] PCSAEA_N100 DTLZ5 M15 run 29 FE=300 IGD=0.67081637 saved
[804/2208] PCSAEA_N100 DTLZ5 M15 run 30 FE=300 IGD=0.78299454 saved
[805/2208] KRVEA_100 DTLZ5 M15 run 19 FE=300 IGD=0.56203259 saved
[806/2208] KRVEA_100 DTLZ5 M15 run 20 FE=300 IGD=0.39682529 saved
[807/2208] KRVEA_100 DTLZ5 M15 run 22 FE=300 IGD=0.40722055 saved
[808/2208] KRVEA_100 DTLZ5 M15 run 21 FE=300 IGD=0.71368714 saved
[809/2208] KRVEA_100 DTLZ5 M15 run 23 FE=300 IGD=0.55079924 saved
[810/2208] KRVEA_100 DTLZ5 M15 run 24 FE=300 IGD=0.55747987 saved
[811/2208] KRVEA_100 DTLZ5 M15 run 26 FE=300 IGD=0.70381459 saved
[812/2208] KRVEA_100 DTLZ5 M15 run 25 FE=300 IGD=0.60578963 saved
[813/2208] KRVEA_100 DTLZ5 M15 run 28 FE=300 IGD=0.59311819 saved
[814/2208] KRVEA_100 DTLZ5 M15 run 27 FE=300 IGD=0.64010696 saved
[815/2208] KRVEA_100 DTLZ5 M15 run 30 FE=300 IGD=0.64468755 saved
[816/2208] KRVEA_100 DTLZ5 M15 run 29 FE=300 IGD=0.58352344 saved
[817/2208] REMO_new2_AdaMaO_SDEOnly_UniformMix_Pruned_Weighted DTLZ5 M15 run 01 FE=300 IGD=0.51123493 saved
[818/2208] REMO_new2_AdaMaO_SDEOnly_UniformMix_Pruned_Weighted DTLZ5 M15 run 02 FE=300 IGD=0.50619504 saved
[819/2208] REMO_new2_AdaMaO_SDEOnly_UniformMix_Pruned_Weighted DTLZ5 M15 run 04 FE=300 IGD=0.6309469 saved
[820/2208] REMO_new2_AdaMaO_SDEOnly_UniformMix_Pruned_Weighted DTLZ5 M15 run 03 FE=300 IGD=0.60278345 saved
[821/2208] REMO_new2_AdaMaO_SDEOnly_UniformMix_Pruned_Weighted DTLZ5 M15 run 06 FE=300 IGD=0.59607296 saved
[822/2208] REMO_new2_AdaMaO_SDEOnly_UniformMix_Pruned_Weighted DTLZ5 M15 run 05 FE=300 IGD=0.64340551 saved
[823/2208] REMO_new2_AdaMaO_SDEOnly_UniformMix_Pruned_Weighted DTLZ5 M15 run 08 FE=300 IGD=0.5347081 saved
[824/2208] REMO_new2_AdaMaO_SDEOnly_UniformMix_Pruned_Weighted DTLZ5 M15 run 07 FE=300 IGD=0.46890372 saved
[825/2208] REMO_new2_AdaMaO_SDEOnly_UniformMix_Pruned_Weighted DTLZ5 M15 run 10 FE=300 IGD=0.5766247 saved
[826/2208] REMO_new2_AdaMaO_SDEOnly_UniformMix_Pruned_Weighted DTLZ5 M15 run 09 FE=300 IGD=0.59187084 saved
[827/2208] REMO_new2_AdaMaO_SDEOnly_UniformMix_Pruned_Weighted DTLZ5 M15 run 12 FE=300 IGD=0.47367565 saved
[828/2208] REMO_new2_AdaMaO_SDEOnly_UniformMix_Pruned_Weighted DTLZ5 M15 run 11 FE=300 IGD=0.55032268 saved
[829/2208] REMO_new2_AdaMaO_SDEOnly_UniformMix_Pruned_Weighted DTLZ5 M15 run 14 FE=300 IGD=0.46556541 saved
[830/2208] REMO_new2_AdaMaO_SDEOnly_UniformMix_Pruned_Weighted DTLZ5 M15 run 13 FE=300 IGD=0.32341351 saved
[831/2208] REMO_new2_AdaMaO_SDEOnly_UniformMix_Pruned_Weighted DTLZ5 M15 run 16 FE=300 IGD=0.66247137 saved
[832/2208] REMO_new2_AdaMaO_SDEOnly_UniformMix_Pruned_Weighted DTLZ5 M15 run 15 FE=300 IGD=0.62317731 saved
[833/2208] REMO_new2_AdaMaO_SDEOnly_UniformMix_Pruned_Weighted DTLZ5 M15 run 17 FE=300 IGD=0.68242902 saved
[834/2208] REMO_new2_AdaMaO_SDEOnly_UniformMix_Pruned_Weighted DTLZ5 M15 run 18 FE=300 IGD=0.62236587 saved
[835/2208] REMO_new2_AdaMaO_SDEOnly_UniformMix_Pruned_Weighted DTLZ5 M15 run 20 FE=300 IGD=0.50005818 saved
[836/2208] REMO_new2_AdaMaO_SDEOnly_UniformMix_Pruned_Weighted DTLZ5 M15 run 19 FE=300 IGD=0.55421458 saved
[837/2208] REMO_new2_AdaMaO_SDEOnly_UniformMix_Pruned_Weighted DTLZ5 M15 run 22 FE=300 IGD=0.52683782 saved
[838/2208] REMO_new2_AdaMaO_SDEOnly_UniformMix_Pruned_Weighted DTLZ5 M15 run 21 FE=300 IGD=0.62263331 saved
[839/2208] REMO_new2_AdaMaO_SDEOnly_UniformMix_Pruned_Weighted DTLZ5 M15 run 23 FE=300 IGD=0.48474109 saved
[840/2208] REMO_new2_AdaMaO_SDEOnly_UniformMix_Pruned_Weighted DTLZ5 M15 run 24 FE=300 IGD=0.6444991 saved
[841/2208] REMO_new2_AdaMaO_SDEOnly_UniformMix_Pruned_Weighted DTLZ5 M15 run 25 FE=300 IGD=0.70519306 saved
[842/2208] REMO_new2_AdaMaO_SDEOnly_UniformMix_Pruned_Weighted DTLZ5 M15 run 26 FE=300 IGD=0.65608462 saved
[843/2208] REMO_new2_AdaMaO_SDEOnly_UniformMix_Pruned_Weighted DTLZ5 M15 run 28 FE=300 IGD=0.55566103 saved
[844/2208] REMO_new2_AdaMaO_SDEOnly_UniformMix_Pruned_Weighted DTLZ5 M15 run 27 FE=300 IGD=0.61773533 saved
[845/2208] REMO_new2_AdaMaO_SDEOnly_UniformMix_Pruned_Weighted DTLZ5 M15 run 30 FE=300 IGD=0.57079244 saved
[846/2208] REMO_new2_AdaMaO_SDEOnly_UniformMix_Pruned_Weighted DTLZ5 M15 run 29 FE=300 IGD=0.58238767 saved
[847/2208] PCSAEA_N100 DTLZ6 M15 run 19 FE=300 IGD=12.667192 saved
[848/2208] PCSAEA_N100 DTLZ6 M15 run 20 FE=300 IGD=12.8946 saved
[849/2208] PCSAEA_N100 DTLZ6 M15 run 21 FE=300 IGD=12.986657 saved
[850/2208] PCSAEA_N100 DTLZ6 M15 run 22 FE=300 IGD=12.786549 saved
[851/2208] PCSAEA_N100 DTLZ6 M15 run 23 FE=300 IGD=12.869765 saved
[852/2208] PCSAEA_N100 DTLZ6 M15 run 24 FE=300 IGD=12.916559 saved
[853/2208] PCSAEA_N100 DTLZ6 M15 run 25 FE=300 IGD=12.95676 saved
[854/2208] PCSAEA_N100 DTLZ6 M15 run 26 FE=300 IGD=12.401881 saved
[855/2208] PCSAEA_N100 DTLZ6 M15 run 27 FE=300 IGD=13.143776 saved
[856/2208] PCSAEA_N100 DTLZ6 M15 run 28 FE=300 IGD=13.100655 saved
[857/2208] PCSAEA_N100 DTLZ6 M15 run 29 FE=300 IGD=13.35159 saved
[858/2208] PCSAEA_N100 DTLZ6 M15 run 30 FE=300 IGD=12.620474 saved
[859/2208] KRVEA_100 DTLZ6 M15 run 20 FE=300 IGD=13.09053 saved
[860/2208] KRVEA_100 DTLZ6 M15 run 19 FE=300 IGD=11.662544 saved
[861/2208] KRVEA_100 DTLZ6 M15 run 22 FE=300 IGD=12.019363 saved
[862/2208] KRVEA_100 DTLZ6 M15 run 21 FE=300 IGD=12.11337 saved
[863/2208] KRVEA_100 DTLZ6 M15 run 23 FE=300 IGD=12.08158 saved
[864/2208] KRVEA_100 DTLZ6 M15 run 24 FE=300 IGD=11.363257 saved
[865/2208] KRVEA_100 DTLZ6 M15 run 26 FE=300 IGD=11.545954 saved
[866/2208] KRVEA_100 DTLZ6 M15 run 25 FE=300 IGD=11.472856 saved
[867/2208] KRVEA_100 DTLZ6 M15 run 27 FE=300 IGD=12.325302 saved
[868/2208] KRVEA_100 DTLZ6 M15 run 28 FE=300 IGD=11.579053 saved
[869/2208] KRVEA_100 DTLZ6 M15 run 29 FE=300 IGD=11.822773 saved
[870/2208] KRVEA_100 DTLZ6 M15 run 30 FE=300 IGD=11.403454 saved
[871/2208] REMO_new2_AdaMaO_SDEOnly_UniformMix_Pruned_Weighted DTLZ6 M15 run 02 FE=300 IGD=8.8107981 saved
[872/2208] REMO_new2_AdaMaO_SDEOnly_UniformMix_Pruned_Weighted DTLZ6 M15 run 01 FE=300 IGD=9.974267 saved
[873/2208] REMO_new2_AdaMaO_SDEOnly_UniformMix_Pruned_Weighted DTLZ6 M15 run 03 FE=300 IGD=11.620269 saved
[874/2208] REMO_new2_AdaMaO_SDEOnly_UniformMix_Pruned_Weighted DTLZ6 M15 run 04 FE=300 IGD=10.624736 saved
[875/2208] REMO_new2_AdaMaO_SDEOnly_UniformMix_Pruned_Weighted DTLZ6 M15 run 05 FE=300 IGD=9.8574799 saved
[876/2208] REMO_new2_AdaMaO_SDEOnly_UniformMix_Pruned_Weighted DTLZ6 M15 run 06 FE=300 IGD=11.800754 saved
[877/2208] REMO_new2_AdaMaO_SDEOnly_UniformMix_Pruned_Weighted DTLZ6 M15 run 07 FE=300 IGD=9.5140424 saved
[878/2208] REMO_new2_AdaMaO_SDEOnly_UniformMix_Pruned_Weighted DTLZ6 M15 run 08 FE=300 IGD=11.889861 saved
[879/2208] REMO_new2_AdaMaO_SDEOnly_UniformMix_Pruned_Weighted DTLZ6 M15 run 09 FE=300 IGD=9.661996 saved
[880/2208] REMO_new2_AdaMaO_SDEOnly_UniformMix_Pruned_Weighted DTLZ6 M15 run 10 FE=300 IGD=8.0257738 saved
[881/2208] REMO_new2_AdaMaO_SDEOnly_UniformMix_Pruned_Weighted DTLZ6 M15 run 12 FE=300 IGD=11.127929 saved
[882/2208] REMO_new2_AdaMaO_SDEOnly_UniformMix_Pruned_Weighted DTLZ6 M15 run 11 FE=300 IGD=9.8547867 saved
[883/2208] REMO_new2_AdaMaO_SDEOnly_UniformMix_Pruned_Weighted DTLZ6 M15 run 14 FE=300 IGD=11.006122 saved
[884/2208] REMO_new2_AdaMaO_SDEOnly_UniformMix_Pruned_Weighted DTLZ6 M15 run 13 FE=300 IGD=11.238264 saved
[885/2208] REMO_new2_AdaMaO_SDEOnly_UniformMix_Pruned_Weighted DTLZ6 M15 run 16 FE=300 IGD=10.634409 saved
[886/2208] REMO_new2_AdaMaO_SDEOnly_UniformMix_Pruned_Weighted DTLZ6 M15 run 15 FE=300 IGD=9.9973047 saved
[887/2208] REMO_new2_AdaMaO_SDEOnly_UniformMix_Pruned_Weighted DTLZ6 M15 run 18 FE=300 IGD=11.183539 saved
[888/2208] REMO_new2_AdaMaO_SDEOnly_UniformMix_Pruned_Weighted DTLZ6 M15 run 17 FE=300 IGD=12.545376 saved
[889/2208] REMO_new2_AdaMaO_SDEOnly_UniformMix_Pruned_Weighted DTLZ6 M15 run 19 FE=300 IGD=10.220554 saved
[890/2208] REMO_new2_AdaMaO_SDEOnly_UniformMix_Pruned_Weighted DTLZ6 M15 run 20 FE=300 IGD=10.288233 saved
[891/2208] REMO_new2_AdaMaO_SDEOnly_UniformMix_Pruned_Weighted DTLZ6 M15 run 22 FE=300 IGD=7.9581107 saved
[892/2208] REMO_new2_AdaMaO_SDEOnly_UniformMix_Pruned_Weighted DTLZ6 M15 run 21 FE=300 IGD=9.132791 saved
[893/2208] REMO_new2_AdaMaO_SDEOnly_UniformMix_Pruned_Weighted DTLZ6 M15 run 24 FE=300 IGD=10.484484 saved
[894/2208] REMO_new2_AdaMaO_SDEOnly_UniformMix_Pruned_Weighted DTLZ6 M15 run 23 FE=300 IGD=11.547547 saved
[895/2208] REMO_new2_AdaMaO_SDEOnly_UniformMix_Pruned_Weighted DTLZ6 M15 run 25 FE=300 IGD=9.3698048 saved
[896/2208] REMO_new2_AdaMaO_SDEOnly_UniformMix_Pruned_Weighted DTLZ6 M15 run 26 FE=300 IGD=9.7174567 saved
