LAUNCH_M20 2026-09-14 20:45:39
Maximum local concurrency: 6 (profile=6, logical CPUs=12).
Algorithm : REMO_new2_AdaMaO_SDEOnly_UniformMix_Pruned_Weighted_Lambda020
Arm       : lambda020 {3000,0.50,0.25,0.70,6,0.20}
Problems  : DTLZ1, DTLZ2, DTLZ3, DTLZ4, DTLZ5, DTLZ6, DTLZ7 | M=20 D=30 N=100 maxFE=300 save=18
RunIds    : 1..18
Dataset   : C:\Users\lsx\Desktop\REMOandDREMO测试集\20目标\REMO_new2_AdaMaO_SDEOnly_UniformMix_Pruned_Weighted_Lambda020
Scratch   : C:\Users\lsx\AppData\Local\Temp\lambda020_m20_runs
Planned runs: 126; already present: 0; to run: 126
Starting parallel pool (parpool) using the 'Processes' profile ...
Connected to parallel pool with 6 workers.
Using 6 process workers.
[1/126] lambda020 DTLZ1 run 02 IGD=76.40451474 | elapsed 6.4 min
[2/126] lambda020 DTLZ1 run 04 IGD=89.37568158 | elapsed 6.5 min
[3/126] lambda020 DTLZ1 run 01 IGD=69.36855577 | elapsed 6.5 min
[4/126] lambda020 DTLZ1 run 06 IGD=124.32503 | elapsed 6.6 min
[5/126] lambda020 DTLZ1 run 05 IGD=82.56416318 | elapsed 6.6 min
[6/126] lambda020 DTLZ1 run 03 IGD=73.06248169 | elapsed 6.8 min
[7/126] lambda020 DTLZ1 run 07 IGD=121.5763791 | elapsed 11.9 min
[8/126] lambda020 DTLZ1 run 08 IGD=82.75454009 | elapsed 12.0 min
[9/126] lambda020 DTLZ1 run 11 IGD=89.33278069 | elapsed 12.0 min
[10/126] lambda020 DTLZ1 run 09 IGD=104.0610592 | elapsed 12.1 min
[11/126] lambda020 DTLZ1 run 12 IGD=92.40595897 | elapsed 12.2 min
[12/126] lambda020 DTLZ1 run 10 IGD=93.12175125 | elapsed 12.2 min
[13/126] lambda020 DTLZ1 run 13 IGD=97.37182598 | elapsed 17.6 min
[14/126] lambda020 DTLZ1 run 17 IGD=110.0738583 | elapsed 17.6 min
[15/126] lambda020 DTLZ1 run 15 IGD=64.52341832 | elapsed 17.6 min
[16/126] lambda020 DTLZ1 run 14 IGD=87.55627633 | elapsed 17.7 min
[17/126] lambda020 DTLZ1 run 18 IGD=67.40825128 | elapsed 17.7 min
[18/126] lambda020 DTLZ1 run 16 IGD=58.2628826 | elapsed 17.7 min
[19/126] lambda020 DTLZ2 run 02 IGD=1.180615328 | elapsed 23.1 min
[20/126] lambda020 DTLZ2 run 04 IGD=1.08972662 | elapsed 23.2 min
[21/126] lambda020 DTLZ2 run 01 IGD=1.225284117 | elapsed 23.2 min
[22/126] lambda020 DTLZ2 run 03 IGD=1.152206918 | elapsed 23.2 min
[23/126] lambda020 DTLZ2 run 06 IGD=1.153014887 | elapsed 23.4 min
[24/126] lambda020 DTLZ2 run 05 IGD=1.066939388 | elapsed 23.4 min
[25/126] lambda020 DTLZ2 run 07 IGD=1.187912464 | elapsed 28.7 min
[26/126] lambda020 DTLZ2 run 08 IGD=1.121142663 | elapsed 28.9 min
[27/126] lambda020 DTLZ2 run 10 IGD=1.192380351 | elapsed 28.9 min
[28/126] lambda020 DTLZ2 run 09 IGD=1.203938791 | elapsed 28.9 min
[29/126] lambda020 DTLZ2 run 12 IGD=1.123294526 | elapsed 29.0 min
[30/126] lambda020 DTLZ2 run 11 IGD=1.151810108 | elapsed 29.1 min
[31/126] lambda020 DTLZ2 run 13 IGD=1.194355603 | elapsed 34.3 min
[32/126] lambda020 DTLZ2 run 14 IGD=1.209584103 | elapsed 34.5 min
[33/126] lambda020 DTLZ2 run 16 IGD=1.140590607 | elapsed 34.5 min
[34/126] lambda020 DTLZ2 run 18 IGD=1.224452381 | elapsed 34.8 min
[35/126] lambda020 DTLZ2 run 15 IGD=1.13317811 | elapsed 34.9 min
[36/126] lambda020 DTLZ2 run 17 IGD=1.188898063 | elapsed 34.9 min
[37/126] lambda020 DTLZ3 run 02 IGD=405.4480904 | elapsed 39.4 min
[38/126] lambda020 DTLZ3 run 03 IGD=272.6129576 | elapsed 39.5 min
[39/126] lambda020 DTLZ3 run 01 IGD=393.8037359 | elapsed 39.5 min
[40/126] lambda020 DTLZ3 run 04 IGD=357.2765755 | elapsed 39.8 min
[41/126] lambda020 DTLZ3 run 06 IGD=270.5439152 | elapsed 39.9 min
[42/126] lambda020 DTLZ3 run 05 IGD=405.0337131 | elapsed 40.1 min
[43/126] lambda020 DTLZ3 run 08 IGD=316.3865881 | elapsed 44.4 min
[44/126] lambda020 DTLZ3 run 09 IGD=291.8982915 | elapsed 44.7 min
[45/126] lambda020 DTLZ3 run 07 IGD=217.5421514 | elapsed 44.7 min
[46/126] lambda020 DTLZ3 run 10 IGD=359.3644629 | elapsed 45.0 min
[47/126] lambda020 DTLZ3 run 11 IGD=322.6520152 | elapsed 45.2 min
[48/126] lambda020 DTLZ3 run 12 IGD=328.380678 | elapsed 45.5 min
[49/126] lambda020 DTLZ3 run 13 IGD=315.4883672 | elapsed 50.0 min
[50/126] lambda020 DTLZ3 run 14 IGD=250.0731962 | elapsed 50.2 min
[51/126] lambda020 DTLZ3 run 15 IGD=305.529416 | elapsed 50.4 min
[52/126] lambda020 DTLZ3 run 16 IGD=386.0340834 | elapsed 50.7 min
[53/126] lambda020 DTLZ3 run 17 IGD=381.0906218 | elapsed 50.7 min
[54/126] lambda020 DTLZ3 run 18 IGD=358.707057 | elapsed 50.9 min
[55/126] lambda020 DTLZ4 run 02 IGD=1.101628207 | elapsed 55.3 min
[56/126] lambda020 DTLZ4 run 01 IGD=1.106429481 | elapsed 55.4 min
[57/126] lambda020 DTLZ4 run 03 IGD=1.043596786 | elapsed 55.6 min
[58/126] lambda020 DTLZ4 run 06 IGD=1.020729577 | elapsed 56.0 min
[59/126] lambda020 DTLZ4 run 05 IGD=1.138509193 | elapsed 56.1 min
[60/126] lambda020 DTLZ4 run 04 IGD=1.024762701 | elapsed 56.3 min
[61/126] lambda020 DTLZ4 run 07 IGD=1.018154936 | elapsed 61.5 min
[62/126] lambda020 DTLZ4 run 08 IGD=1.084766202 | elapsed 61.5 min
[63/126] lambda020 DTLZ4 run 09 IGD=1.075056841 | elapsed 61.8 min
[64/126] lambda020 DTLZ4 run 10 IGD=1.016346209 | elapsed 62.2 min
[65/126] lambda020 DTLZ4 run 11 IGD=1.079914768 | elapsed 62.3 min
[66/126] lambda020 DTLZ4 run 12 IGD=1.148018699 | elapsed 62.3 min
[67/126] lambda020 DTLZ4 run 13 IGD=1.056761448 | elapsed 66.4 min
[68/126] lambda020 DTLZ4 run 14 IGD=1.049830608 | elapsed 66.6 min
[69/126] lambda020 DTLZ4 run 15 IGD=1.076240918 | elapsed 66.8 min
[70/126] lambda020 DTLZ4 run 16 IGD=0.9812752546 | elapsed 67.2 min
[71/126] lambda020 DTLZ4 run 17 IGD=1.096717583 | elapsed 67.3 min
[72/126] lambda020 DTLZ4 run 18 IGD=1.054203395 | elapsed 67.4 min
[73/126] lambda020 DTLZ5 run 01 IGD=0.2748387053 | elapsed 71.4 min
[74/126] lambda020 DTLZ5 run 02 IGD=0.2967023421 | elapsed 71.4 min
[75/126] lambda020 DTLZ5 run 03 IGD=0.371975344 | elapsed 71.8 min
[76/126] lambda020 DTLZ5 run 04 IGD=0.3087738927 | elapsed 72.0 min
[77/126] lambda020 DTLZ5 run 06 IGD=0.3550730453 | elapsed 72.4 min
[78/126] lambda020 DTLZ5 run 05 IGD=0.3649175379 | elapsed 72.4 min
[79/126] lambda020 DTLZ5 run 08 IGD=0.3694120357 | elapsed 76.4 min
[80/126] lambda020 DTLZ5 run 07 IGD=0.2999047022 | elapsed 76.8 min
[81/126] lambda020 DTLZ5 run 10 IGD=0.2685510455 | elapsed 76.9 min
[82/126] lambda020 DTLZ5 run 09 IGD=0.3259183974 | elapsed 77.0 min
[83/126] lambda020 DTLZ5 run 11 IGD=0.3683235085 | elapsed 77.3 min
[84/126] lambda020 DTLZ5 run 12 IGD=0.3100260418 | elapsed 77.7 min
[85/126] lambda020 DTLZ5 run 13 IGD=0.3154225611 | elapsed 81.6 min
[86/126] lambda020 DTLZ5 run 14 IGD=0.3200403858 | elapsed 81.9 min
[87/126] lambda020 DTLZ5 run 15 IGD=0.3376039074 | elapsed 82.1 min
[88/126] lambda020 DTLZ5 run 16 IGD=0.3688942748 | elapsed 82.2 min
[89/126] lambda020 DTLZ5 run 17 IGD=0.3825175955 | elapsed 82.5 min
[90/126] lambda020 DTLZ5 run 18 IGD=0.2207557991 | elapsed 82.7 min
[91/126] lambda020 DTLZ6 run 01 IGD=6.444038625 | elapsed 86.6 min
[92/126] lambda020 DTLZ6 run 02 IGD=6.577822262 | elapsed 87.0 min
[93/126] lambda020 DTLZ6 run 03 IGD=7.378754724 | elapsed 87.1 min
[94/126] lambda020 DTLZ6 run 05 IGD=4.297436879 | elapsed 87.4 min
[95/126] lambda020 DTLZ6 run 04 IGD=7.450765232 | elapsed 87.5 min
[96/126] lambda020 DTLZ6 run 06 IGD=6.677113968 | elapsed 87.8 min
[97/126] lambda020 DTLZ6 run 07 IGD=6.37808329 | elapsed 91.8 min
[98/126] lambda020 DTLZ6 run 08 IGD=6.238666664 | elapsed 92.1 min
[99/126] lambda020 DTLZ6 run 09 IGD=5.549017487 | elapsed 92.2 min
[100/126] lambda020 DTLZ6 run 10 IGD=6.156301238 | elapsed 92.4 min
[101/126] lambda020 DTLZ6 run 11 IGD=5.39851467 | elapsed 92.6 min
[102/126] lambda020 DTLZ6 run 12 IGD=5.977462462 | elapsed 92.8 min
[103/126] lambda020 DTLZ6 run 13 IGD=6.472018135 | elapsed 96.6 min
[104/126] lambda020 DTLZ6 run 14 IGD=6.168167842 | elapsed 97.0 min
[105/126] lambda020 DTLZ6 run 15 IGD=6.75872457 | elapsed 97.1 min
[106/126] lambda020 DTLZ6 run 16 IGD=6.8448763 | elapsed 97.2 min
[107/126] lambda020 DTLZ6 run 17 IGD=5.934865572 | elapsed 97.4 min
[108/126] lambda020 DTLZ6 run 18 IGD=5.142996003 | elapsed 97.6 min
[109/126] lambda020 DTLZ7 run 01 IGD=18.46697035 | elapsed 101.6 min
[110/126] lambda020 DTLZ7 run 02 IGD=17.55962911 | elapsed 102.3 min
[111/126] lambda020 DTLZ7 run 04 IGD=14.42337109 | elapsed 102.4 min
[112/126] lambda020 DTLZ7 run 03 IGD=11.91050437 | elapsed 102.4 min
[113/126] lambda020 DTLZ7 run 05 IGD=14.25445811 | elapsed 102.5 min
[114/126] lambda020 DTLZ7 run 06 IGD=13.55060458 | elapsed 102.7 min
[115/126] lambda020 DTLZ7 run 07 IGD=20.23289516 | elapsed 106.8 min
[116/126] lambda020 DTLZ7 run 10 IGD=19.44996572 | elapsed 107.4 min
[117/126] lambda020 DTLZ7 run 09 IGD=13.37017895 | elapsed 107.5 min
[118/126] lambda020 DTLZ7 run 08 IGD=16.66140031 | elapsed 107.5 min
[119/126] lambda020 DTLZ7 run 11 IGD=15.75439486 | elapsed 107.9 min
[120/126] lambda020 DTLZ7 run 12 IGD=16.03177489 | elapsed 107.9 min
