===== M10 runs 1..20 TOPUP 2026-09-22 16:35:36  workers=12 =====
  source: SSDE                                                 D:\PlatEMO-master\PlatEMO-master\PlatEMO\Algorithms\Multi-objective optimization\SSDE\SSDE.m
  source: PCSAEA                                               D:\PlatEMO-master\PlatEMO-master\PlatEMO\Algorithms\Multi-objective optimization\PC-SAEA\PCSAEA.m
  source: SAMOEATL2M                                           D:\PlatEMO-master\PlatEMO-master\PlatEMO\Algorithms\Multi-objective optimization\SAMOEA-TL2M\SAMOEATL2M.m
  source: CSEA                                                 D:\PlatEMO-master\PlatEMO-master\PlatEMO\Algorithms\Multi-objective optimization\CSEA\CSEA.m
  source: REMO_UniformMix_Pruned_Weighted_Lambdat030_NoBatchDist D:\PlatEMO-master\PlatEMO-master\PlatEMO\Algorithms\Multi-objective optimization\REMO_UniformMix_Pruned_Weighted_Lambdat030_NoBatchDist\REMO_UniformMix_Pruned_Weighted_Lambdat030_NoBatchDist.m
  source: HES_EA                                               D:\PlatEMO-master\PlatEMO-master\PlatEMO\Algorithms\Multi-objective optimization\HES-EA\HES_EA.m
  source: REMO                                                 D:\PlatEMO-master\PlatEMO-master\PlatEMO\Algorithms\Multi-objective optimization\REMO\REMO.m
Mode      : run
Algorithms: SSDE, PCSAEA, SAMOEATL2M, CSEA, REMO_UniformMix_Pruned_Weighted_Lambdat030_NoBatchDist, HES_EA, REMO
Scale     : M=10 D=30 N=100 maxFE=500 save=30 | runs 1..20
Dataset   : C:\Users\lsx\Desktop\REMOandDREMO测试集\10目标\n30\FE500
Planned runs: 2240; already present: 1504; to run: 736
Raising the pool cap from 6 to 12 workers (profile untouched).
Starting parallel pool (parpool) using the 'Processes' profile ...
Connected to parallel pool with 12 workers.
Using 12 process workers (NumThreads=1).
[   1/ 736] DTLZ1   run 14 FE=505 IGD=275.30042 | 0.1 min, 6.0 s/run, eta 73.7 min
[   2/ 736] DTLZ1   run 15 FE=511 IGD=307.00169 | 0.1 min, 3.0 s/run, eta 36.9 min
[   3/ 736] DTLZ1   run 12 FE=507 IGD=280.90549 | 0.1 min, 2.0 s/run, eta 24.6 min
[   4/ 736] DTLZ1   run 11 FE=502 IGD=318.3098 | 0.1 min, 1.5 s/run, eta 18.5 min
[   5/ 736] DTLZ1   run 17 FE=505 IGD=308.18494 | 0.1 min, 1.2 s/run, eta 14.8 min
[   6/ 736] DTLZ1   run 20 FE=507 IGD=303.11778 | 0.1 min, 1.0 s/run, eta 12.3 min
[   7/ 736] DTLZ1   run 18 FE=500 IGD=332.08468 | 0.1 min, 0.9 s/run, eta 10.6 min
[   8/ 736] DTLZ2   run 12 FE=501 IGD=1.9553006 | 0.1 min, 0.8 s/run, eta 9.2 min
[   9/ 736] DTLZ2   run 11 FE=506 IGD=1.9528963 | 0.1 min, 0.7 s/run, eta 8.2 min
[  10/ 736] DTLZ1   run 19 FE=509 IGD=257.46689 | 0.1 min, 0.6 s/run, eta 7.4 min
[  11/ 736] DTLZ1   run 13 FE=502 IGD=293.43363 | 0.1 min, 0.6 s/run, eta 6.7 min
[  12/ 736] DTLZ1   run 16 FE=505 IGD=328.10281 | 0.1 min, 0.5 s/run, eta 6.2 min
[  13/ 736] DTLZ2   run 13 FE=503 IGD=1.9388395 | 0.2 min, 0.8 s/run, eta 10.0 min
[  14/ 736] DTLZ2   run 18 FE=508 IGD=2.0694516 | 0.2 min, 0.8 s/run, eta 9.4 min
[  15/ 736] DTLZ2   run 17 FE=505 IGD=1.799485 | 0.2 min, 0.7 s/run, eta 8.8 min
[  16/ 736] DTLZ3   run 12 FE=512 IGD=1172.4259 | 0.2 min, 0.7 s/run, eta 8.3 min
[  17/ 736] DTLZ3   run 13 FE=511 IGD=1024.343 | 0.2 min, 0.7 s/run, eta 7.8 min
[  18/ 736] DTLZ3   run 14 FE=506 IGD=1134.1167 | 0.2 min, 0.6 s/run, eta 7.4 min
[  19/ 736] DTLZ2   run 16 FE=503 IGD=1.6145599 | 0.2 min, 0.6 s/run, eta 7.0 min
[  20/ 736] DTLZ2   run 19 FE=504 IGD=2.1701959 | 0.2 min, 0.6 s/run, eta 6.7 min
[  30/ 736] DTLZ3   run 19 FE=500 IGD=1062.8948 | 0.3 min, 0.5 s/run, eta 6.2 min
[  40/ 736] DTLZ5   run 12 FE=503 IGD=1.3636381 | 0.4 min, 0.5 s/run, eta 6.2 min
[  50/ 736] DTLZ6   run 11 FE=502 IGD=13.338566 | 0.5 min, 0.5 s/run, eta 6.2 min
[  60/ 736] DTLZ6   run 20 FE=504 IGD=13.588341 | 0.5 min, 0.5 s/run, eta 5.3 min
[  70/ 736] DTLZ7   run 20 FE=505 IGD=29.996958 | 0.6 min, 0.5 s/run, eta 5.4 min
[  80/ 736] WFG1    run 19 FE=525 IGD=3.5241177 | 0.9 min, 0.7 s/run, eta 7.4 min
[  90/ 736] WFG3    run 18 FE=502 IGD=1.8713535 | 1.2 min, 0.8 s/run, eta 8.9 min
[ 100/ 736] WFG4    run 12 FE=507 IGD=5.5980903 | 1.3 min, 0.8 s/run, eta 8.5 min
[ 110/ 736] WFG4    run 20 FE=509 IGD=5.4577286 | 1.4 min, 0.8 s/run, eta 7.8 min
[ 120/ 736] WFG5    run 20 FE=500 IGD=6.255522 | 1.5 min, 0.7 s/run, eta 7.5 min
[ 130/ 736] WFG6    run 20 FE=502 IGD=5.7984536 | 1.6 min, 0.7 s/run, eta 7.3 min
[ 140/ 736] WFG7    run 19 FE=502 IGD=6.7076023 | 1.6 min, 0.7 s/run, eta 7.0 min
[ 150/ 736] WFG9    run 11 FE=502 IGD=6.6775558 | 1.7 min, 0.7 s/run, eta 6.7 min
[ 160/ 736] WFG9    run 19 FE=501 IGD=7.5929424 | 1.8 min, 0.7 s/run, eta 6.4 min
[ 170/ 736] DTLZ4   run 20 FE=509 IGD=1.6869712 | 3.6 min, 1.3 s/run, eta 12.1 min
[ 180/ 736] WFG3    run 20 FE=507 IGD=1.6440117 | 5.1 min, 1.7 s/run, eta 15.6 min
[ 190/ 736] DTLZ1   run 11 FE=504 IGD=263.03371 | 6.4 min, 2.0 s/run, eta 18.4 min
[ 200/ 736] DTLZ1   run 18 FE=504 IGD=210.51412 | 7.4 min, 2.2 s/run, eta 19.8 min
[ 210/ 736] DTLZ2   run 18 FE=504 IGD=0.96180776 | 8.4 min, 2.4 s/run, eta 21.0 min
[ 220/ 736] DTLZ3   run 16 FE=504 IGD=1277.9675 | 8.8 min, 2.4 s/run, eta 20.6 min
[ 230/ 736] DTLZ4   run 14 FE=504 IGD=1.3108077 | 9.9 min, 2.6 s/run, eta 21.8 min
[ 240/ 736] DTLZ5   run 17 FE=504 IGD=0.26995219 | 10.9 min, 2.7 s/run, eta 22.6 min
[ 250/ 736] DTLZ6   run 19 FE=504 IGD=18.032307 | 12.0 min, 2.9 s/run, eta 23.4 min
[ 260/ 736] DTLZ7   run 19 FE=504 IGD=29.034079 | 12.9 min, 3.0 s/run, eta 23.7 min
[ 270/ 736] WFG1    run 18 FE=504 IGD=3.4056771 | 13.9 min, 3.1 s/run, eta 24.1 min
[ 280/ 736] WFG2    run 18 FE=500 IGD=4.1323796 | 14.6 min, 3.1 s/run, eta 23.8 min
[ 290/ 736] WFG3    run 18 FE=500 IGD=0.8684629 | 15.4 min, 3.2 s/run, eta 23.7 min
[ 300/ 736] WFG4    run 17 FE=504 IGD=9.9008163 | 16.4 min, 3.3 s/run, eta 23.9 min
[ 310/ 736] WFG5    run 17 FE=504 IGD=5.8268253 | 17.5 min, 3.4 s/run, eta 24.1 min
[ 320/ 736] WFG6    run 17 FE=504 IGD=7.5052216 | 18.5 min, 3.5 s/run, eta 24.1 min
[ 330/ 736] WFG7    run 18 FE=504 IGD=7.6879844 | 19.3 min, 3.5 s/run, eta 23.7 min
[ 340/ 736] WFG8    run 18 FE=504 IGD=7.3656121 | 20.1 min, 3.5 s/run, eta 23.4 min
[ 350/ 736] WFG9    run 18 FE=504 IGD=5.6030495 | 21.1 min, 3.6 s/run, eta 23.3 min
[ 360/ 736] DTLZ1   run 18 FE=503 IGD=137.1636 | 24.1 min, 4.0 s/run, eta 25.2 min
[ 370/ 736] DTLZ2   run 20 FE=501 IGD=1.1648259 | 26.7 min, 4.3 s/run, eta 26.4 min
[ 380/ 736] DTLZ3   run 18 FE=507 IGD=564.9409 | 29.1 min, 4.6 s/run, eta 27.2 min
[ 390/ 736] DTLZ4   run 18 FE=505 IGD=0.97645677 | 31.5 min, 4.8 s/run, eta 28.0 min
[ 400/ 736] DTLZ5   run 18 FE=510 IGD=0.44784106 | 32.3 min, 4.8 s/run, eta 27.1 min
[ 410/ 736] DTLZ6   run 17 FE=505 IGD=14.288039 | 34.7 min, 5.1 s/run, eta 27.6 min
[ 420/ 736] DTLZ7   run 18 FE=505 IGD=16.329165 | 37.3 min, 5.3 s/run, eta 28.1 min
[ 430/ 736] WFG1    run 18 FE=509 IGD=3.2225687 | 39.9 min, 5.6 s/run, eta 28.4 min
[ 440/ 736] WFG2    run 18 FE=507 IGD=2.0265927 | 42.4 min, 5.8 s/run, eta 28.6 min
[ 450/ 736] WFG3    run 18 FE=502 IGD=1.5263991 | 44.7 min, 6.0 s/run, eta 28.4 min
[ 460/ 736] WFG4    run 18 FE=504 IGD=9.5485864 | 45.4 min, 5.9 s/run, eta 27.2 min
[ 470/ 736] WFG5    run 18 FE=505 IGD=6.9266489 | 47.9 min, 6.1 s/run, eta 27.1 min
[ 480/ 736] WFG6    run 18 FE=505 IGD=6.674644 | 50.4 min, 6.3 s/run, eta 26.9 min
[ 490/ 736] WFG7    run 18 FE=502 IGD=6.5154172 | 52.7 min, 6.5 s/run, eta 26.5 min
[ 500/ 736] WFG8    run 19 FE=502 IGD=7.0742965 | 55.2 min, 6.6 s/run, eta 26.1 min
[ 510/ 736] WFG9    run 19 FE=501 IGD=8.4321402 | 58.1 min, 6.8 s/run, eta 25.7 min
[ 520/ 736] DTLZ1   run 17 FE=500 IGD=105.08997 | 72.8 min, 8.4 s/run, eta 30.3 min
[ 530/ 736] DTLZ2   run 17 FE=500 IGD=0.82633525 | 88.3 min, 10.0 s/run, eta 34.3 min
[ 540/ 736] DTLZ3   run 16 FE=500 IGD=640.09448 | 103.7 min, 11.5 s/run, eta 37.7 min
[ 550/ 736] DTLZ4   run 18 FE=500 IGD=0.87154347 | 119.6 min, 13.0 s/run, eta 40.4 min
[ 560/ 736] DTLZ5   run 18 FE=500 IGD=0.32151183 | 123.4 min, 13.2 s/run, eta 38.8 min
[ 570/ 736] DTLZ6   run 18 FE=500 IGD=12.649429 | 137.8 min, 14.5 s/run, eta 40.1 min
[ 580/ 736] DTLZ7   run 19 FE=500 IGD=8.3580121 | 153.2 min, 15.8 s/run, eta 41.2 min
[ 590/ 736] WFG1    run 16 FE=500 IGD=3.0803497 | 167.1 min, 17.0 s/run, eta 41.4 min
[ 600/ 736] WFG2    run 18 FE=500 IGD=1.4314437 | 183.7 min, 18.4 s/run, eta 41.6 min
[ 610/ 736] WFG3    run 17 FE=500 IGD=1.7491634 | 199.1 min, 19.6 s/run, eta 41.1 min
[ 620/ 736] WFG4    run 18 FE=500 IGD=5.1907576 | 204.0 min, 19.7 s/run, eta 38.2 min
[ 630/ 736] WFG5    run 18 FE=500 IGD=5.3061848 | 217.6 min, 20.7 s/run, eta 36.6 min
[ 640/ 736] WFG6    run 18 FE=500 IGD=4.8868538 | 231.6 min, 21.7 s/run, eta 34.7 min
[ 650/ 736] WFG7    run 18 FE=500 IGD=4.941991 | 245.9 min, 22.7 s/run, eta 32.5 min
[ 660/ 736] WFG8    run 17 FE=500 IGD=5.15217 | 260.7 min, 23.7 s/run, eta 30.0 min
[ 670/ 736] WFG9    run 17 FE=500 IGD=5.3373513 | 280.7 min, 25.1 s/run, eta 27.7 min
[ 680/ 736] DTLZ4   run 20 FE=504 IGD=1.3119403 | 304.6 min, 26.9 s/run, eta 25.1 min
[ 690/ 736] WFG1    run 20 FE=504 IGD=3.2227458 | 337.8 min, 29.4 s/run, eta 22.5 min
[ 700/ 736] WFG7    run 20 FE=504 IGD=5.4669993 | 372.2 min, 31.9 s/run, eta 19.1 min
[ 710/ 736] DTLZ3   run 20 FE=500 IGD=502.92435 | 395.1 min, 33.4 s/run, eta 14.5 min
[ 720/ 736] WFG1    run 19 FE=500 IGD=3.1345615 | 412.7 min, 34.4 s/run, eta 9.2 min
[ 730/ 736] WFG6    run 20 FE=500 IGD=6.0044897 | 430.6 min, 35.4 s/run, eta 3.5 min
[ 736/ 736] WFG9    run 19 FE=500 IGD=7.0950979 | 436.4 min, 35.6 s/run, eta 0.0 min
COMPLETE: 736 run(s) in 436.4 min, 0 failure(s).

ans = 

  包含以下字段的 1x736 struct 数组:

    ok
    algorithm
    problem
    runId
    IGD
    FE
    message
    file
    runtimeSeconds

Parallel pool using the 'Processes' profile is shutting down.
END 2026-09-22 23:55:15 rc=0
