===== IGDp M10 START 2026-09-22 08:38:01 =====

########## SSDE (M=10) ##########
Starting parallel pool (parpool) using the 'Processes' profile ...
Connected to parallel pool with 12 workers.
MergeIGDpForDir SSDE M=10 : written 160, reused 0, 1.7 min

########## PCSAEA (M=10) ##########
MergeIGDpForDir PCSAEA M=10 : written 252, reused 36, 3.5 min

########## SAMOEATL2M (M=10) ##########
MergeIGDpForDir SAMOEATL2M M=10 : written 160, reused 0, 3.5 min

########## CSEA (M=10) ##########
MergeIGDpForDir CSEA M=10 : written 160, reused 0, 2.3 min

########## REMO_UniformMix_Pruned_Weighted_Lambdat030_NoBatchDist (M=10) ##########
MergeIGDpForDir REMO_UniformMix_Pruned_Weighted_Lambdat030_NoBatchDist M=10 : written 160, reused 0, 2.6 min

########## HES_EA (M=10) ##########
MergeIGDpForDir HES_EA M=10 : written 252, reused 36, 4.0 min

########## REMO (M=10) ##########
MergeIGDpForDir REMO M=10 : written 252, reused 36, 3.1 min

MergeAllFE500IGDp M=10 DONE
Parallel pool using the 'Processes' profile is shutting down.
===== END 2026-09-22 09:01:17 rc=0 =====
