===== IGDp M10 (runs 1..20) START 2026-09-22 23:55:35 =====

########## SSDE (M=10) ##########
Starting parallel pool (parpool) using the 'Processes' profile ...
Connected to parallel pool with 12 workers.
MergeIGDpForDir SSDE M=10 : written 160, reused 160, 1.5 min

########## PCSAEA (M=10) ##########
MergeIGDpForDir PCSAEA M=10 : written 32, reused 288, 0.6 min

########## SAMOEATL2M (M=10) ##########
MergeIGDpForDir SAMOEATL2M M=10 : written 160, reused 160, 3.5 min

########## CSEA (M=10) ##########
MergeIGDpForDir CSEA M=10 : written 160, reused 160, 2.4 min

########## REMO_UniformMix_Pruned_Weighted_Lambdat030_NoBatchDist (M=10) ##########
MergeIGDpForDir REMO_UniformMix_Pruned_Weighted_Lambdat030_NoBatchDist M=10 : written 160, reused 160, 2.4 min

########## HES_EA (M=10) ##########
MergeIGDpForDir HES_EA M=10 : written 32, reused 288, 1.0 min

########## REMO (M=10) ##########
MergeIGDpForDir REMO M=10 : written 32, reused 288, 0.7 min

MergeAllFE500IGDp M=10 DONE
Parallel pool using the 'Processes' profile is shutting down.
===== END 2026-09-23 00:10:54 rc=0 =====
