===== integrity check =====
scanned 288 files, anomalies 0

===== M=20, all arms restricted to run IDs 1..18 =====
-- own IGD --
DTLZ1  n=18 mean=91.993 sd=21.26
DTLZ2  n=18 mean=1.14455 sd=0.05207
DTLZ5  n=18 mean=0.346653 sd=0.04324
DTLZ7  n=18 mean=25.967 sd=4.342
WFG1   n=18 mean=5.59544 sd=0.06364
WFG3   n=18 mean=2.64468 sd=0.1598
WFG6   n=18 mean=20.2576 sd=1.046
WFG8   n=18 mean=21.352 sd=1.007

-- vs REMO --
   baseline n = [18 18 18 18 18 18 18 18]
   Problem         own        base     delta%         p    p_holm decision
   DTLZ1       91.993      67.408    -36.47%    0.0013     0.004 own-worse
   DTLZ2       1.1445      1.1173     -2.44%      0.12      0.25 ns
   DTLZ5      0.34665     0.27068    -28.07%   0.00016   0.00063 own-worse
   DTLZ7       25.967      38.239    +32.09%   8.8e-06   5.3e-05 own-better
   WFG1        5.5954      5.6202     +0.44%       0.4       0.4 ns
   WFG3        2.6447      2.2519    -17.44%   6.3e-05   0.00031 own-worse
   WFG6        20.258      24.041    +15.74%   1.9e-06   1.3e-05 own-better
   WFG8        21.352      24.953    +14.43%   4.5e-07   3.6e-06 own-better
   mean delta -2.71%; better 3, worse 3, ns 2

-- vs REMO_k --
   baseline n = [18 18 18 18 18 18 18 18]
   Problem         own        base     delta%         p    p_holm decision
   DTLZ1       91.993      101.94     +9.76%      0.22      0.57 ns
   DTLZ2       1.1445      1.1484     +0.34%      0.74      0.74 ns
   DTLZ5      0.34665     0.33109     -4.70%      0.19      0.57 ns
   DTLZ7       25.967      42.108    +38.33%   1.6e-06   1.3e-05 own-better
   WFG1        5.5954      5.6481     +0.93%     0.012     0.048 own-better
   WFG3        2.6447      2.3254    -13.73%   2.1e-05   0.00015 own-worse
   WFG6        20.258      21.493     +5.75%    0.0006    0.0036 own-better
   WFG8        21.352      22.718     +6.01%    0.0011    0.0053 own-better
   mean delta +5.34%; better 4, worse 1, ns 3

-- vs REMO_k15 --
   baseline n = [18 18 18 18 18 18 18 18]
   Problem         own        base     delta%         p    p_holm decision
   DTLZ1       91.993      57.155    -60.95%    0.0002    0.0008 own-worse
   DTLZ2       1.1445      1.0934     -4.68%     0.009     0.018 own-worse
   DTLZ5      0.34665     0.27191    -27.49%   0.00033   0.00099 own-worse
   DTLZ7       25.967      33.684    +22.91%   0.00014   0.00069 own-better
   WFG1        5.5954      5.6104     +0.27%      0.56      0.56 ns
   WFG3        2.6447      2.1827    -21.16%   3.6e-06   2.1e-05 own-worse
   WFG6        20.258      24.151    +16.12%   5.3e-07   4.2e-06 own-better
   WFG8        21.352      25.335    +15.72%   5.3e-07   4.2e-06 own-better
   mean delta -7.41%; better 3, worse 4, ns 1

-- vs REMO_UniformMixCandidate --
   baseline n = [18 18 18 18 18 18 18 18]
   Problem         own        base     delta%         p    p_holm decision
   DTLZ1       91.993      60.747    -51.44%   0.00011   0.00085 own-worse
   DTLZ2       1.1445      1.0857     -5.42%     0.018     0.074 ns
   DTLZ5      0.34665      0.2841    -22.02%   0.00047    0.0033 own-worse
   DTLZ7       25.967      22.735    -14.22%     0.038      0.11 ns
   WFG1        5.5954      5.5705     -0.45%      0.18      0.18 ns
   WFG3        2.6447      2.4822     -6.55%    0.0099      0.05 own-worse
   WFG6        20.258      20.834     +2.77%     0.045      0.11 ns
   WFG8        21.352      22.424     +4.78%    0.0056     0.034 own-better
   mean delta -11.57%; better 1, worse 3, ns 4

-- vs REMO_UniformMix_Pruned_Weighted_Lambdat030 --
   baseline n = [18 18 18 18 18 18 18 18]
   Problem         own        base     delta%         p    p_holm decision
   DTLZ1       91.993      77.516    -18.68%     0.009     0.063 ns
   DTLZ2       1.1445      1.1452     +0.06%      0.99         1 ns
   DTLZ5      0.34665     0.30755    -12.72%     0.013     0.078 ns
   DTLZ7       25.967      18.855    -37.72%   1.4e-05   0.00011 own-worse
   WFG1        5.5954      5.5822     -0.24%      0.56         1 ns
   WFG3        2.6447      2.7603     +4.19%     0.038      0.19 ns
   WFG6        20.258      19.385     -4.50%     0.045      0.19 ns
   WFG8        21.352      20.711     -3.09%     0.069      0.21 ns
   mean delta -9.09%; better 0, worse 1, ns 7

===== M=20 two-by-two (k=30 corner arms) =====
Problem    noPAQC/no     +PAQC/no  noPAQC/cand   +PAQC/cand
DTLZ1        101.94       81.313       91.993       77.516
DTLZ2        1.1484       1.1979       1.1445       1.1452
DTLZ5       0.33109      0.26667      0.34665      0.30755
DTLZ7        42.108       25.637       25.967       18.855
WFG1         5.6481       5.6149       5.5954       5.5822
WFG3         2.3254       2.6644       2.6447       2.7603
WFG6         21.493       19.109       20.258       19.385
WFG8         22.718       21.098       21.352       20.711

Effects (%, positive = module helps), * = Holm<0.05
Problem     PAQC|noCand   PAQC|withCand     Cand|noPAQC   Cand|withPAQC
DTLZ1          20.24%+         15.74%           9.76%           4.67% 
DTLZ2          -4.31%-         -0.06%           0.34%           4.40% 
DTLZ5          19.46%+         11.28%          -4.70%         -15.33% 
DTLZ7          39.12%+         27.39%+         38.33%+         26.45%+
WFG1            0.59%           0.24%           0.93%+          0.58% 
WFG3          -14.58%-         -4.37%         -13.73%-         -3.60% 
WFG6           11.09%+          4.31%           5.75%+         -1.44% 
WFG8            7.13%+          3.00%           6.01%+          1.83% 

effect                mean%   sig+   sig-
PAQC|noCand           +9.84      5      2
PAQC|withCand         +7.19      1      0
Cand|noPAQC           +5.34      4      1
Cand|withPAQC         +2.20      1      0
