Algorithm : RMEO_k_CDIS
Parameters: [3000 0.5 0.7 6]
Problems  : DTLZ3, DTLZ4, DTLZ6, WFG2, WFG4, WFG5, WFG7, WFG9
Budget    : M=10 and M=20, requested D=30, N=100, maxFE=300, save=30
Run IDs   : 1..18 (18 per problem and objective count)
Seed mode : paper
Workers   : 6
Planned 288 jobs; present 0; to run 288.
Data      : C:\Users\lsx\Desktop\REMOandDREMO测试集\10目标\n30\RMEO_k_CDIS
Data      : C:\Users\lsx\Desktop\REMOandDREMO测试集\20目标\RMEO_k_CDIS
Starting parallel pool (parpool) using the 'Processes' profile ...
Connected to parallel pool with 6 workers.
Using 6 process workers.
[1/288] M10 DTLZ3  run 02 FE=300 IGD=668.7497 (420 s)
[2/288] M10 DTLZ3  run 05 FE=300 IGD=990.2053 (421 s)
[3/288] M10 DTLZ3  run 06 FE=300 IGD=1197.945 (433 s)
[4/288] M10 DTLZ3  run 04 FE=300 IGD=914.9336 (437 s)
[5/288] M10 DTLZ3  run 01 FE=300 IGD=895.5165 (439 s)
[6/288] M10 DTLZ3  run 03 FE=300 IGD=972.962 (439 s)
[7/288] M10 DTLZ3  run 08 FE=300 IGD=986.628 (388 s)
[8/288] M10 DTLZ3  run 07 FE=300 IGD=1064.352 (391 s)
[9/288] M10 DTLZ3  run 09 FE=300 IGD=1073.993 (380 s)
[10/288] M10 DTLZ3  run 10 FE=300 IGD=1062.512 (383 s)
[11/288] M10 DTLZ3  run 11 FE=300 IGD=1162.166 (391 s)
[12/288] M10 DTLZ3  run 12 FE=300 IGD=650.4914 (392 s)
[13/288] M10 DTLZ3  run 13 FE=300 IGD=995.1678 (382 s)
[14/288] M10 DTLZ3  run 14 FE=300 IGD=1128.64 (395 s)
[15/288] M10 DTLZ3  run 15 FE=300 IGD=1266.658 (403 s)
[16/288] M10 DTLZ3  run 16 FE=300 IGD=1220.558 (399 s)
[17/288] M10 DTLZ3  run 17 FE=300 IGD=1128.609 (422 s)
[18/288] M10 DTLZ3  run 18 FE=300 IGD=812.4266 (423 s)
[19/288] M10 DTLZ4  run 01 FE=300 IGD=1.256729 (427 s)
[20/288] M10 DTLZ4  run 03 FE=300 IGD=1.346627 (403 s)
[21/288] M10 DTLZ4  run 02 FE=300 IGD=1.181312 (423 s)
[22/288] M10 DTLZ4  run 04 FE=300 IGD=1.200312 (414 s)
[23/288] M10 DTLZ4  run 05 FE=300 IGD=1.17646 (393 s)
[24/288] M10 DTLZ4  run 06 FE=300 IGD=1.197754 (402 s)
[25/288] M10 DTLZ4  run 07 FE=300 IGD=1.131908 (411 s)
[26/288] M10 DTLZ4  run 10 FE=300 IGD=1.212336 (396 s)
[27/288] M10 DTLZ4  run 08 FE=300 IGD=1.201428 (422 s)
[28/288] M10 DTLZ4  run 09 FE=300 IGD=1.39116 (425 s)
[29/288] M10 DTLZ4  run 11 FE=300 IGD=1.056143 (410 s)
[30/288] M10 DTLZ4  run 12 FE=300 IGD=1.318001 (410 s)
[31/288] M10 DTLZ4  run 13 FE=300 IGD=1.29124 (400 s)
[32/288] M10 DTLZ4  run 15 FE=300 IGD=1.139494 (411 s)
[33/288] M10 DTLZ4  run 14 FE=300 IGD=1.2883 (426 s)
[34/288] M10 DTLZ4  run 16 FE=300 IGD=1.412325 (414 s)
[35/288] M10 DTLZ4  run 17 FE=300 IGD=1.286738 (412 s)
[36/288] M10 DTLZ4  run 18 FE=300 IGD=1.389455 (430 s)
[37/288] M10 DTLZ6  run 01 FE=300 IGD=16.1184 (428 s)
[38/288] M10 DTLZ6  run 02 FE=300 IGD=14.70576 (431 s)
[39/288] M10 DTLZ6  run 04 FE=300 IGD=16.35026 (421 s)
[40/288] M10 DTLZ6  run 03 FE=300 IGD=14.86724 (437 s)
[41/288] M10 DTLZ6  run 05 FE=300 IGD=16.91725 (430 s)
[42/288] M10 DTLZ6  run 06 FE=300 IGD=16.93575 (431 s)
[43/288] M10 DTLZ6  run 07 FE=300 IGD=17.02715 (423 s)
[44/288] M10 DTLZ6  run 08 FE=300 IGD=15.90005 (420 s)
[45/288] M10 DTLZ6  run 10 FE=300 IGD=16.73264 (424 s)
[46/288] M10 DTLZ6  run 11 FE=300 IGD=15.5853 (427 s)
[47/288] M10 DTLZ6  run 09 FE=300 IGD=16.36307 (439 s)
[48/288] M10 DTLZ6  run 12 FE=300 IGD=16.47828 (433 s)
[49/288] M10 DTLZ6  run 13 FE=300 IGD=14.83001 (426 s)
[50/288] M10 DTLZ6  run 15 FE=300 IGD=17.49714 (432 s)
[51/288] M10 DTLZ6  run 17 FE=300 IGD=16.69597 (423 s)
[52/288] M10 DTLZ6  run 16 FE=300 IGD=16.2719 (430 s)
[53/288] M10 DTLZ6  run 14 FE=300 IGD=16.65435 (456 s)
[54/288] M10 DTLZ6  run 18 FE=300 IGD=15.22541 (424 s)
[55/288] M10 WFG2   run 01 FE=300 IGD=2.07843 (477 s)
[56/288] M10 WFG2   run 02 FE=300 IGD=2.382068 (436 s)
[57/288] M10 WFG2   run 04 FE=300 IGD=4.888747 (445 s)
[58/288] M10 WFG2   run 05 FE=300 IGD=4.128043 (461 s)
[59/288] M10 WFG2   run 03 FE=300 IGD=2.507942 (481 s)
[60/288] M10 WFG2   run 06 FE=300 IGD=1.736485 (464 s)
Algorithm : RMEO_k_CDIS
Parameters: [3000 0.5 0.7 6]
Problems  : DTLZ3, DTLZ4, DTLZ6, WFG2, WFG4, WFG5, WFG7, WFG9
Budget    : M=10 and M=20, requested D=30, N=100, maxFE=300, save=30
Run IDs   : 1..18 (18 per problem and objective count)
Seed mode : paper
Workers   : 5
Planned 288 jobs; present 60; to run 228.
Data      : C:\Users\lsx\Desktop\REMOandDREMO测试集\10目标\n30\RMEO_k_CDIS
Data      : C:\Users\lsx\Desktop\REMOandDREMO测试集\20目标\RMEO_k_CDIS
Starting parallel pool (parpool) using the 'Processes' profile ...
Connected to parallel pool with 5 workers.
Using 5 process workers.
[1/228] M10 WFG2   run 08 FE=300 IGD=3.619776 (438 s)
[2/228] M10 WFG2   run 11 FE=300 IGD=2.150496 (458 s)
[3/228] M10 WFG2   run 09 FE=300 IGD=2.157584 (469 s)
[4/228] M10 WFG2   run 10 FE=300 IGD=1.784067 (473 s)
[5/228] M10 WFG2   run 07 FE=300 IGD=2.97508 (482 s)
[6/228] M10 WFG2   run 12 FE=300 IGD=3.375355 (375 s)
[7/228] M10 WFG2   run 13 FE=300 IGD=2.172841 (395 s)
[8/228] M10 WFG2   run 14 FE=300 IGD=2.741302 (396 s)
[9/228] M10 WFG2   run 16 FE=300 IGD=3.161612 (385 s)
[10/228] M10 WFG2   run 15 FE=300 IGD=4.044212 (396 s)
[11/228] M10 WFG2   run 17 FE=300 IGD=2.091638 (384 s)
[12/228] M10 WFG4   run 02 FE=300 IGD=6.823455 (348 s)
[13/228] M10 WFG4   run 03 FE=300 IGD=7.057374 (345 s)
[14/228] M10 WFG4   run 01 FE=300 IGD=7.579562 (348 s)
[15/228] M10 WFG2   run 18 FE=300 IGD=2.03849 (362 s)
[16/228] M10 WFG4   run 04 FE=300 IGD=7.532176 (336 s)
[17/228] M10 WFG4   run 06 FE=300 IGD=7.732216 (327 s)
[18/228] M10 WFG4   run 07 FE=300 IGD=6.60423 (334 s)
[19/228] M10 WFG4   run 08 FE=300 IGD=6.230052 (334 s)
[20/228] M10 WFG4   run 05 FE=300 IGD=7.43372 (354 s)
[21/228] M10 WFG4   run 09 FE=300 IGD=5.928893 (347 s)
[22/228] M10 WFG4   run 12 FE=300 IGD=6.635562 (335 s)
[23/228] M10 WFG4   run 10 FE=300 IGD=6.944887 (349 s)
[24/228] M10 WFG4   run 11 FE=300 IGD=6.700538 (346 s)
[25/228] M10 WFG4   run 13 FE=300 IGD=6.306869 (345 s)
[26/228] M10 WFG4   run 14 FE=300 IGD=7.267892 (325 s)
[27/228] M10 WFG4   run 15 FE=300 IGD=6.736778 (342 s)
[28/228] M10 WFG4   run 17 FE=300 IGD=7.032146 (338 s)
[29/228] M10 WFG4   run 16 FE=300 IGD=5.859433 (343 s)
[30/228] M10 WFG4   run 18 FE=300 IGD=7.485596 (333 s)
[31/228] M10 WFG5   run 01 FE=300 IGD=6.810877 (334 s)
[32/228] M10 WFG5   run 02 FE=300 IGD=6.752759 (327 s)
[33/228] M10 WFG5   run 03 FE=300 IGD=5.81651 (332 s)
[34/228] M10 WFG5   run 04 FE=300 IGD=5.838509 (337 s)
[35/228] M10 WFG5   run 05 FE=300 IGD=5.756845 (331 s)
[36/228] M10 WFG5   run 06 FE=300 IGD=5.316106 (326 s)
[37/228] M10 WFG5   run 07 FE=300 IGD=5.506949 (320 s)
[38/228] M10 WFG5   run 08 FE=300 IGD=6.523583 (336 s)
[39/228] M10 WFG5   run 10 FE=300 IGD=6.005674 (330 s)
[40/228] M10 WFG5   run 09 FE=300 IGD=6.728094 (339 s)
[41/228] M10 WFG5   run 11 FE=300 IGD=5.39565 (343 s)
[42/228] M10 WFG5   run 12 FE=300 IGD=6.095478 (337 s)
[43/228] M10 WFG5   run 15 FE=300 IGD=5.917634 (328 s)
[44/228] M10 WFG5   run 14 FE=300 IGD=5.882725 (331 s)
[45/228] M10 WFG5   run 13 FE=300 IGD=5.459457 (341 s)
[46/228] M10 WFG5   run 17 FE=300 IGD=5.538957 (332 s)
[47/228] M10 WFG5   run 16 FE=300 IGD=5.746641 (341 s)
[48/228] M10 WFG5   run 18 FE=300 IGD=5.751814 (335 s)
[49/228] M10 WFG7   run 01 FE=300 IGD=5.802912 (336 s)
[50/228] M10 WFG7   run 02 FE=300 IGD=5.061093 (335 s)
[51/228] M10 WFG7   run 03 FE=300 IGD=5.920213 (336 s)
[52/228] M10 WFG7   run 04 FE=300 IGD=5.75825 (345 s)
[53/228] M10 WFG7   run 07 FE=300 IGD=5.977973 (326 s)
[54/228] M10 WFG7   run 06 FE=300 IGD=5.524381 (331 s)
[55/228] M10 WFG7   run 05 FE=300 IGD=6.237798 (337 s)
[56/228] M10 WFG7   run 08 FE=300 IGD=5.225351 (344 s)
[57/228] M10 WFG7   run 09 FE=300 IGD=5.787603 (333 s)
[58/228] M10 WFG7   run 10 FE=300 IGD=5.253532 (334 s)
[59/228] M10 WFG7   run 11 FE=300 IGD=5.318876 (341 s)
[60/228] M10 WFG7   run 12 FE=300 IGD=5.54167 (337 s)
[61/228] M10 WFG7   run 14 FE=300 IGD=5.351229 (334 s)
[62/228] M10 WFG7   run 17 FE=300 IGD=5.573861 (326 s)
[63/228] M10 WFG7   run 13 FE=300 IGD=6.490088 (353 s)
[64/228] M10 WFG7   run 16 FE=300 IGD=5.456303 (342 s)
[65/228] M10 WFG7   run 15 FE=300 IGD=5.729109 (352 s)
[66/228] M10 WFG7   run 18 FE=300 IGD=5.884091 (331 s)
[67/228] M10 WFG9   run 01 FE=300 IGD=6.992513 (329 s)
[68/228] M10 WFG9   run 02 FE=300 IGD=6.802945 (336 s)
[69/228] M10 WFG9   run 03 FE=300 IGD=5.855621 (334 s)
[70/228] M10 WFG9   run 04 FE=300 IGD=5.900587 (346 s)
[71/228] M10 WFG9   run 05 FE=300 IGD=6.647961 (347 s)
[72/228] M10 WFG9   run 06 FE=300 IGD=6.296929 (347 s)
[73/228] M10 WFG9   run 08 FE=300 IGD=6.548506 (337 s)
[74/228] M10 WFG9   run 07 FE=300 IGD=6.918401 (350 s)
[75/228] M10 WFG9   run 09 FE=300 IGD=6.627173 (342 s)
[76/228] M10 WFG9   run 10 FE=300 IGD=6.102841 (343 s)
[77/228] M10 WFG9   run 13 FE=300 IGD=6.339621 (334 s)
[78/228] M10 WFG9   run 12 FE=300 IGD=6.658694 (343 s)
[79/228] M10 WFG9   run 11 FE=300 IGD=7.13745 (353 s)
[80/228] M10 WFG9   run 14 FE=300 IGD=6.313454 (335 s)
[81/228] M10 WFG9   run 15 FE=300 IGD=6.640419 (328 s)
[82/228] M10 WFG9   run 18 FE=300 IGD=7.010465 (328 s)
[83/228] M10 WFG9   run 17 FE=300 IGD=6.352908 (341 s)
[84/228] M10 WFG9   run 16 FE=300 IGD=7.320602 (346 s)
[85/228] M20 DTLZ3  run 01 FE=300 IGD=317.9545 (336 s)
[86/228] M20 DTLZ3  run 02 FE=300 IGD=395.579 (324 s)
[87/228] M20 DTLZ3  run 03 FE=300 IGD=425.9028 (326 s)
[88/228] M20 DTLZ3  run 05 FE=300 IGD=330.7273 (317 s)
[89/228] M20 DTLZ3  run 04 FE=300 IGD=357.9062 (327 s)
[90/228] M20 DTLZ3  run 06 FE=300 IGD=394.7147 (324 s)
[91/228] M20 DTLZ3  run 07 FE=300 IGD=359.0387 (318 s)
[92/228] M20 DTLZ3  run 08 FE=300 IGD=344.4233 (320 s)
[93/228] M20 DTLZ3  run 10 FE=300 IGD=532.2153 (316 s)
[94/228] M20 DTLZ3  run 09 FE=300 IGD=261.3383 (334 s)
[95/228] M20 DTLZ3  run 11 FE=300 IGD=398.7107 (337 s)
[96/228] M20 DTLZ3  run 12 FE=300 IGD=474.4321 (315 s)
[97/228] M20 DTLZ3  run 13 FE=300 IGD=456.9618 (322 s)
[98/228] M20 DTLZ3  run 14 FE=300 IGD=299.5849 (329 s)
[99/228] M20 DTLZ3  run 15 FE=300 IGD=502.4061 (323 s)
[100/228] M20 DTLZ3  run 16 FE=300 IGD=363.19 (319 s)
[101/228] M20 DTLZ3  run 17 FE=300 IGD=392.0921 (330 s)
[102/228] M20 DTLZ3  run 18 FE=300 IGD=285.5548 (328 s)
[103/228] M20 DTLZ4  run 01 FE=300 IGD=1.049805 (326 s)
[104/228] M20 DTLZ4  run 02 FE=300 IGD=1.077055 (327 s)
[105/228] M20 DTLZ4  run 03 FE=300 IGD=1.087456 (327 s)
[106/228] M20 DTLZ4  run 04 FE=300 IGD=1.057991 (323 s)
[107/228] M20 DTLZ4  run 05 FE=300 IGD=1.103602 (311 s)
[108/228] M20 DTLZ4  run 06 FE=300 IGD=1.025851 (318 s)
[109/228] M20 DTLZ4  run 08 FE=300 IGD=1.133249 (318 s)
[110/228] M20 DTLZ4  run 07 FE=300 IGD=1.123467 (337 s)
[111/228] M20 DTLZ4  run 09 FE=300 IGD=1.109226 (314 s)
[112/228] M20 DTLZ4  run 10 FE=300 IGD=1.15578 (308 s)
[113/228] M20 DTLZ4  run 11 FE=300 IGD=1.052156 (327 s)
[114/228] M20 DTLZ4  run 12 FE=300 IGD=1.169408 (328 s)
[115/228] M20 DTLZ4  run 13 FE=300 IGD=1.08675 (345 s)
[116/228] M20 DTLZ4  run 14 FE=300 IGD=1.174104 (316 s)
[117/228] M20 DTLZ4  run 15 FE=300 IGD=1.173983 (329 s)
[118/228] M20 DTLZ4  run 16 FE=300 IGD=1.160975 (320 s)
[119/228] M20 DTLZ4  run 17 FE=300 IGD=1.197919 (330 s)
[120/228] M20 DTLZ4  run 18 FE=300 IGD=1.095925 (325 s)
[121/228] M20 DTLZ6  run 01 FE=300 IGD=7.964242 (317 s)
[122/228] M20 DTLZ6  run 02 FE=300 IGD=7.730049 (326 s)
[123/228] M20 DTLZ6  run 03 FE=300 IGD=6.914704 (303 s)
[124/228] M20 DTLZ6  run 04 FE=300 IGD=7.719179 (310 s)
[125/228] M20 DTLZ6  run 05 FE=300 IGD=7.698635 (324 s)
[126/228] M20 DTLZ6  run 06 FE=300 IGD=7.639642 (312 s)
[127/228] M20 DTLZ6  run 07 FE=300 IGD=7.309186 (316 s)
[128/228] M20 DTLZ6  run 08 FE=300 IGD=6.902804 (316 s)
[129/228] M20 DTLZ6  run 09 FE=300 IGD=6.900389 (307 s)
[130/228] M20 DTLZ6  run 10 FE=300 IGD=7.814499 (299 s)
[131/228] M20 DTLZ6  run 11 FE=300 IGD=7.182135 (301 s)
[132/228] M20 DTLZ6  run 12 FE=300 IGD=6.465712 (303 s)
[133/228] M20 DTLZ6  run 13 FE=300 IGD=7.922885 (309 s)
[134/228] M20 DTLZ6  run 14 FE=300 IGD=7.493312 (311 s)
[135/228] M20 DTLZ6  run 15 FE=300 IGD=8.286453 (310 s)
[136/228] M20 DTLZ6  run 16 FE=300 IGD=7.516394 (303 s)
[137/228] M20 DTLZ6  run 17 FE=300 IGD=6.314719 (304 s)
[138/228] M20 DTLZ6  run 18 FE=300 IGD=7.959893 (320 s)
[139/228] M20 WFG2   run 01 FE=300 IGD=5.503534 (333 s)
[140/228] M20 WFG2   run 02 FE=300 IGD=4.059363 (338 s)
[141/228] M20 WFG2   run 03 FE=300 IGD=6.187708 (319 s)
[142/228] M20 WFG2   run 04 FE=300 IGD=5.282074 (334 s)
[143/228] M20 WFG2   run 05 FE=300 IGD=7.608464 (360 s)
[144/228] M20 WFG2   run 06 FE=300 IGD=5.543762 (324 s)
[145/228] M20 WFG2   run 07 FE=300 IGD=4.981734 (332 s)
[146/228] M20 WFG2   run 08 FE=300 IGD=7.022074 (341 s)
[147/228] M20 WFG2   run 09 FE=300 IGD=5.076573 (341 s)
[148/228] M20 WFG2   run 10 FE=300 IGD=5.803096 (322 s)
[149/228] M20 WFG2   run 11 FE=300 IGD=5.564606 (339 s)
[150/228] M20 WFG2   run 12 FE=300 IGD=6.126013 (332 s)
[151/228] M20 WFG2   run 13 FE=300 IGD=6.292649 (319 s)
[152/228] M20 WFG2   run 14 FE=300 IGD=9.592845 (318 s)
[153/228] M20 WFG2   run 16 FE=300 IGD=5.020418 (313 s)
[154/228] M20 WFG2   run 15 FE=300 IGD=8.801921 (351 s)
[155/228] M20 WFG2   run 17 FE=300 IGD=5.832238 (340 s)
[156/228] M20 WFG2   run 18 FE=300 IGD=4.898258 (337 s)
[157/228] M20 WFG4   run 01 FE=300 IGD=22.7996 (324 s)
[158/228] M20 WFG4   run 02 FE=300 IGD=23.57179 (310 s)
[159/228] M20 WFG4   run 03 FE=300 IGD=24.00577 (328 s)
[160/228] M20 WFG4   run 04 FE=300 IGD=27.23183 (303 s)
[161/228] M20 WFG4   run 05 FE=300 IGD=24.02187 (323 s)
[162/228] M20 WFG4   run 06 FE=300 IGD=28.32719 (311 s)
[163/228] M20 WFG4   run 07 FE=300 IGD=24.75354 (307 s)
[164/228] M20 WFG4   run 08 FE=300 IGD=25.34362 (320 s)
[165/228] M20 WFG4   run 09 FE=300 IGD=24.27339 (323 s)
[166/228] M20 WFG4   run 10 FE=300 IGD=25.64708 (307 s)
[167/228] M20 WFG4   run 11 FE=300 IGD=24.56109 (320 s)
[168/228] M20 WFG4   run 12 FE=300 IGD=23.37867 (304 s)
[169/228] M20 WFG4   run 13 FE=300 IGD=24.64795 (316 s)
[170/228] M20 WFG4   run 14 FE=300 IGD=22.28941 (318 s)
[171/228] M20 WFG4   run 15 FE=300 IGD=24.61976 (322 s)
[172/228] M20 WFG4   run 16 FE=300 IGD=23.06619 (314 s)
[173/228] M20 WFG4   run 17 FE=300 IGD=24.06088 (314 s)
[174/228] M20 WFG4   run 18 FE=300 IGD=24.56262 (303 s)
[175/228] M20 WFG5   run 01 FE=300 IGD=25.86255 (311 s)
[176/228] M20 WFG5   run 02 FE=300 IGD=23.24418 (303 s)
[177/228] M20 WFG5   run 03 FE=300 IGD=21.65538 (311 s)
[178/228] M20 WFG5   run 04 FE=300 IGD=23.11306 (317 s)
[179/228] M20 WFG5   run 05 FE=300 IGD=23.83519 (316 s)
[180/228] M20 WFG5   run 06 FE=300 IGD=22.46225 (313 s)
[181/228] M20 WFG5   run 07 FE=300 IGD=22.75538 (317 s)
[182/228] M20 WFG5   run 08 FE=300 IGD=23.1736 (323 s)
[183/228] M20 WFG5   run 09 FE=300 IGD=22.62301 (316 s)
[184/228] M20 WFG5   run 10 FE=300 IGD=23.79567 (318 s)
[185/228] M20 WFG5   run 11 FE=300 IGD=22.42909 (318 s)
[186/228] M20 WFG5   run 12 FE=300 IGD=22.45754 (305 s)
[187/228] M20 WFG5   run 13 FE=300 IGD=23.90575 (325 s)
[188/228] M20 WFG5   run 14 FE=300 IGD=25.16721 (306 s)
[189/228] M20 WFG5   run 15 FE=300 IGD=23.44732 (307 s)
[190/228] M20 WFG5   run 16 FE=300 IGD=20.6613 (318 s)
[191/228] M20 WFG5   run 17 FE=300 IGD=23.17234 (308 s)
[192/228] M20 WFG5   run 18 FE=300 IGD=24.09494 (313 s)
[193/228] M20 WFG7   run 01 FE=300 IGD=20.47174 (315 s)
[194/228] M20 WFG7   run 02 FE=300 IGD=22.98841 (319 s)
[195/228] M20 WFG7   run 03 FE=300 IGD=22.34554 (318 s)
[196/228] M20 WFG7   run 04 FE=300 IGD=20.0695 (323 s)
[197/228] M20 WFG7   run 05 FE=300 IGD=22.15425 (323 s)
[198/228] M20 WFG7   run 06 FE=300 IGD=20.3752 (331 s)
[199/228] M20 WFG7   run 07 FE=300 IGD=21.81517 (318 s)
[200/228] M20 WFG7   run 08 FE=300 IGD=21.03592 (309 s)
[201/228] M20 WFG7   run 09 FE=300 IGD=22.51021 (317 s)
[202/228] M20 WFG7   run 10 FE=300 IGD=20.89763 (314 s)
[203/228] M20 WFG7   run 11 FE=300 IGD=18.92165 (315 s)
[204/228] M20 WFG7   run 12 FE=300 IGD=23.06964 (312 s)
[205/228] M20 WFG7   run 13 FE=300 IGD=20.62312 (316 s)
[206/228] M20 WFG7   run 14 FE=300 IGD=21.22815 (318 s)
[207/228] M20 WFG7   run 15 FE=300 IGD=22.99403 (325 s)
[208/228] M20 WFG7   run 16 FE=300 IGD=20.59745 (325 s)
[209/228] M20 WFG7   run 17 FE=300 IGD=21.44516 (316 s)
[210/228] M20 WFG7   run 18 FE=300 IGD=20.35995 (331 s)
[211/228] M20 WFG9   run 01 FE=300 IGD=24.7378 (340 s)
[212/228] M20 WFG9   run 02 FE=300 IGD=24.77098 (329 s)
[213/228] M20 WFG9   run 03 FE=300 IGD=24.22803 (319 s)
[214/228] M20 WFG9   run 04 FE=300 IGD=24.67166 (308 s)
[215/228] M20 WFG9   run 05 FE=300 IGD=23.44175 (331 s)
[216/228] M20 WFG9   run 06 FE=300 IGD=21.44003 (311 s)
[217/228] M20 WFG9   run 07 FE=300 IGD=21.66805 (303 s)
[218/228] M20 WFG9   run 08 FE=300 IGD=22.05011 (313 s)
[219/228] M20 WFG9   run 09 FE=300 IGD=26.71986 (318 s)
[220/228] M20 WFG9   run 10 FE=300 IGD=24.89778 (311 s)
[221/228] M20 WFG9   run 11 FE=300 IGD=22.59945 (314 s)
[222/228] M20 WFG9   run 12 FE=300 IGD=24.6747 (312 s)
[223/228] M20 WFG9   run 13 FE=300 IGD=25.14501 (324 s)
[224/228] M20 WFG9   run 14 FE=300 IGD=26.06993 (311 s)
[225/228] M20 WFG9   run 15 FE=300 IGD=23.5685 (311 s)
[226/228] M20 WFG9   run 16 FE=300 IGD=22.40072 (283 s)
[227/228] M20 WFG9   run 17 FE=300 IGD=24.4146 (293 s)
[228/228] M20 WFG9   run 18 FE=300 IGD=22.87614 (278 s)
Wall time 254.5 min. Completed 228, failed 0.

ans = 

  包含以下字段的 1x228 struct 数组:

    ok
    problem
    runId
    M
    IGD
    FE
    runtimeSeconds
    message
    file

Parallel pool using the 'Processes' profile is shutting down.
