Algorithm : RMEO_k_CDIS
Parameters: [3000 0.5 0.7 6]
Problems  : DTLZ1, DTLZ2, DTLZ5, DTLZ7, WFG1, WFG3, WFG6, WFG8
Budget    : M=10 and M=20, requested D=30, N=100, maxFE=300, save=30
Run IDs   : 1..18 (18 per problem and objective count)
Seed mode : paper
Workers   : 5
Planned 288 jobs; present 0; to run 288.
Data      : C:\Users\lsx\Desktop\REMOandDREMO测试集\10目标\n30\RMEO_k_CDIS
Data      : C:\Users\lsx\Desktop\REMOandDREMO测试集\20目标\RMEO_k_CDIS
Starting parallel pool (parpool) using the 'Processes' profile ...
Connected to parallel pool with 5 workers.
Using 5 process workers.
[1/288] M10 DTLZ1  run 03 FE=300 IGD=193.4497 (341 s)
[2/288] M10 DTLZ1  run 04 FE=300 IGD=213.3663 (342 s)
[3/288] M10 DTLZ1  run 02 FE=300 IGD=287.5328 (346 s)
[4/288] M10 DTLZ1  run 01 FE=300 IGD=226.4736 (351 s)
[5/288] M10 DTLZ1  run 05 FE=300 IGD=210.2234 (357 s)
[6/288] M10 DTLZ1  run 08 FE=300 IGD=251.803 (326 s)
[7/288] M10 DTLZ1  run 09 FE=300 IGD=269.8837 (322 s)
[8/288] M10 DTLZ1  run 06 FE=300 IGD=293.2381 (332 s)
[9/288] M10 DTLZ1  run 07 FE=300 IGD=236.3609 (334 s)
[10/288] M10 DTLZ1  run 10 FE=300 IGD=243.6065 (319 s)
[11/288] M10 DTLZ1  run 13 FE=300 IGD=207.7716 (316 s)
[12/288] M10 DTLZ1  run 11 FE=300 IGD=300.7558 (323 s)
[13/288] M10 DTLZ1  run 12 FE=300 IGD=342.5793 (328 s)
[14/288] M10 DTLZ1  run 14 FE=300 IGD=299.557 (328 s)
[15/288] M10 DTLZ1  run 15 FE=300 IGD=152.9721 (328 s)
[16/288] M10 DTLZ1  run 17 FE=300 IGD=225.4537 (312 s)
[17/288] M10 DTLZ1  run 16 FE=300 IGD=269.1235 (325 s)
[18/288] M10 DTLZ2  run 01 FE=300 IGD=1.142448 (317 s)
[19/288] M10 DTLZ1  run 18 FE=300 IGD=175.5959 (327 s)
[20/288] M10 DTLZ2  run 02 FE=300 IGD=1.076988 (325 s)
[21/288] M10 DTLZ2  run 03 FE=300 IGD=1.113998 (312 s)
[22/288] M10 DTLZ2  run 05 FE=300 IGD=0.9651617 (310 s)
[23/288] M10 DTLZ2  run 04 FE=300 IGD=1.30809 (321 s)
[24/288] M10 DTLZ2  run 07 FE=300 IGD=1.128988 (323 s)
[25/288] M10 DTLZ2  run 06 FE=300 IGD=1.131055 (338 s)
[26/288] M10 DTLZ2  run 08 FE=300 IGD=1.06337 (322 s)
[27/288] M10 DTLZ2  run 09 FE=300 IGD=1.021945 (318 s)
[28/288] M10 DTLZ2  run 11 FE=300 IGD=1.331706 (310 s)
[29/288] M10 DTLZ2  run 10 FE=300 IGD=1.002317 (332 s)
[30/288] M10 DTLZ2  run 12 FE=300 IGD=1.088193 (323 s)
[31/288] M10 DTLZ2  run 13 FE=300 IGD=1.117712 (314 s)
[32/288] M10 DTLZ2  run 14 FE=300 IGD=1.086977 (330 s)
[33/288] M10 DTLZ2  run 15 FE=300 IGD=1.243923 (322 s)
[34/288] M10 DTLZ2  run 16 FE=300 IGD=1.050989 (339 s)
[35/288] M10 DTLZ2  run 17 FE=300 IGD=1.141499 (319 s)
[36/288] M10 DTLZ2  run 18 FE=300 IGD=1.15397 (331 s)
[37/288] M10 DTLZ5  run 01 FE=300 IGD=0.837352 (323 s)
[38/288] M10 DTLZ5  run 02 FE=300 IGD=0.6894097 (326 s)
[39/288] M10 DTLZ5  run 03 FE=300 IGD=0.7969372 (319 s)
[40/288] M10 DTLZ5  run 04 FE=300 IGD=0.7288568 (323 s)
[41/288] M10 DTLZ5  run 05 FE=300 IGD=0.6668826 (315 s)
[42/288] M10 DTLZ5  run 06 FE=300 IGD=0.7961382 (313 s)
[43/288] M10 DTLZ5  run 07 FE=300 IGD=0.6102555 (326 s)
[44/288] M10 DTLZ5  run 08 FE=300 IGD=0.456189 (337 s)
[45/288] M10 DTLZ5  run 09 FE=300 IGD=0.6889678 (334 s)
[46/288] M10 DTLZ5  run 10 FE=300 IGD=0.6444278 (323 s)
[47/288] M10 DTLZ5  run 11 FE=300 IGD=0.803076 (320 s)
[48/288] M10 DTLZ5  run 12 FE=300 IGD=0.7532417 (329 s)
[49/288] M10 DTLZ5  run 14 FE=300 IGD=0.7573002 (321 s)
[50/288] M10 DTLZ5  run 13 FE=300 IGD=0.6000133 (328 s)
[51/288] M10 DTLZ5  run 15 FE=300 IGD=0.6185715 (325 s)
[52/288] M10 DTLZ5  run 16 FE=300 IGD=0.756507 (318 s)
[53/288] M10 DTLZ5  run 17 FE=300 IGD=0.7078287 (323 s)
[54/288] M10 DTLZ7  run 01 FE=300 IGD=13.61791 (319 s)
[55/288] M10 DTLZ5  run 18 FE=300 IGD=0.7419304 (336 s)
[56/288] M10 DTLZ7  run 03 FE=300 IGD=16.4293 (303 s)
[57/288] M10 DTLZ7  run 02 FE=300 IGD=12.38743 (311 s)
[58/288] M10 DTLZ7  run 04 FE=300 IGD=11.14774 (319 s)
[59/288] M10 DTLZ7  run 05 FE=300 IGD=13.71689 (306 s)
[60/288] M10 DTLZ7  run 06 FE=300 IGD=14.44902 (315 s)
[61/288] M10 DTLZ7  run 08 FE=300 IGD=15.33898 (313 s)
[62/288] M10 DTLZ7  run 07 FE=300 IGD=15.93852 (339 s)
[63/288] M10 DTLZ7  run 09 FE=300 IGD=11.49203 (320 s)
[64/288] M10 DTLZ7  run 10 FE=300 IGD=13.86241 (316 s)
[65/288] M10 DTLZ7  run 11 FE=300 IGD=17.6466 (328 s)
[66/288] M10 DTLZ7  run 12 FE=300 IGD=14.07618 (325 s)
[67/288] M10 DTLZ7  run 13 FE=300 IGD=14.00444 (322 s)
[68/288] M10 DTLZ7  run 15 FE=300 IGD=13.86724 (307 s)
[69/288] M10 DTLZ7  run 14 FE=300 IGD=17.96762 (311 s)
[70/288] M10 DTLZ7  run 16 FE=300 IGD=13.4143 (299 s)
[71/288] M10 DTLZ7  run 17 FE=300 IGD=15.13694 (329 s)
[72/288] M10 DTLZ7  run 18 FE=300 IGD=14.9796 (318 s)
[73/288] M10 WFG1   run 01 FE=300 IGD=3.208901 (332 s)
[74/288] M10 WFG1   run 02 FE=300 IGD=3.089631 (342 s)
[75/288] M10 WFG1   run 03 FE=300 IGD=3.126798 (326 s)
[76/288] M10 WFG1   run 04 FE=300 IGD=3.236071 (325 s)
[77/288] M10 WFG1   run 05 FE=300 IGD=3.119042 (332 s)
[78/288] M10 WFG1   run 08 FE=300 IGD=3.181083 (312 s)
[79/288] M10 WFG1   run 07 FE=300 IGD=3.194824 (320 s)
[80/288] M10 WFG1   run 06 FE=300 IGD=3.208099 (332 s)
[81/288] M10 WFG1   run 09 FE=300 IGD=3.19765 (325 s)
[82/288] M10 WFG1   run 10 FE=300 IGD=3.237592 (336 s)
[83/288] M10 WFG1   run 12 FE=300 IGD=3.115072 (321 s)
[84/288] M10 WFG1   run 11 FE=300 IGD=3.056762 (324 s)
[85/288] M10 WFG1   run 13 FE=300 IGD=3.170692 (345 s)
[86/288] M10 WFG1   run 14 FE=300 IGD=3.247552 (320 s)
[87/288] M10 WFG1   run 15 FE=300 IGD=3.173195 (330 s)
[88/288] M10 WFG1   run 16 FE=300 IGD=3.178344 (318 s)
[89/288] M10 WFG1   run 17 FE=300 IGD=3.154617 (317 s)
[90/288] M10 WFG1   run 18 FE=300 IGD=3.092103 (321 s)
[91/288] M10 WFG3   run 01 FE=300 IGD=1.5827 (334 s)
[92/288] M10 WFG3   run 02 FE=300 IGD=1.463226 (329 s)
[93/288] M10 WFG3   run 04 FE=300 IGD=1.625459 (329 s)
[94/288] M10 WFG3   run 03 FE=300 IGD=1.585503 (344 s)
[95/288] M10 WFG3   run 05 FE=300 IGD=1.496368 (337 s)
[96/288] M10 WFG3   run 06 FE=300 IGD=1.65896 (327 s)
[97/288] M10 WFG3   run 07 FE=300 IGD=1.501768 (321 s)
[98/288] M10 WFG3   run 09 FE=300 IGD=1.814952 (321 s)
[99/288] M10 WFG3   run 08 FE=300 IGD=1.698329 (337 s)
[100/288] M10 WFG3   run 10 FE=300 IGD=1.697181 (324 s)
[101/288] M10 WFG3   run 11 FE=300 IGD=1.706825 (329 s)
[102/288] M10 WFG3   run 12 FE=300 IGD=1.515922 (326 s)
[103/288] M10 WFG3   run 13 FE=300 IGD=1.619152 (319 s)
[104/288] M10 WFG3   run 14 FE=300 IGD=1.620478 (319 s)
[105/288] M10 WFG3   run 15 FE=300 IGD=1.650548 (338 s)
[106/288] M10 WFG3   run 16 FE=300 IGD=1.548435 (319 s)
[107/288] M10 WFG3   run 17 FE=300 IGD=1.750487 (330 s)
[108/288] M10 WFG6   run 01 FE=300 IGD=5.660704 (309 s)
[109/288] M10 WFG3   run 18 FE=300 IGD=1.699671 (330 s)
[110/288] M10 WFG6   run 02 FE=300 IGD=5.372281 (308 s)
[111/288] M10 WFG6   run 03 FE=300 IGD=5.179397 (313 s)
[112/288] M10 WFG6   run 05 FE=300 IGD=5.671053 (310 s)
[113/288] M10 WFG6   run 04 FE=300 IGD=5.433043 (314 s)
[114/288] M10 WFG6   run 07 FE=300 IGD=5.293451 (293 s)
[115/288] M10 WFG6   run 06 FE=300 IGD=5.404783 (316 s)
[116/288] M10 WFG6   run 08 FE=300 IGD=5.240735 (315 s)
[117/288] M10 WFG6   run 09 FE=300 IGD=5.398345 (310 s)
[118/288] M10 WFG6   run 10 FE=300 IGD=5.438 (308 s)
[119/288] M10 WFG6   run 12 FE=300 IGD=5.153665 (315 s)
[120/288] M10 WFG6   run 11 FE=300 IGD=6.019001 (317 s)
[121/288] M10 WFG6   run 13 FE=300 IGD=4.874232 (300 s)
[122/288] M10 WFG6   run 15 FE=300 IGD=5.252922 (309 s)
[123/288] M10 WFG6   run 14 FE=300 IGD=5.181435 (322 s)
[124/288] M10 WFG6   run 16 FE=300 IGD=5.558417 (314 s)
[125/288] M10 WFG6   run 17 FE=300 IGD=5.58619 (317 s)
[126/288] M10 WFG6   run 18 FE=300 IGD=5.105729 (310 s)
[127/288] M10 WFG8   run 01 FE=300 IGD=5.503079 (318 s)
[128/288] M10 WFG8   run 02 FE=300 IGD=5.922491 (307 s)
[129/288] M10 WFG8   run 03 FE=300 IGD=5.417172 (313 s)
[130/288] M10 WFG8   run 04 FE=300 IGD=5.688147 (314 s)
[131/288] M10 WFG8   run 05 FE=300 IGD=6.011076 (313 s)
[132/288] M10 WFG8   run 07 FE=300 IGD=5.843879 (309 s)
[133/288] M10 WFG8   run 06 FE=300 IGD=5.887459 (319 s)
[134/288] M10 WFG8   run 09 FE=300 IGD=5.877313 (311 s)
[135/288] M10 WFG8   run 08 FE=300 IGD=5.651834 (323 s)
[136/288] M10 WFG8   run 10 FE=300 IGD=5.394209 (314 s)
[137/288] M10 WFG8   run 11 FE=300 IGD=6.483375 (311 s)
[138/288] M10 WFG8   run 12 FE=300 IGD=5.619862 (316 s)
[139/288] M10 WFG8   run 13 FE=300 IGD=5.956171 (318 s)
[140/288] M10 WFG8   run 14 FE=300 IGD=6.064995 (318 s)
[141/288] M10 WFG8   run 15 FE=300 IGD=5.745542 (310 s)
[142/288] M10 WFG8   run 16 FE=300 IGD=5.548126 (313 s)
[143/288] M10 WFG8   run 17 FE=300 IGD=5.859745 (329 s)
[144/288] M10 WFG8   run 18 FE=300 IGD=5.655382 (303 s)
[145/288] M20 DTLZ1  run 01 FE=300 IGD=41.83342 (313 s)
[146/288] M20 DTLZ1  run 02 FE=300 IGD=118.0985 (317 s)
[147/288] M20 DTLZ1  run 03 FE=300 IGD=91.49967 (313 s)
[148/288] M20 DTLZ1  run 05 FE=300 IGD=100.9517 (313 s)
[149/288] M20 DTLZ1  run 04 FE=300 IGD=106.0253 (314 s)
[150/288] M20 DTLZ1  run 06 FE=300 IGD=78.18056 (320 s)
[151/288] M20 DTLZ1  run 07 FE=300 IGD=95.97552 (313 s)
[152/288] M20 DTLZ1  run 08 FE=300 IGD=104.2124 (303 s)
[153/288] M20 DTLZ1  run 10 FE=300 IGD=77.9739 (309 s)
[154/288] M20 DTLZ1  run 09 FE=300 IGD=74.24979 (317 s)
[155/288] M20 DTLZ1  run 11 FE=300 IGD=115.9774 (312 s)
[156/288] M20 DTLZ1  run 12 FE=300 IGD=122.0361 (316 s)
[157/288] M20 DTLZ1  run 13 FE=300 IGD=112.313 (303 s)
[158/288] M20 DTLZ1  run 14 FE=300 IGD=97.9166 (318 s)
[159/288] M20 DTLZ1  run 15 FE=300 IGD=97.97396 (322 s)
[160/288] M20 DTLZ1  run 16 FE=300 IGD=74.57127 (322 s)
[161/288] M20 DTLZ1  run 17 FE=300 IGD=59.59978 (365 s)
[162/288] M20 DTLZ1  run 18 FE=300 IGD=86.485 (376 s)
[163/288] M20 DTLZ2  run 01 FE=300 IGD=1.197057 (359 s)
[164/288] M20 DTLZ2  run 02 FE=300 IGD=1.090685 (367 s)
[165/288] M20 DTLZ2  run 03 FE=300 IGD=1.104219 (363 s)
[166/288] M20 DTLZ2  run 04 FE=300 IGD=1.196856 (351 s)
[167/288] M20 DTLZ2  run 05 FE=300 IGD=1.163881 (343 s)
[168/288] M20 DTLZ2  run 06 FE=300 IGD=1.171077 (360 s)
[169/288] M20 DTLZ2  run 07 FE=300 IGD=1.200256 (352 s)
[170/288] M20 DTLZ2  run 08 FE=300 IGD=1.147356 (340 s)
[171/288] M20 DTLZ2  run 09 FE=300 IGD=1.113877 (364 s)
[172/288] M20 DTLZ2  run 10 FE=300 IGD=1.215719 (357 s)
[173/288] M20 DTLZ2  run 11 FE=300 IGD=1.132953 (357 s)
[174/288] M20 DTLZ2  run 12 FE=300 IGD=1.149115 (348 s)
[175/288] M20 DTLZ2  run 13 FE=300 IGD=1.133776 (357 s)
[176/288] M20 DTLZ2  run 14 FE=300 IGD=1.063369 (349 s)
[177/288] M20 DTLZ2  run 15 FE=300 IGD=1.102594 (355 s)
[178/288] M20 DTLZ2  run 16 FE=300 IGD=1.246185 (335 s)
[179/288] M20 DTLZ2  run 17 FE=300 IGD=1.095498 (335 s)
[180/288] M20 DTLZ2  run 18 FE=300 IGD=1.077343 (342 s)
[181/288] M20 DTLZ5  run 01 FE=300 IGD=0.3879536 (357 s)
[182/288] M20 DTLZ5  run 02 FE=300 IGD=0.3711482 (355 s)
[183/288] M20 DTLZ5  run 04 FE=300 IGD=0.333455 (356 s)
[184/288] M20 DTLZ5  run 03 FE=300 IGD=0.3110269 (366 s)
[185/288] M20 DTLZ5  run 05 FE=300 IGD=0.2834659 (358 s)
[186/288] M20 DTLZ5  run 06 FE=300 IGD=0.2442145 (347 s)
[187/288] M20 DTLZ5  run 07 FE=300 IGD=0.3725178 (338 s)
[188/288] M20 DTLZ5  run 08 FE=300 IGD=0.2963017 (351 s)
[189/288] M20 DTLZ5  run 09 FE=300 IGD=0.331409 (351 s)
[190/288] M20 DTLZ5  run 10 FE=300 IGD=0.335031 (360 s)
[191/288] M20 DTLZ5  run 11 FE=300 IGD=0.3701124 (345 s)
[192/288] M20 DTLZ5  run 12 FE=300 IGD=0.3741778 (352 s)
[193/288] M20 DTLZ5  run 13 FE=300 IGD=0.3758222 (340 s)
[194/288] M20 DTLZ5  run 14 FE=300 IGD=0.3231017 (358 s)
[195/288] M20 DTLZ5  run 15 FE=300 IGD=0.412531 (337 s)
[196/288] M20 DTLZ5  run 16 FE=300 IGD=0.3492481 (319 s)
[197/288] M20 DTLZ5  run 17 FE=300 IGD=0.3767755 (323 s)
[198/288] M20 DTLZ5  run 18 FE=300 IGD=0.3914681 (329 s)
[199/288] M20 DTLZ7  run 01 FE=300 IGD=25.47598 (317 s)
[200/288] M20 DTLZ7  run 02 FE=300 IGD=23.99078 (327 s)
[201/288] M20 DTLZ7  run 03 FE=300 IGD=34.10754 (354 s)
[202/288] M20 DTLZ7  run 04 FE=300 IGD=19.96688 (366 s)
[203/288] M20 DTLZ7  run 05 FE=300 IGD=30.92196 (365 s)
[204/288] M20 DTLZ7  run 06 FE=300 IGD=28.12269 (368 s)
[205/288] M20 DTLZ7  run 07 FE=300 IGD=23.93051 (365 s)
[206/288] M20 DTLZ7  run 08 FE=300 IGD=30.91427 (363 s)
[207/288] M20 DTLZ7  run 09 FE=300 IGD=24.70441 (359 s)
[208/288] M20 DTLZ7  run 10 FE=300 IGD=23.27675 (367 s)
[209/288] M20 DTLZ7  run 11 FE=300 IGD=27.44698 (355 s)
[210/288] M20 DTLZ7  run 12 FE=300 IGD=22.49613 (349 s)
[211/288] M20 DTLZ7  run 14 FE=300 IGD=21.5727 (331 s)
[212/288] M20 DTLZ7  run 13 FE=300 IGD=34.24449 (347 s)
[213/288] M20 DTLZ7  run 15 FE=300 IGD=25.46029 (318 s)
[214/288] M20 DTLZ7  run 17 FE=300 IGD=22.505 (333 s)
[215/288] M20 DTLZ7  run 16 FE=300 IGD=20.49961 (344 s)
[216/288] M20 WFG1   run 01 FE=300 IGD=5.675602 (347 s)
[217/288] M20 DTLZ7  run 18 FE=300 IGD=27.7695 (343 s)
[218/288] M20 WFG1   run 02 FE=300 IGD=5.500084 (348 s)
[219/288] M20 WFG1   run 03 FE=300 IGD=5.47094 (343 s)
[220/288] M20 WFG1   run 04 FE=300 IGD=5.548173 (344 s)
[221/288] M20 WFG1   run 05 FE=300 IGD=5.669168 (338 s)
[222/288] M20 WFG1   run 06 FE=300 IGD=5.648666 (331 s)
[223/288] M20 WFG1   run 07 FE=300 IGD=5.558433 (355 s)
[224/288] M20 WFG1   run 08 FE=300 IGD=5.527936 (339 s)
[225/288] M20 WFG1   run 09 FE=300 IGD=5.717796 (344 s)
[226/288] M20 WFG1   run 10 FE=300 IGD=5.627928 (327 s)
[227/288] M20 WFG1   run 11 FE=300 IGD=5.608797 (358 s)
[228/288] M20 WFG1   run 12 FE=300 IGD=5.594545 (328 s)
[229/288] M20 WFG1   run 13 FE=300 IGD=5.562238 (339 s)
[230/288] M20 WFG1   run 14 FE=300 IGD=5.599897 (354 s)
[231/288] M20 WFG1   run 15 FE=300 IGD=5.604838 (346 s)
[232/288] M20 WFG1   run 16 FE=300 IGD=5.577256 (351 s)
[233/288] M20 WFG1   run 17 FE=300 IGD=5.573624 (347 s)
[234/288] M20 WFG1   run 18 FE=300 IGD=5.651908 (351 s)
[235/288] M20 WFG3   run 01 FE=300 IGD=2.713817 (346 s)
[236/288] M20 WFG3   run 02 FE=300 IGD=2.52016 (344 s)
[237/288] M20 WFG3   run 03 FE=300 IGD=2.777346 (333 s)
[238/288] M20 WFG3   run 04 FE=300 IGD=2.850277 (347 s)
[239/288] M20 WFG3   run 05 FE=300 IGD=2.505424 (349 s)
[240/288] M20 WFG3   run 06 FE=300 IGD=2.475259 (348 s)
[241/288] M20 WFG3   run 07 FE=300 IGD=2.442962 (355 s)
[242/288] M20 WFG3   run 08 FE=300 IGD=2.499655 (351 s)
[243/288] M20 WFG3   run 09 FE=300 IGD=2.479844 (347 s)
[244/288] M20 WFG3   run 10 FE=300 IGD=2.692567 (347 s)
[245/288] M20 WFG3   run 11 FE=300 IGD=2.947758 (362 s)
[246/288] M20 WFG3   run 12 FE=300 IGD=2.567033 (335 s)
[247/288] M20 WFG3   run 13 FE=300 IGD=2.46301 (361 s)
[248/288] M20 WFG3   run 14 FE=300 IGD=2.731758 (358 s)
[249/288] M20 WFG3   run 15 FE=300 IGD=2.857807 (335 s)
[250/288] M20 WFG3   run 16 FE=300 IGD=2.693241 (348 s)
[251/288] M20 WFG3   run 17 FE=300 IGD=2.801496 (333 s)
[252/288] M20 WFG3   run 18 FE=300 IGD=2.584795 (342 s)
[253/288] M20 WFG6   run 01 FE=300 IGD=19.30433 (337 s)
[254/288] M20 WFG6   run 02 FE=300 IGD=22.37327 (338 s)
[255/288] M20 WFG6   run 03 FE=300 IGD=19.44777 (330 s)
[256/288] M20 WFG6   run 04 FE=300 IGD=19.98023 (333 s)
[257/288] M20 WFG6   run 05 FE=300 IGD=21.08107 (337 s)
[258/288] M20 WFG6   run 06 FE=300 IGD=19.47251 (334 s)
[259/288] M20 WFG6   run 07 FE=300 IGD=20.13121 (344 s)
[260/288] M20 WFG6   run 08 FE=300 IGD=20.63761 (332 s)
[261/288] M20 WFG6   run 09 FE=300 IGD=20.6547 (351 s)
[262/288] M20 WFG6   run 10 FE=300 IGD=22.07052 (337 s)
[263/288] M20 WFG6   run 11 FE=300 IGD=19.90812 (332 s)
[264/288] M20 WFG6   run 12 FE=300 IGD=21.02911 (338 s)
[265/288] M20 WFG6   run 13 FE=300 IGD=18.26506 (339 s)
[266/288] M20 WFG6   run 14 FE=300 IGD=20.2424 (327 s)
[267/288] M20 WFG6   run 16 FE=300 IGD=19.00504 (333 s)
[268/288] M20 WFG6   run 15 FE=300 IGD=21.23617 (345 s)
[269/288] M20 WFG6   run 17 FE=300 IGD=20.13221 (328 s)
[270/288] M20 WFG6   run 18 FE=300 IGD=19.66535 (335 s)
[271/288] M20 WFG8   run 01 FE=300 IGD=22.48328 (338 s)
[272/288] M20 WFG8   run 03 FE=300 IGD=20.14401 (322 s)
[273/288] M20 WFG8   run 02 FE=300 IGD=19.54895 (337 s)
[274/288] M20 WFG8   run 04 FE=300 IGD=23.73818 (329 s)
[275/288] M20 WFG8   run 05 FE=300 IGD=21.93689 (338 s)
[276/288] M20 WFG8   run 06 FE=300 IGD=20.93933 (354 s)
[277/288] M20 WFG8   run 07 FE=300 IGD=20.72438 (340 s)
[278/288] M20 WFG8   run 08 FE=300 IGD=21.9542 (353 s)
[279/288] M20 WFG8   run 09 FE=300 IGD=22.14119 (356 s)
[280/288] M20 WFG8   run 10 FE=300 IGD=21.03182 (345 s)
[281/288] M20 WFG8   run 11 FE=300 IGD=21.08788 (354 s)
[282/288] M20 WFG8   run 12 FE=300 IGD=22.56354 (361 s)
[283/288] M20 WFG8   run 13 FE=300 IGD=21.61199 (357 s)
[284/288] M20 WFG8   run 14 FE=300 IGD=21.07442 (352 s)
[285/288] M20 WFG8   run 15 FE=300 IGD=21.12884 (347 s)
[286/288] M20 WFG8   run 16 FE=300 IGD=21.28404 (295 s)
[287/288] M20 WFG8   run 18 FE=300 IGD=20.85035 (281 s)
[288/288] M20 WFG8   run 17 FE=300 IGD=20.09318 (303 s)
Wall time 323.9 min. Completed 288, failed 0.

ans = 

  包含以下字段的 1x288 struct 数组:

    ok
    problem
    runId
    M
    IGD
    FE
    runtimeSeconds
    message
    file

Parallel pool using the 'Processes' profile is shutting down.
