[2026-09-13 16:29:54] part 4 attempt 1 launching MATLAB (alg=REMO_new2_AdaMaO_SDEOnly_UniformMix_Pruned_Weighted params=3000,0.50,0.25,0.70,6 func=run_WeightedWFG_M15)
[2026-09-13 16:30:01] PlatEMO root: D:\PlatEMO-master\PlatEMO-master\PlatEMO
[2026-09-13 16:30:09] WFG1: M=15 D=30 maxFE=300 (canonical index 8)
[2026-09-13 16:30:11] WFG2: M=15 D=30 maxFE=300 (canonical index 9)
[2026-09-13 16:30:11] WFG3: M=15 D=30 maxFE=300 (canonical index 10)
[2026-09-13 16:30:11] WFG4: M=15 D=30 maxFE=300 (canonical index 11)
[2026-09-13 16:30:11] WFG5: M=15 D=30 maxFE=300 (canonical index 12)
[2026-09-13 16:30:11] WFG6: M=15 D=30 maxFE=300 (canonical index 13)
[2026-09-13 16:30:11] WFG7: M=15 D=30 maxFE=300 (canonical index 14)
[2026-09-13 16:30:11] WFG8: M=15 D=30 maxFE=300 (canonical index 15)
[2026-09-13 16:30:11] WFG9: M=15 D=30 maxFE=300 (canonical index 16)
[2026-09-13 16:30:12] Algorithm REMO_new2_AdaMaO_SDEOnly_UniformMix_Pruned_Weighted | parameters [3000            0.5           0.25            0.7              6]
[2026-09-13 16:30:12] SaveCount 30 | Runs 30 | M 15 | requested D 30 | N 100 | maxFE 300 | modeRunId 1 | seedBase 20260912
[2026-09-13 16:30:12] Slice 4/4 -> 67 of 270 jobs
[2026-09-13 16:35:04] [done] WFG1 run 4 seed 21768916 | IGD first 4.28045 -> final 3.99603 | runtime 290.0s | wall 290.8s | ok
[2026-09-13 16:39:27] [done] WFG1 run 8 seed 21768920 | IGD first 4.38051 -> final 4.13809 | runtime 261.3s | wall 261.8s | ok
[2026-09-13 16:43:45] [done] WFG1 run 12 seed 21768924 | IGD first 4.35232 -> final 4.10686 | runtime 256.5s | wall 257.0s | ok
[2026-09-13 16:48:14] [done] WFG1 run 16 seed 21768928 | IGD first 4.35314 -> final 4.16526 | runtime 267.7s | wall 268.2s | ok
[2026-09-13 16:52:59] [done] WFG1 run 20 seed 21768932 | IGD first 4.38336 -> final 4.18959 | runtime 282.0s | wall 282.6s | ok
[2026-09-13 16:57:22] [done] WFG1 run 24 seed 21768936 | IGD first 4.35205 -> final 4.15218 | runtime 261.6s | wall 262.1s | ok
[2026-09-13 17:01:46] [done] WFG1 run 28 seed 21768940 | IGD first 4.39318 -> final 4.13653 | runtime 262.6s | wall 263.1s | ok
[2026-09-13 17:06:43] [done] WFG2 run 2 seed 21769914 | IGD first 6.35319 -> final 3.50797 | runtime 295.2s | wall 295.6s | ok
[2026-09-13 17:12:07] [done] WFG2 run 6 seed 21769918 | IGD first 8.58004 -> final 3.29728 | runtime 321.3s | wall 321.8s | ok
[2026-09-13 17:16:54] [done] WFG2 run 10 seed 21769922 | IGD first 7.2005 -> final 2.8438 | runtime 285.3s | wall 285.8s | ok
[2026-09-13 17:21:29] [done] WFG2 run 14 seed 21769926 | IGD first 5.48657 -> final 5.18108 | runtime 273.6s | wall 274.1s | ok
[2026-09-13 17:26:05] [done] WFG2 run 18 seed 21769930 | IGD first 6.94415 -> final 2.57939 | runtime 273.4s | wall 274.0s | ok
[2026-09-13 17:30:12] [done] WFG2 run 22 seed 21769934 | IGD first 11.8772 -> final 3.35814 | runtime 245.3s | wall 245.9s | ok
[2026-09-13 17:34:40] [done] WFG2 run 26 seed 21769938 | IGD first 6.47329 -> final 3.60849 | runtime 266.0s | wall 266.5s | ok
[2026-09-13 17:39:03] [done] WFG2 run 30 seed 21769942 | IGD first 9.17245 -> final 3.36234 | runtime 261.2s | wall 261.7s | ok
[2026-09-13 17:42:52] [done] WFG3 run 4 seed 21770916 | IGD first 2.41597 -> final 2.31681 | runtime 229.3s | wall 229.9s | ok
[2026-09-13 17:46:50] [done] WFG3 run 8 seed 21770920 | IGD first 2.4282 -> final 2.29924 | runtime 236.6s | wall 237.2s | ok
[2026-09-13 17:50:48] [done] WFG3 run 12 seed 21770924 | IGD first 2.43896 -> final 2.10924 | runtime 237.4s | wall 238.0s | ok
[2026-09-13 17:54:40] [done] WFG3 run 16 seed 21770928 | IGD first 2.30399 -> final 2.1761 | runtime 231.7s | wall 232.3s | ok
[2026-09-13 17:58:35] [done] WFG3 run 20 seed 21770932 | IGD first 2.30334 -> final 2.23302 | runtime 234.2s | wall 234.9s | ok
[2026-09-13 18:02:20] [done] WFG3 run 24 seed 21770936 | IGD first 2.48418 -> final 2.31618 | runtime 224.1s | wall 224.8s | ok
[2026-09-13 18:06:08] [done] WFG3 run 28 seed 21770940 | IGD first 2.34918 -> final 2.14415 | runtime 227.6s | wall 228.2s | ok
[2026-09-13 18:10:16] [done] WFG4 run 2 seed 21771914 | IGD first 19.646 -> final 14.1089 | runtime 248.1s | wall 248.6s | ok
[2026-09-13 18:14:09] [done] WFG4 run 6 seed 21771918 | IGD first 20.1161 -> final 15.4826 | runtime 232.2s | wall 232.6s | ok
[2026-09-13 18:18:21] [done] WFG4 run 10 seed 21771922 | IGD first 19.4145 -> final 15.1375 | runtime 251.8s | wall 252.3s | ok
[2026-09-13 18:22:26] [done] WFG4 run 14 seed 21771926 | IGD first 19.79 -> final 15.0207 | runtime 244.5s | wall 244.9s | ok
[2026-09-13 18:27:32] [done] WFG4 run 18 seed 21771930 | IGD first 19.214 -> final 12.5494 | runtime 305.3s | wall 305.9s | ok
[2026-09-13 18:33:00] [done] WFG4 run 22 seed 21771934 | IGD first 19.6128 -> final 12.2885 | runtime 327.3s | wall 327.8s | ok
[2026-09-13 18:38:28] [done] WFG4 run 26 seed 21771938 | IGD first 19.0917 -> final 14.8758 | runtime 327.3s | wall 327.8s | ok
[2026-09-13 18:43:20] [done] WFG4 run 30 seed 21771942 | IGD first 19.2747 -> final 13.7514 | runtime 291.3s | wall 291.8s | ok
[2026-09-13 18:48:40] [done] WFG5 run 4 seed 21772916 | IGD first 17.2682 -> final 12.8026 | runtime 320.1s | wall 320.7s | ok
[2026-09-14 00:00:39] part 4 attempt 1 launching MATLAB (alg=REMO_new2_AdaMaO_SDEOnly_UniformMix_Pruned_Weighted params=3000,0.50,0.25,0.70,6 func=run_WeightedWFG_M15)
[2026-09-14 00:00:49] PlatEMO root: D:\PlatEMO-master\PlatEMO-master\PlatEMO
[2026-09-14 00:00:56] WFG1: M=15 D=30 maxFE=300 (canonical index 8)
[2026-09-14 00:01:00] WFG2: M=15 D=30 maxFE=300 (canonical index 9)
[2026-09-14 00:01:00] WFG3: M=15 D=30 maxFE=300 (canonical index 10)
[2026-09-14 00:01:00] WFG4: M=15 D=30 maxFE=300 (canonical index 11)
[2026-09-14 00:01:00] WFG5: M=15 D=30 maxFE=300 (canonical index 12)
[2026-09-14 00:01:00] WFG6: M=15 D=30 maxFE=300 (canonical index 13)
[2026-09-14 00:01:00] WFG7: M=15 D=30 maxFE=300 (canonical index 14)
[2026-09-14 00:01:00] WFG8: M=15 D=30 maxFE=300 (canonical index 15)
[2026-09-14 00:01:00] WFG9: M=15 D=30 maxFE=300 (canonical index 16)
[2026-09-14 00:01:00] Algorithm REMO_new2_AdaMaO_SDEOnly_UniformMix_Pruned_Weighted | parameters [3000            0.5           0.25            0.7              6]
[2026-09-14 00:01:00] SaveCount 30 | Runs 30 | M 15 | requested D 30 | N 100 | maxFE 300 | modeRunId 1 | seedBase 20260912
[2026-09-14 00:01:00] Slice 4/4 -> 67 of 270 jobs
[2026-09-14 00:01:02] [skip] D:\REMOandDREMO测试集\15目标\REMO_new2_AdaMaO_SDEOnly_UniformMix_Pruned_Weighted\REMO_new2_AdaMaO_SDEOnly_UniformMix_Pruned_Weighted_WFG1_M15_D30_4.mat (valid, final IGD 3.996034)
[2026-09-14 00:01:03] [skip] D:\REMOandDREMO测试集\15目标\REMO_new2_AdaMaO_SDEOnly_UniformMix_Pruned_Weighted\REMO_new2_AdaMaO_SDEOnly_UniformMix_Pruned_Weighted_WFG1_M15_D30_8.mat (valid, final IGD 4.138087)
[2026-09-14 00:01:05] [skip] D:\REMOandDREMO测试集\15目标\REMO_new2_AdaMaO_SDEOnly_UniformMix_Pruned_Weighted\REMO_new2_AdaMaO_SDEOnly_UniformMix_Pruned_Weighted_WFG1_M15_D30_12.mat (valid, final IGD 4.106857)
[2026-09-14 00:01:07] [skip] D:\REMOandDREMO测试集\15目标\REMO_new2_AdaMaO_SDEOnly_UniformMix_Pruned_Weighted\REMO_new2_AdaMaO_SDEOnly_UniformMix_Pruned_Weighted_WFG1_M15_D30_16.mat (valid, final IGD 4.165263)
[2026-09-14 00:01:09] [skip] D:\REMOandDREMO测试集\15目标\REMO_new2_AdaMaO_SDEOnly_UniformMix_Pruned_Weighted\REMO_new2_AdaMaO_SDEOnly_UniformMix_Pruned_Weighted_WFG1_M15_D30_20.mat (valid, final IGD 4.189587)
[2026-09-14 00:01:11] [skip] D:\REMOandDREMO测试集\15目标\REMO_new2_AdaMaO_SDEOnly_UniformMix_Pruned_Weighted\REMO_new2_AdaMaO_SDEOnly_UniformMix_Pruned_Weighted_WFG1_M15_D30_24.mat (valid, final IGD 4.152184)
[2026-09-14 00:01:12] [skip] D:\REMOandDREMO测试集\15目标\REMO_new2_AdaMaO_SDEOnly_UniformMix_Pruned_Weighted\REMO_new2_AdaMaO_SDEOnly_UniformMix_Pruned_Weighted_WFG1_M15_D30_28.mat (valid, final IGD 4.136530)
[2026-09-14 00:01:15] [skip] D:\REMOandDREMO测试集\15目标\REMO_new2_AdaMaO_SDEOnly_UniformMix_Pruned_Weighted\REMO_new2_AdaMaO_SDEOnly_UniformMix_Pruned_Weighted_WFG2_M15_D30_2.mat (valid, final IGD 3.507968)
[2026-09-14 00:01:17] [skip] D:\REMOandDREMO测试集\15目标\REMO_new2_AdaMaO_SDEOnly_UniformMix_Pruned_Weighted\REMO_new2_AdaMaO_SDEOnly_UniformMix_Pruned_Weighted_WFG2_M15_D30_6.mat (valid, final IGD 3.297276)
[2026-09-14 00:01:19] [skip] D:\REMOandDREMO测试集\15目标\REMO_new2_AdaMaO_SDEOnly_UniformMix_Pruned_Weighted\REMO_new2_AdaMaO_SDEOnly_UniformMix_Pruned_Weighted_WFG2_M15_D30_10.mat (valid, final IGD 2.843799)
[2026-09-14 00:01:21] [skip] D:\REMOandDREMO测试集\15目标\REMO_new2_AdaMaO_SDEOnly_UniformMix_Pruned_Weighted\REMO_new2_AdaMaO_SDEOnly_UniformMix_Pruned_Weighted_WFG2_M15_D30_14.mat (valid, final IGD 5.181076)
[2026-09-14 00:01:24] [skip] D:\REMOandDREMO测试集\15目标\REMO_new2_AdaMaO_SDEOnly_UniformMix_Pruned_Weighted\REMO_new2_AdaMaO_SDEOnly_UniformMix_Pruned_Weighted_WFG2_M15_D30_18.mat (valid, final IGD 2.579389)
[2026-09-14 00:01:26] [skip] D:\REMOandDREMO测试集\15目标\REMO_new2_AdaMaO_SDEOnly_UniformMix_Pruned_Weighted\REMO_new2_AdaMaO_SDEOnly_UniformMix_Pruned_Weighted_WFG2_M15_D30_22.mat (valid, final IGD 3.358140)
[2026-09-14 00:01:28] [skip] D:\REMOandDREMO测试集\15目标\REMO_new2_AdaMaO_SDEOnly_UniformMix_Pruned_Weighted\REMO_new2_AdaMaO_SDEOnly_UniformMix_Pruned_Weighted_WFG2_M15_D30_26.mat (valid, final IGD 3.608488)
[2026-09-14 00:01:30] [skip] D:\REMOandDREMO测试集\15目标\REMO_new2_AdaMaO_SDEOnly_UniformMix_Pruned_Weighted\REMO_new2_AdaMaO_SDEOnly_UniformMix_Pruned_Weighted_WFG2_M15_D30_30.mat (valid, final IGD 3.362342)
[2026-09-14 00:01:31] [skip] D:\REMOandDREMO测试集\15目标\REMO_new2_AdaMaO_SDEOnly_UniformMix_Pruned_Weighted\REMO_new2_AdaMaO_SDEOnly_UniformMix_Pruned_Weighted_WFG3_M15_D30_4.mat (valid, final IGD 2.316806)
[2026-09-14 00:01:31] [skip] D:\REMOandDREMO测试集\15目标\REMO_new2_AdaMaO_SDEOnly_UniformMix_Pruned_Weighted\REMO_new2_AdaMaO_SDEOnly_UniformMix_Pruned_Weighted_WFG3_M15_D30_8.mat (valid, final IGD 2.299244)
[2026-09-14 00:01:31] [skip] D:\REMOandDREMO测试集\15目标\REMO_new2_AdaMaO_SDEOnly_UniformMix_Pruned_Weighted\REMO_new2_AdaMaO_SDEOnly_UniformMix_Pruned_Weighted_WFG3_M15_D30_12.mat (valid, final IGD 2.109242)
[2026-09-14 00:01:31] [skip] D:\REMOandDREMO测试集\15目标\REMO_new2_AdaMaO_SDEOnly_UniformMix_Pruned_Weighted\REMO_new2_AdaMaO_SDEOnly_UniformMix_Pruned_Weighted_WFG3_M15_D30_16.mat (valid, final IGD 2.176101)
[2026-09-14 00:01:31] [skip] D:\REMOandDREMO测试集\15目标\REMO_new2_AdaMaO_SDEOnly_UniformMix_Pruned_Weighted\REMO_new2_AdaMaO_SDEOnly_UniformMix_Pruned_Weighted_WFG3_M15_D30_20.mat (valid, final IGD 2.233020)
[2026-09-14 00:01:31] [skip] D:\REMOandDREMO测试集\15目标\REMO_new2_AdaMaO_SDEOnly_UniformMix_Pruned_Weighted\REMO_new2_AdaMaO_SDEOnly_UniformMix_Pruned_Weighted_WFG3_M15_D30_24.mat (valid, final IGD 2.316182)
[2026-09-14 00:01:31] [skip] D:\REMOandDREMO测试集\15目标\REMO_new2_AdaMaO_SDEOnly_UniformMix_Pruned_Weighted\REMO_new2_AdaMaO_SDEOnly_UniformMix_Pruned_Weighted_WFG3_M15_D30_28.mat (valid, final IGD 2.144148)
[2026-09-14 00:01:31] [skip] D:\REMOandDREMO测试集\15目标\REMO_new2_AdaMaO_SDEOnly_UniformMix_Pruned_Weighted\REMO_new2_AdaMaO_SDEOnly_UniformMix_Pruned_Weighted_WFG4_M15_D30_2.mat (valid, final IGD 14.108874)
[2026-09-14 00:01:31] [skip] D:\REMOandDREMO测试集\15目标\REMO_new2_AdaMaO_SDEOnly_UniformMix_Pruned_Weighted\REMO_new2_AdaMaO_SDEOnly_UniformMix_Pruned_Weighted_WFG4_M15_D30_6.mat (valid, final IGD 15.482555)
[2026-09-14 00:01:31] [skip] D:\REMOandDREMO测试集\15目标\REMO_new2_AdaMaO_SDEOnly_UniformMix_Pruned_Weighted\REMO_new2_AdaMaO_SDEOnly_UniformMix_Pruned_Weighted_WFG4_M15_D30_10.mat (valid, final IGD 15.137452)
[2026-09-14 00:01:31] [skip] D:\REMOandDREMO测试集\15目标\REMO_new2_AdaMaO_SDEOnly_UniformMix_Pruned_Weighted\REMO_new2_AdaMaO_SDEOnly_UniformMix_Pruned_Weighted_WFG4_M15_D30_14.mat (valid, final IGD 15.020650)
[2026-09-14 00:01:31] [skip] D:\REMOandDREMO测试集\15目标\REMO_new2_AdaMaO_SDEOnly_UniformMix_Pruned_Weighted\REMO_new2_AdaMaO_SDEOnly_UniformMix_Pruned_Weighted_WFG4_M15_D30_18.mat (valid, final IGD 12.549412)
[2026-09-14 00:01:31] [skip] D:\REMOandDREMO测试集\15目标\REMO_new2_AdaMaO_SDEOnly_UniformMix_Pruned_Weighted\REMO_new2_AdaMaO_SDEOnly_UniformMix_Pruned_Weighted_WFG4_M15_D30_22.mat (valid, final IGD 12.288498)
[2026-09-14 00:01:31] [skip] D:\REMOandDREMO测试集\15目标\REMO_new2_AdaMaO_SDEOnly_UniformMix_Pruned_Weighted\REMO_new2_AdaMaO_SDEOnly_UniformMix_Pruned_Weighted_WFG4_M15_D30_26.mat (valid, final IGD 14.875757)
[2026-09-14 00:01:31] [skip] D:\REMOandDREMO测试集\15目标\REMO_new2_AdaMaO_SDEOnly_UniformMix_Pruned_Weighted\REMO_new2_AdaMaO_SDEOnly_UniformMix_Pruned_Weighted_WFG4_M15_D30_30.mat (valid, final IGD 13.751443)
[2026-09-14 00:01:31] [skip] D:\REMOandDREMO测试集\15目标\REMO_new2_AdaMaO_SDEOnly_UniformMix_Pruned_Weighted\REMO_new2_AdaMaO_SDEOnly_UniformMix_Pruned_Weighted_WFG5_M15_D30_4.mat (valid, final IGD 12.802606)
[2026-09-14 00:06:02] [done] WFG5 run 8 seed 21772920 | IGD first 17.8808 -> final 16.1128 | runtime 270.4s | wall 271.5s | ok
[2026-09-14 00:10:28] [done] WFG5 run 12 seed 21772924 | IGD first 16.3326 -> final 12.8705 | runtime 265.2s | wall 265.9s | ok
[2026-09-14 00:14:38] [done] WFG5 run 16 seed 21772928 | IGD first 15.7985 -> final 13.1656 | runtime 249.4s | wall 249.9s | ok
[2026-09-14 00:18:53] [done] WFG5 run 20 seed 21772932 | IGD first 15.7074 -> final 11.6078 | runtime 254.3s | wall 254.8s | ok
[2026-09-14 00:23:07] [done] WFG5 run 24 seed 21772936 | IGD first 16.0115 -> final 12.1897 | runtime 253.2s | wall 253.8s | ok
[2026-09-14 00:27:19] [done] WFG5 run 28 seed 21772940 | IGD first 16.0075 -> final 12.936 | runtime 251.9s | wall 252.3s | ok
[2026-09-14 00:31:33] [done] WFG6 run 2 seed 21773914 | IGD first 16.7019 -> final 9.77798 | runtime 253.1s | wall 253.6s | ok
[2026-09-14 00:35:33] [done] WFG6 run 6 seed 21773918 | IGD first 17.0302 -> final 10.3583 | runtime 239.9s | wall 240.4s | ok
[2026-09-14 00:39:41] [done] WFG6 run 10 seed 21773922 | IGD first 14.5012 -> final 10.2351 | runtime 247.4s | wall 247.9s | ok
[2026-09-14 00:43:57] [done] WFG6 run 14 seed 21773926 | IGD first 16.2488 -> final 11.0839 | runtime 254.9s | wall 255.4s | ok
[2026-09-14 00:47:58] [done] WFG6 run 18 seed 21773930 | IGD first 15.8611 -> final 10.2884 | runtime 241.0s | wall 241.5s | ok
[2026-09-14 00:52:06] [done] WFG6 run 22 seed 21773934 | IGD first 17.0325 -> final 11.6949 | runtime 247.8s | wall 248.4s | ok
[2026-09-14 00:56:04] [done] WFG6 run 26 seed 21773938 | IGD first 15.4598 -> final 10.8251 | runtime 236.7s | wall 237.2s | ok
[2026-09-14 01:00:16] [done] WFG6 run 30 seed 21773942 | IGD first 17.0603 -> final 10.5876 | runtime 252.3s | wall 252.8s | ok
[2026-09-14 01:04:45] [done] WFG7 run 4 seed 21774916 | IGD first 16.3553 -> final 11.0167 | runtime 268.2s | wall 268.7s | ok
[2026-09-14 01:08:52] [done] WFG7 run 8 seed 21774920 | IGD first 17.3156 -> final 12.2525 | runtime 246.8s | wall 247.3s | ok
[2026-09-14 01:13:14] [done] WFG7 run 12 seed 21774924 | IGD first 18.8055 -> final 10.9498 | runtime 261.0s | wall 261.5s | ok
[2026-09-14 01:17:29] [done] WFG7 run 16 seed 21774928 | IGD first 16.9172 -> final 12.4171 | runtime 254.8s | wall 255.4s | ok
[2026-09-14 01:21:54] [done] WFG7 run 20 seed 21774932 | IGD first 16.1829 -> final 11.6382 | runtime 263.8s | wall 264.4s | ok
[2026-09-14 01:26:06] [done] WFG7 run 24 seed 21774936 | IGD first 17.8621 -> final 11.0344 | runtime 252.0s | wall 252.5s | ok
[2026-09-14 02:35:19] part 4 attempt 1 launching MATLAB (alg=REMO_new2_AdaMaO_SDEOnly_UniformMix_Pruned_Weighted params=3000,0.50,0.25,0.70,6 func=run_WeightedWFG_M15)
[2026-09-14 02:36:23] PlatEMO root: D:\PlatEMO-master\PlatEMO-master\PlatEMO
[2026-09-14 02:36:33] WFG1: M=15 D=30 maxFE=300 (canonical index 8)
[2026-09-14 02:36:36] WFG2: M=15 D=30 maxFE=300 (canonical index 9)
[2026-09-14 02:36:36] WFG3: M=15 D=30 maxFE=300 (canonical index 10)
[2026-09-14 02:36:36] WFG4: M=15 D=30 maxFE=300 (canonical index 11)
[2026-09-14 02:36:36] WFG5: M=15 D=30 maxFE=300 (canonical index 12)
[2026-09-14 02:36:36] WFG6: M=15 D=30 maxFE=300 (canonical index 13)
[2026-09-14 02:36:36] WFG7: M=15 D=30 maxFE=300 (canonical index 14)
[2026-09-14 02:36:36] WFG8: M=15 D=30 maxFE=300 (canonical index 15)
[2026-09-14 02:36:36] WFG9: M=15 D=30 maxFE=300 (canonical index 16)
[2026-09-14 02:36:36] Algorithm REMO_new2_AdaMaO_SDEOnly_UniformMix_Pruned_Weighted | parameters [3000            0.5           0.25            0.7              6]
[2026-09-14 02:36:36] SaveCount 30 | Runs 30 | M 15 | requested D 30 | N 100 | maxFE 300 | modeRunId 1 | seedBase 20260912
[2026-09-14 02:36:36] Slice 4/4 -> 67 of 270 jobs
[2026-09-14 02:36:39] [skip] D:\REMOandDREMO测试集\15目标\REMO_new2_AdaMaO_SDEOnly_UniformMix_Pruned_Weighted\REMO_new2_AdaMaO_SDEOnly_UniformMix_Pruned_Weighted_WFG1_M15_D30_4.mat (valid, final IGD 3.996034)
[2026-09-14 02:36:41] [skip] D:\REMOandDREMO测试集\15目标\REMO_new2_AdaMaO_SDEOnly_UniformMix_Pruned_Weighted\REMO_new2_AdaMaO_SDEOnly_UniformMix_Pruned_Weighted_WFG1_M15_D30_8.mat (valid, final IGD 4.138087)
[2026-09-14 02:36:44] [skip] D:\REMOandDREMO测试集\15目标\REMO_new2_AdaMaO_SDEOnly_UniformMix_Pruned_Weighted\REMO_new2_AdaMaO_SDEOnly_UniformMix_Pruned_Weighted_WFG1_M15_D30_12.mat (valid, final IGD 4.106857)
[2026-09-14 02:36:46] [skip] D:\REMOandDREMO测试集\15目标\REMO_new2_AdaMaO_SDEOnly_UniformMix_Pruned_Weighted\REMO_new2_AdaMaO_SDEOnly_UniformMix_Pruned_Weighted_WFG1_M15_D30_16.mat (valid, final IGD 4.165263)
[2026-09-14 02:36:48] [skip] D:\REMOandDREMO测试集\15目标\REMO_new2_AdaMaO_SDEOnly_UniformMix_Pruned_Weighted\REMO_new2_AdaMaO_SDEOnly_UniformMix_Pruned_Weighted_WFG1_M15_D30_20.mat (valid, final IGD 4.189587)
[2026-09-14 02:36:50] [skip] D:\REMOandDREMO测试集\15目标\REMO_new2_AdaMaO_SDEOnly_UniformMix_Pruned_Weighted\REMO_new2_AdaMaO_SDEOnly_UniformMix_Pruned_Weighted_WFG1_M15_D30_24.mat (valid, final IGD 4.152184)
[2026-09-14 02:36:51] [skip] D:\REMOandDREMO测试集\15目标\REMO_new2_AdaMaO_SDEOnly_UniformMix_Pruned_Weighted\REMO_new2_AdaMaO_SDEOnly_UniformMix_Pruned_Weighted_WFG1_M15_D30_28.mat (valid, final IGD 4.136530)
[2026-09-14 02:36:54] [skip] D:\REMOandDREMO测试集\15目标\REMO_new2_AdaMaO_SDEOnly_UniformMix_Pruned_Weighted\REMO_new2_AdaMaO_SDEOnly_UniformMix_Pruned_Weighted_WFG2_M15_D30_2.mat (valid, final IGD 3.507968)
[2026-09-14 02:36:56] [skip] D:\REMOandDREMO测试集\15目标\REMO_new2_AdaMaO_SDEOnly_UniformMix_Pruned_Weighted\REMO_new2_AdaMaO_SDEOnly_UniformMix_Pruned_Weighted_WFG2_M15_D30_6.mat (valid, final IGD 3.297276)
[2026-09-14 02:36:58] [skip] D:\REMOandDREMO测试集\15目标\REMO_new2_AdaMaO_SDEOnly_UniformMix_Pruned_Weighted\REMO_new2_AdaMaO_SDEOnly_UniformMix_Pruned_Weighted_WFG2_M15_D30_10.mat (valid, final IGD 2.843799)
[2026-09-14 02:37:00] [skip] D:\REMOandDREMO测试集\15目标\REMO_new2_AdaMaO_SDEOnly_UniformMix_Pruned_Weighted\REMO_new2_AdaMaO_SDEOnly_UniformMix_Pruned_Weighted_WFG2_M15_D30_14.mat (valid, final IGD 5.181076)
[2026-09-14 02:37:02] [skip] D:\REMOandDREMO测试集\15目标\REMO_new2_AdaMaO_SDEOnly_UniformMix_Pruned_Weighted\REMO_new2_AdaMaO_SDEOnly_UniformMix_Pruned_Weighted_WFG2_M15_D30_18.mat (valid, final IGD 2.579389)
[2026-09-14 02:37:04] [skip] D:\REMOandDREMO测试集\15目标\REMO_new2_AdaMaO_SDEOnly_UniformMix_Pruned_Weighted\REMO_new2_AdaMaO_SDEOnly_UniformMix_Pruned_Weighted_WFG2_M15_D30_22.mat (valid, final IGD 3.358140)
[2026-09-14 02:37:06] [skip] D:\REMOandDREMO测试集\15目标\REMO_new2_AdaMaO_SDEOnly_UniformMix_Pruned_Weighted\REMO_new2_AdaMaO_SDEOnly_UniformMix_Pruned_Weighted_WFG2_M15_D30_26.mat (valid, final IGD 3.608488)
[2026-09-14 02:37:08] [skip] D:\REMOandDREMO测试集\15目标\REMO_new2_AdaMaO_SDEOnly_UniformMix_Pruned_Weighted\REMO_new2_AdaMaO_SDEOnly_UniformMix_Pruned_Weighted_WFG2_M15_D30_30.mat (valid, final IGD 3.362342)
[2026-09-14 02:37:08] [skip] D:\REMOandDREMO测试集\15目标\REMO_new2_AdaMaO_SDEOnly_UniformMix_Pruned_Weighted\REMO_new2_AdaMaO_SDEOnly_UniformMix_Pruned_Weighted_WFG3_M15_D30_4.mat (valid, final IGD 2.316806)
[2026-09-14 02:37:08] [skip] D:\REMOandDREMO测试集\15目标\REMO_new2_AdaMaO_SDEOnly_UniformMix_Pruned_Weighted\REMO_new2_AdaMaO_SDEOnly_UniformMix_Pruned_Weighted_WFG3_M15_D30_8.mat (valid, final IGD 2.299244)
[2026-09-14 02:37:08] [skip] D:\REMOandDREMO测试集\15目标\REMO_new2_AdaMaO_SDEOnly_UniformMix_Pruned_Weighted\REMO_new2_AdaMaO_SDEOnly_UniformMix_Pruned_Weighted_WFG3_M15_D30_12.mat (valid, final IGD 2.109242)
[2026-09-14 02:37:08] [skip] D:\REMOandDREMO测试集\15目标\REMO_new2_AdaMaO_SDEOnly_UniformMix_Pruned_Weighted\REMO_new2_AdaMaO_SDEOnly_UniformMix_Pruned_Weighted_WFG3_M15_D30_16.mat (valid, final IGD 2.176101)
[2026-09-14 02:37:08] [skip] D:\REMOandDREMO测试集\15目标\REMO_new2_AdaMaO_SDEOnly_UniformMix_Pruned_Weighted\REMO_new2_AdaMaO_SDEOnly_UniformMix_Pruned_Weighted_WFG3_M15_D30_20.mat (valid, final IGD 2.233020)
[2026-09-14 02:37:08] [skip] D:\REMOandDREMO测试集\15目标\REMO_new2_AdaMaO_SDEOnly_UniformMix_Pruned_Weighted\REMO_new2_AdaMaO_SDEOnly_UniformMix_Pruned_Weighted_WFG3_M15_D30_24.mat (valid, final IGD 2.316182)
[2026-09-14 02:37:08] [skip] D:\REMOandDREMO测试集\15目标\REMO_new2_AdaMaO_SDEOnly_UniformMix_Pruned_Weighted\REMO_new2_AdaMaO_SDEOnly_UniformMix_Pruned_Weighted_WFG3_M15_D30_28.mat (valid, final IGD 2.144148)
[2026-09-14 02:37:08] [skip] D:\REMOandDREMO测试集\15目标\REMO_new2_AdaMaO_SDEOnly_UniformMix_Pruned_Weighted\REMO_new2_AdaMaO_SDEOnly_UniformMix_Pruned_Weighted_WFG4_M15_D30_2.mat (valid, final IGD 14.108874)
[2026-09-14 02:37:08] [skip] D:\REMOandDREMO测试集\15目标\REMO_new2_AdaMaO_SDEOnly_UniformMix_Pruned_Weighted\REMO_new2_AdaMaO_SDEOnly_UniformMix_Pruned_Weighted_WFG4_M15_D30_6.mat (valid, final IGD 15.482555)
[2026-09-14 02:37:08] [skip] D:\REMOandDREMO测试集\15目标\REMO_new2_AdaMaO_SDEOnly_UniformMix_Pruned_Weighted\REMO_new2_AdaMaO_SDEOnly_UniformMix_Pruned_Weighted_WFG4_M15_D30_10.mat (valid, final IGD 15.137452)
[2026-09-14 02:37:08] [skip] D:\REMOandDREMO测试集\15目标\REMO_new2_AdaMaO_SDEOnly_UniformMix_Pruned_Weighted\REMO_new2_AdaMaO_SDEOnly_UniformMix_Pruned_Weighted_WFG4_M15_D30_14.mat (valid, final IGD 15.020650)
[2026-09-14 02:37:08] [skip] D:\REMOandDREMO测试集\15目标\REMO_new2_AdaMaO_SDEOnly_UniformMix_Pruned_Weighted\REMO_new2_AdaMaO_SDEOnly_UniformMix_Pruned_Weighted_WFG4_M15_D30_18.mat (valid, final IGD 12.549412)
[2026-09-14 02:37:08] [skip] D:\REMOandDREMO测试集\15目标\REMO_new2_AdaMaO_SDEOnly_UniformMix_Pruned_Weighted\REMO_new2_AdaMaO_SDEOnly_UniformMix_Pruned_Weighted_WFG4_M15_D30_22.mat (valid, final IGD 12.288498)
[2026-09-14 02:37:08] [skip] D:\REMOandDREMO测试集\15目标\REMO_new2_AdaMaO_SDEOnly_UniformMix_Pruned_Weighted\REMO_new2_AdaMaO_SDEOnly_UniformMix_Pruned_Weighted_WFG4_M15_D30_26.mat (valid, final IGD 14.875757)
[2026-09-14 02:37:08] [skip] D:\REMOandDREMO测试集\15目标\REMO_new2_AdaMaO_SDEOnly_UniformMix_Pruned_Weighted\REMO_new2_AdaMaO_SDEOnly_UniformMix_Pruned_Weighted_WFG4_M15_D30_30.mat (valid, final IGD 13.751443)
[2026-09-14 02:37:08] [skip] D:\REMOandDREMO测试集\15目标\REMO_new2_AdaMaO_SDEOnly_UniformMix_Pruned_Weighted\REMO_new2_AdaMaO_SDEOnly_UniformMix_Pruned_Weighted_WFG5_M15_D30_4.mat (valid, final IGD 12.802606)
[2026-09-14 02:37:08] [skip] D:\REMOandDREMO测试集\15目标\REMO_new2_AdaMaO_SDEOnly_UniformMix_Pruned_Weighted\REMO_new2_AdaMaO_SDEOnly_UniformMix_Pruned_Weighted_WFG5_M15_D30_8.mat (valid, final IGD 16.112755)
[2026-09-14 02:37:08] [skip] D:\REMOandDREMO测试集\15目标\REMO_new2_AdaMaO_SDEOnly_UniformMix_Pruned_Weighted\REMO_new2_AdaMaO_SDEOnly_UniformMix_Pruned_Weighted_WFG5_M15_D30_12.mat (valid, final IGD 12.870479)
[2026-09-14 02:37:08] [skip] D:\REMOandDREMO测试集\15目标\REMO_new2_AdaMaO_SDEOnly_UniformMix_Pruned_Weighted\REMO_new2_AdaMaO_SDEOnly_UniformMix_Pruned_Weighted_WFG5_M15_D30_16.mat (valid, final IGD 13.165558)
[2026-09-14 02:37:08] [skip] D:\REMOandDREMO测试集\15目标\REMO_new2_AdaMaO_SDEOnly_UniformMix_Pruned_Weighted\REMO_new2_AdaMaO_SDEOnly_UniformMix_Pruned_Weighted_WFG5_M15_D30_20.mat (valid, final IGD 11.607763)
[2026-09-14 02:37:08] [skip] D:\REMOandDREMO测试集\15目标\REMO_new2_AdaMaO_SDEOnly_UniformMix_Pruned_Weighted\REMO_new2_AdaMaO_SDEOnly_UniformMix_Pruned_Weighted_WFG5_M15_D30_24.mat (valid, final IGD 12.189689)
[2026-09-14 02:37:08] [skip] D:\REMOandDREMO测试集\15目标\REMO_new2_AdaMaO_SDEOnly_UniformMix_Pruned_Weighted\REMO_new2_AdaMaO_SDEOnly_UniformMix_Pruned_Weighted_WFG5_M15_D30_28.mat (valid, final IGD 12.935994)
[2026-09-14 02:37:08] [skip] D:\REMOandDREMO测试集\15目标\REMO_new2_AdaMaO_SDEOnly_UniformMix_Pruned_Weighted\REMO_new2_AdaMaO_SDEOnly_UniformMix_Pruned_Weighted_WFG6_M15_D30_2.mat (valid, final IGD 9.777985)
[2026-09-14 02:37:08] [skip] D:\REMOandDREMO测试集\15目标\REMO_new2_AdaMaO_SDEOnly_UniformMix_Pruned_Weighted\REMO_new2_AdaMaO_SDEOnly_UniformMix_Pruned_Weighted_WFG6_M15_D30_6.mat (valid, final IGD 10.358251)
[2026-09-14 02:37:08] [skip] D:\REMOandDREMO测试集\15目标\REMO_new2_AdaMaO_SDEOnly_UniformMix_Pruned_Weighted\REMO_new2_AdaMaO_SDEOnly_UniformMix_Pruned_Weighted_WFG6_M15_D30_10.mat (valid, final IGD 10.235078)
[2026-09-14 02:37:08] [skip] D:\REMOandDREMO测试集\15目标\REMO_new2_AdaMaO_SDEOnly_UniformMix_Pruned_Weighted\REMO_new2_AdaMaO_SDEOnly_UniformMix_Pruned_Weighted_WFG6_M15_D30_14.mat (valid, final IGD 11.083908)
[2026-09-14 02:37:08] [skip] D:\REMOandDREMO测试集\15目标\REMO_new2_AdaMaO_SDEOnly_UniformMix_Pruned_Weighted\REMO_new2_AdaMaO_SDEOnly_UniformMix_Pruned_Weighted_WFG6_M15_D30_18.mat (valid, final IGD 10.288419)
[2026-09-14 02:37:08] [skip] D:\REMOandDREMO测试集\15目标\REMO_new2_AdaMaO_SDEOnly_UniformMix_Pruned_Weighted\REMO_new2_AdaMaO_SDEOnly_UniformMix_Pruned_Weighted_WFG6_M15_D30_22.mat (valid, final IGD 11.694867)
[2026-09-14 02:37:08] [skip] D:\REMOandDREMO测试集\15目标\REMO_new2_AdaMaO_SDEOnly_UniformMix_Pruned_Weighted\REMO_new2_AdaMaO_SDEOnly_UniformMix_Pruned_Weighted_WFG6_M15_D30_26.mat (valid, final IGD 10.825051)
[2026-09-14 02:37:08] [skip] D:\REMOandDREMO测试集\15目标\REMO_new2_AdaMaO_SDEOnly_UniformMix_Pruned_Weighted\REMO_new2_AdaMaO_SDEOnly_UniformMix_Pruned_Weighted_WFG6_M15_D30_30.mat (valid, final IGD 10.587580)
[2026-09-14 02:37:08] [skip] D:\REMOandDREMO测试集\15目标\REMO_new2_AdaMaO_SDEOnly_UniformMix_Pruned_Weighted\REMO_new2_AdaMaO_SDEOnly_UniformMix_Pruned_Weighted_WFG7_M15_D30_4.mat (valid, final IGD 11.016669)
[2026-09-14 02:37:09] [skip] D:\REMOandDREMO测试集\15目标\REMO_new2_AdaMaO_SDEOnly_UniformMix_Pruned_Weighted\REMO_new2_AdaMaO_SDEOnly_UniformMix_Pruned_Weighted_WFG7_M15_D30_8.mat (valid, final IGD 12.252535)
[2026-09-14 02:37:09] [skip] D:\REMOandDREMO测试集\15目标\REMO_new2_AdaMaO_SDEOnly_UniformMix_Pruned_Weighted\REMO_new2_AdaMaO_SDEOnly_UniformMix_Pruned_Weighted_WFG7_M15_D30_12.mat (valid, final IGD 10.949830)
[2026-09-14 02:37:09] [skip] D:\REMOandDREMO测试集\15目标\REMO_new2_AdaMaO_SDEOnly_UniformMix_Pruned_Weighted\REMO_new2_AdaMaO_SDEOnly_UniformMix_Pruned_Weighted_WFG7_M15_D30_16.mat (valid, final IGD 12.417113)
[2026-09-14 02:37:09] [skip] D:\REMOandDREMO测试集\15目标\REMO_new2_AdaMaO_SDEOnly_UniformMix_Pruned_Weighted\REMO_new2_AdaMaO_SDEOnly_UniformMix_Pruned_Weighted_WFG7_M15_D30_20.mat (valid, final IGD 11.638226)
[2026-09-14 02:37:09] [skip] D:\REMOandDREMO测试集\15目标\REMO_new2_AdaMaO_SDEOnly_UniformMix_Pruned_Weighted\REMO_new2_AdaMaO_SDEOnly_UniformMix_Pruned_Weighted_WFG7_M15_D30_24.mat (valid, final IGD 11.034385)
[2026-09-14 02:41:36] [done] WFG7 run 28 seed 21774940 | IGD first 17.654 -> final 13.2529 | runtime 266.6s | wall 267.3s | ok
[2026-09-14 02:45:43] [done] WFG8 run 2 seed 21775914 | IGD first 15.693 -> final 11.3008 | runtime 246.1s | wall 246.7s | ok
[2026-09-14 02:50:02] [done] WFG8 run 6 seed 21775918 | IGD first 17.1073 -> final 10.9689 | runtime 258.9s | wall 259.4s | ok
[2026-09-14 02:54:26] [done] WFG8 run 10 seed 21775922 | IGD first 16.1998 -> final 10.7726 | runtime 263.5s | wall 264.0s | ok
[2026-09-14 02:58:38] [done] WFG8 run 14 seed 21775926 | IGD first 17.6034 -> final 12.2629 | runtime 251.4s | wall 251.9s | ok
[2026-09-14 03:02:36] [done] WFG8 run 18 seed 21775930 | IGD first 17.0143 -> final 10.7906 | runtime 237.6s | wall 238.2s | ok
[2026-09-14 03:06:51] [done] WFG8 run 22 seed 21775934 | IGD first 16.9891 -> final 13.1984 | runtime 253.9s | wall 254.4s | ok
[2026-09-14 03:10:55] [done] WFG8 run 26 seed 21775938 | IGD first 17.0498 -> final 11.5904 | runtime 244.4s | wall 244.8s | ok
[2026-09-14 03:15:05] [done] WFG8 run 30 seed 21775942 | IGD first 16.9717 -> final 11.6763 | runtime 249.1s | wall 249.6s | ok
[2026-09-14 03:19:26] [done] WFG9 run 4 seed 21776916 | IGD first 18.6013 -> final 12.4763 | runtime 260.8s | wall 261.2s | ok
[2026-09-14 03:23:37] [done] WFG9 run 8 seed 21776920 | IGD first 15.5731 -> final 13.5454 | runtime 249.9s | wall 250.4s | ok
[2026-09-14 03:27:56] [done] WFG9 run 12 seed 21776924 | IGD first 17.2334 -> final 13.8542 | runtime 258.5s | wall 259.0s | ok
[2026-09-14 03:32:11] [done] WFG9 run 16 seed 21776928 | IGD first 16.3012 -> final 11.206 | runtime 254.8s | wall 255.3s | ok
[2026-09-14 03:36:13] [done] WFG9 run 20 seed 21776932 | IGD first 17.1246 -> final 13.623 | runtime 241.2s | wall 241.6s | ok
[2026-09-14 03:40:03] [done] WFG9 run 24 seed 21776936 | IGD first 15.9075 -> final 11.9924 | runtime 229.8s | wall 230.3s | ok
[2026-09-14 03:43:51] [done] WFG9 run 28 seed 21776940 | IGD first 16.3086 -> final 12.3017 | runtime 227.4s | wall 227.8s | ok
[2026-09-14 03:43:51] ==== part 4/4 done: 67 runs (51 skipped) in 4034.2 s (1.1 h) ====
[2026-09-14 03:43:51] Summary CSV: D:\REMOandDREMO测试集\15目标\REMO_new2_AdaMaO_SDEOnly_UniformMix_Pruned_Weighted\_runlog_part4of4.csv

ans = 

  包含以下字段的 1x67 struct 数组:

    Problem
    Run
    File
    Status
    IGD
    Runtime
    FE
    D
    Seed
    Seconds

[2026-09-14 03:43:56] part 4 attempt 1 exited rc=0
[2026-09-14 03:43:56] part 4 COMPLETE after 1 attempt(s)
[2026-09-14 03:58:14] part 4 attempt 1 launching MATLAB (alg=REMO_new2_AdaMaO_SDEOnly_UniformMix_Pruned_Weighted params=3000,0.50,0.25,0.70,6 func=run_WeightedWFG_M15)
[2026-09-14 03:58:23] PlatEMO root: D:\PlatEMO-master\PlatEMO-master\PlatEMO
[2026-09-14 03:58:30] WFG1: M=15 D=30 maxFE=300 (canonical index 8)
[2026-09-14 03:58:32] WFG2: M=15 D=30 maxFE=300 (canonical index 9)
[2026-09-14 03:58:32] WFG3: M=15 D=30 maxFE=300 (canonical index 10)
[2026-09-14 03:58:32] WFG4: M=15 D=30 maxFE=300 (canonical index 11)
[2026-09-14 03:58:32] WFG5: M=15 D=30 maxFE=300 (canonical index 12)
[2026-09-14 03:58:32] WFG6: M=15 D=30 maxFE=300 (canonical index 13)
[2026-09-14 03:58:32] WFG7: M=15 D=30 maxFE=300 (canonical index 14)
[2026-09-14 03:58:32] WFG8: M=15 D=30 maxFE=300 (canonical index 15)
[2026-09-14 03:58:32] WFG9: M=15 D=30 maxFE=300 (canonical index 16)
[2026-09-14 03:58:32] Algorithm REMO_new2_AdaMaO_SDEOnly_UniformMix_Pruned_Weighted | parameters [3000            0.5           0.25            0.7              6]
[2026-09-14 03:58:32] SaveCount 30 | Runs 30 | M 15 | requested D 30 | N 100 | maxFE 300 | modeRunId 1 | seedBase 20260912
[2026-09-14 03:58:32] Slice 4/4 -> 67 of 270 jobs
[2026-09-14 03:58:35] [skip] D:\REMOandDREMO测试集\15目标\REMO_new2_AdaMaO_SDEOnly_UniformMix_Pruned_Weighted\REMO_new2_AdaMaO_SDEOnly_UniformMix_Pruned_Weighted_WFG1_M15_D30_4.mat (valid, final IGD 3.996034)
[2026-09-14 03:58:36] [skip] D:\REMOandDREMO测试集\15目标\REMO_new2_AdaMaO_SDEOnly_UniformMix_Pruned_Weighted\REMO_new2_AdaMaO_SDEOnly_UniformMix_Pruned_Weighted_WFG1_M15_D30_8.mat (valid, final IGD 4.138087)
[2026-09-14 03:58:38] [skip] D:\REMOandDREMO测试集\15目标\REMO_new2_AdaMaO_SDEOnly_UniformMix_Pruned_Weighted\REMO_new2_AdaMaO_SDEOnly_UniformMix_Pruned_Weighted_WFG1_M15_D30_12.mat (valid, final IGD 4.106857)
[2026-09-14 03:58:40] [skip] D:\REMOandDREMO测试集\15目标\REMO_new2_AdaMaO_SDEOnly_UniformMix_Pruned_Weighted\REMO_new2_AdaMaO_SDEOnly_UniformMix_Pruned_Weighted_WFG1_M15_D30_16.mat (valid, final IGD 4.165263)
[2026-09-14 03:58:42] [skip] D:\REMOandDREMO测试集\15目标\REMO_new2_AdaMaO_SDEOnly_UniformMix_Pruned_Weighted\REMO_new2_AdaMaO_SDEOnly_UniformMix_Pruned_Weighted_WFG1_M15_D30_20.mat (valid, final IGD 4.189587)
[2026-09-14 03:58:43] [skip] D:\REMOandDREMO测试集\15目标\REMO_new2_AdaMaO_SDEOnly_UniformMix_Pruned_Weighted\REMO_new2_AdaMaO_SDEOnly_UniformMix_Pruned_Weighted_WFG1_M15_D30_24.mat (valid, final IGD 4.152184)
[2026-09-14 03:58:45] [skip] D:\REMOandDREMO测试集\15目标\REMO_new2_AdaMaO_SDEOnly_UniformMix_Pruned_Weighted\REMO_new2_AdaMaO_SDEOnly_UniformMix_Pruned_Weighted_WFG1_M15_D30_28.mat (valid, final IGD 4.136530)
[2026-09-14 03:58:47] [skip] D:\REMOandDREMO测试集\15目标\REMO_new2_AdaMaO_SDEOnly_UniformMix_Pruned_Weighted\REMO_new2_AdaMaO_SDEOnly_UniformMix_Pruned_Weighted_WFG2_M15_D30_2.mat (valid, final IGD 3.507968)
[2026-09-14 03:58:49] [skip] D:\REMOandDREMO测试集\15目标\REMO_new2_AdaMaO_SDEOnly_UniformMix_Pruned_Weighted\REMO_new2_AdaMaO_SDEOnly_UniformMix_Pruned_Weighted_WFG2_M15_D30_6.mat (valid, final IGD 3.297276)
[2026-09-14 03:58:51] [skip] D:\REMOandDREMO测试集\15目标\REMO_new2_AdaMaO_SDEOnly_UniformMix_Pruned_Weighted\REMO_new2_AdaMaO_SDEOnly_UniformMix_Pruned_Weighted_WFG2_M15_D30_10.mat (valid, final IGD 2.843799)
[2026-09-14 03:58:54] [skip] D:\REMOandDREMO测试集\15目标\REMO_new2_AdaMaO_SDEOnly_UniformMix_Pruned_Weighted\REMO_new2_AdaMaO_SDEOnly_UniformMix_Pruned_Weighted_WFG2_M15_D30_14.mat (valid, final IGD 5.181076)
[2026-09-14 03:58:56] [skip] D:\REMOandDREMO测试集\15目标\REMO_new2_AdaMaO_SDEOnly_UniformMix_Pruned_Weighted\REMO_new2_AdaMaO_SDEOnly_UniformMix_Pruned_Weighted_WFG2_M15_D30_18.mat (valid, final IGD 2.579389)
[2026-09-14 03:58:58] [skip] D:\REMOandDREMO测试集\15目标\REMO_new2_AdaMaO_SDEOnly_UniformMix_Pruned_Weighted\REMO_new2_AdaMaO_SDEOnly_UniformMix_Pruned_Weighted_WFG2_M15_D30_22.mat (valid, final IGD 3.358140)
[2026-09-14 03:59:00] [skip] D:\REMOandDREMO测试集\15目标\REMO_new2_AdaMaO_SDEOnly_UniformMix_Pruned_Weighted\REMO_new2_AdaMaO_SDEOnly_UniformMix_Pruned_Weighted_WFG2_M15_D30_26.mat (valid, final IGD 3.608488)
[2026-09-14 03:59:01] [skip] D:\REMOandDREMO测试集\15目标\REMO_new2_AdaMaO_SDEOnly_UniformMix_Pruned_Weighted\REMO_new2_AdaMaO_SDEOnly_UniformMix_Pruned_Weighted_WFG2_M15_D30_30.mat (valid, final IGD 3.362342)
[2026-09-14 03:59:01] [skip] D:\REMOandDREMO测试集\15目标\REMO_new2_AdaMaO_SDEOnly_UniformMix_Pruned_Weighted\REMO_new2_AdaMaO_SDEOnly_UniformMix_Pruned_Weighted_WFG3_M15_D30_4.mat (valid, final IGD 2.316806)
[2026-09-14 03:59:01] [skip] D:\REMOandDREMO测试集\15目标\REMO_new2_AdaMaO_SDEOnly_UniformMix_Pruned_Weighted\REMO_new2_AdaMaO_SDEOnly_UniformMix_Pruned_Weighted_WFG3_M15_D30_8.mat (valid, final IGD 2.299244)
[2026-09-14 03:59:02] [skip] D:\REMOandDREMO测试集\15目标\REMO_new2_AdaMaO_SDEOnly_UniformMix_Pruned_Weighted\REMO_new2_AdaMaO_SDEOnly_UniformMix_Pruned_Weighted_WFG3_M15_D30_12.mat (valid, final IGD 2.109242)
[2026-09-14 03:59:02] [skip] D:\REMOandDREMO测试集\15目标\REMO_new2_AdaMaO_SDEOnly_UniformMix_Pruned_Weighted\REMO_new2_AdaMaO_SDEOnly_UniformMix_Pruned_Weighted_WFG3_M15_D30_16.mat (valid, final IGD 2.176101)
[2026-09-14 03:59:02] [skip] D:\REMOandDREMO测试集\15目标\REMO_new2_AdaMaO_SDEOnly_UniformMix_Pruned_Weighted\REMO_new2_AdaMaO_SDEOnly_UniformMix_Pruned_Weighted_WFG3_M15_D30_20.mat (valid, final IGD 2.233020)
[2026-09-14 03:59:02] [skip] D:\REMOandDREMO测试集\15目标\REMO_new2_AdaMaO_SDEOnly_UniformMix_Pruned_Weighted\REMO_new2_AdaMaO_SDEOnly_UniformMix_Pruned_Weighted_WFG3_M15_D30_24.mat (valid, final IGD 2.316182)
[2026-09-14 03:59:02] [skip] D:\REMOandDREMO测试集\15目标\REMO_new2_AdaMaO_SDEOnly_UniformMix_Pruned_Weighted\REMO_new2_AdaMaO_SDEOnly_UniformMix_Pruned_Weighted_WFG3_M15_D30_28.mat (valid, final IGD 2.144148)
[2026-09-14 03:59:02] [skip] D:\REMOandDREMO测试集\15目标\REMO_new2_AdaMaO_SDEOnly_UniformMix_Pruned_Weighted\REMO_new2_AdaMaO_SDEOnly_UniformMix_Pruned_Weighted_WFG4_M15_D30_2.mat (valid, final IGD 14.108874)
[2026-09-14 03:59:02] [skip] D:\REMOandDREMO测试集\15目标\REMO_new2_AdaMaO_SDEOnly_UniformMix_Pruned_Weighted\REMO_new2_AdaMaO_SDEOnly_UniformMix_Pruned_Weighted_WFG4_M15_D30_6.mat (valid, final IGD 15.482555)
[2026-09-14 03:59:02] [skip] D:\REMOandDREMO测试集\15目标\REMO_new2_AdaMaO_SDEOnly_UniformMix_Pruned_Weighted\REMO_new2_AdaMaO_SDEOnly_UniformMix_Pruned_Weighted_WFG4_M15_D30_10.mat (valid, final IGD 15.137452)
[2026-09-14 03:59:02] [skip] D:\REMOandDREMO测试集\15目标\REMO_new2_AdaMaO_SDEOnly_UniformMix_Pruned_Weighted\REMO_new2_AdaMaO_SDEOnly_UniformMix_Pruned_Weighted_WFG4_M15_D30_14.mat (valid, final IGD 15.020650)
[2026-09-14 03:59:02] [skip] D:\REMOandDREMO测试集\15目标\REMO_new2_AdaMaO_SDEOnly_UniformMix_Pruned_Weighted\REMO_new2_AdaMaO_SDEOnly_UniformMix_Pruned_Weighted_WFG4_M15_D30_18.mat (valid, final IGD 12.549412)
[2026-09-14 03:59:02] [skip] D:\REMOandDREMO测试集\15目标\REMO_new2_AdaMaO_SDEOnly_UniformMix_Pruned_Weighted\REMO_new2_AdaMaO_SDEOnly_UniformMix_Pruned_Weighted_WFG4_M15_D30_22.mat (valid, final IGD 12.288498)
[2026-09-14 03:59:02] [skip] D:\REMOandDREMO测试集\15目标\REMO_new2_AdaMaO_SDEOnly_UniformMix_Pruned_Weighted\REMO_new2_AdaMaO_SDEOnly_UniformMix_Pruned_Weighted_WFG4_M15_D30_26.mat (valid, final IGD 14.875757)
[2026-09-14 03:59:02] [skip] D:\REMOandDREMO测试集\15目标\REMO_new2_AdaMaO_SDEOnly_UniformMix_Pruned_Weighted\REMO_new2_AdaMaO_SDEOnly_UniformMix_Pruned_Weighted_WFG4_M15_D30_30.mat (valid, final IGD 13.751443)
[2026-09-14 03:59:02] [skip] D:\REMOandDREMO测试集\15目标\REMO_new2_AdaMaO_SDEOnly_UniformMix_Pruned_Weighted\REMO_new2_AdaMaO_SDEOnly_UniformMix_Pruned_Weighted_WFG5_M15_D30_4.mat (valid, final IGD 12.802606)
[2026-09-14 03:59:02] [skip] D:\REMOandDREMO测试集\15目标\REMO_new2_AdaMaO_SDEOnly_UniformMix_Pruned_Weighted\REMO_new2_AdaMaO_SDEOnly_UniformMix_Pruned_Weighted_WFG5_M15_D30_8.mat (valid, final IGD 16.112755)
[2026-09-14 03:59:02] [skip] D:\REMOandDREMO测试集\15目标\REMO_new2_AdaMaO_SDEOnly_UniformMix_Pruned_Weighted\REMO_new2_AdaMaO_SDEOnly_UniformMix_Pruned_Weighted_WFG5_M15_D30_12.mat (valid, final IGD 12.870479)
[2026-09-14 03:59:02] [skip] D:\REMOandDREMO测试集\15目标\REMO_new2_AdaMaO_SDEOnly_UniformMix_Pruned_Weighted\REMO_new2_AdaMaO_SDEOnly_UniformMix_Pruned_Weighted_WFG5_M15_D30_16.mat (valid, final IGD 13.165558)
[2026-09-14 03:59:02] [skip] D:\REMOandDREMO测试集\15目标\REMO_new2_AdaMaO_SDEOnly_UniformMix_Pruned_Weighted\REMO_new2_AdaMaO_SDEOnly_UniformMix_Pruned_Weighted_WFG5_M15_D30_20.mat (valid, final IGD 11.607763)
[2026-09-14 03:59:02] [skip] D:\REMOandDREMO测试集\15目标\REMO_new2_AdaMaO_SDEOnly_UniformMix_Pruned_Weighted\REMO_new2_AdaMaO_SDEOnly_UniformMix_Pruned_Weighted_WFG5_M15_D30_24.mat (valid, final IGD 12.189689)
[2026-09-14 03:59:02] [skip] D:\REMOandDREMO测试集\15目标\REMO_new2_AdaMaO_SDEOnly_UniformMix_Pruned_Weighted\REMO_new2_AdaMaO_SDEOnly_UniformMix_Pruned_Weighted_WFG5_M15_D30_28.mat (valid, final IGD 12.935994)
[2026-09-14 03:59:02] [skip] D:\REMOandDREMO测试集\15目标\REMO_new2_AdaMaO_SDEOnly_UniformMix_Pruned_Weighted\REMO_new2_AdaMaO_SDEOnly_UniformMix_Pruned_Weighted_WFG6_M15_D30_2.mat (valid, final IGD 9.777985)
[2026-09-14 03:59:02] [skip] D:\REMOandDREMO测试集\15目标\REMO_new2_AdaMaO_SDEOnly_UniformMix_Pruned_Weighted\REMO_new2_AdaMaO_SDEOnly_UniformMix_Pruned_Weighted_WFG6_M15_D30_6.mat (valid, final IGD 10.358251)
[2026-09-14 03:59:02] [skip] D:\REMOandDREMO测试集\15目标\REMO_new2_AdaMaO_SDEOnly_UniformMix_Pruned_Weighted\REMO_new2_AdaMaO_SDEOnly_UniformMix_Pruned_Weighted_WFG6_M15_D30_10.mat (valid, final IGD 10.235078)
[2026-09-14 03:59:02] [skip] D:\REMOandDREMO测试集\15目标\REMO_new2_AdaMaO_SDEOnly_UniformMix_Pruned_Weighted\REMO_new2_AdaMaO_SDEOnly_UniformMix_Pruned_Weighted_WFG6_M15_D30_14.mat (valid, final IGD 11.083908)
[2026-09-14 03:59:02] [skip] D:\REMOandDREMO测试集\15目标\REMO_new2_AdaMaO_SDEOnly_UniformMix_Pruned_Weighted\REMO_new2_AdaMaO_SDEOnly_UniformMix_Pruned_Weighted_WFG6_M15_D30_18.mat (valid, final IGD 10.288419)
[2026-09-14 03:59:02] [skip] D:\REMOandDREMO测试集\15目标\REMO_new2_AdaMaO_SDEOnly_UniformMix_Pruned_Weighted\REMO_new2_AdaMaO_SDEOnly_UniformMix_Pruned_Weighted_WFG6_M15_D30_22.mat (valid, final IGD 11.694867)
[2026-09-14 03:59:02] [skip] D:\REMOandDREMO测试集\15目标\REMO_new2_AdaMaO_SDEOnly_UniformMix_Pruned_Weighted\REMO_new2_AdaMaO_SDEOnly_UniformMix_Pruned_Weighted_WFG6_M15_D30_26.mat (valid, final IGD 10.825051)
[2026-09-14 03:59:02] [skip] D:\REMOandDREMO测试集\15目标\REMO_new2_AdaMaO_SDEOnly_UniformMix_Pruned_Weighted\REMO_new2_AdaMaO_SDEOnly_UniformMix_Pruned_Weighted_WFG6_M15_D30_30.mat (valid, final IGD 10.587580)
[2026-09-14 03:59:02] [skip] D:\REMOandDREMO测试集\15目标\REMO_new2_AdaMaO_SDEOnly_UniformMix_Pruned_Weighted\REMO_new2_AdaMaO_SDEOnly_UniformMix_Pruned_Weighted_WFG7_M15_D30_4.mat (valid, final IGD 11.016669)
[2026-09-14 03:59:02] [skip] D:\REMOandDREMO测试集\15目标\REMO_new2_AdaMaO_SDEOnly_UniformMix_Pruned_Weighted\REMO_new2_AdaMaO_SDEOnly_UniformMix_Pruned_Weighted_WFG7_M15_D30_8.mat (valid, final IGD 12.252535)
[2026-09-14 03:59:02] [skip] D:\REMOandDREMO测试集\15目标\REMO_new2_AdaMaO_SDEOnly_UniformMix_Pruned_Weighted\REMO_new2_AdaMaO_SDEOnly_UniformMix_Pruned_Weighted_WFG7_M15_D30_12.mat (valid, final IGD 10.949830)
[2026-09-14 03:59:02] [skip] D:\REMOandDREMO测试集\15目标\REMO_new2_AdaMaO_SDEOnly_UniformMix_Pruned_Weighted\REMO_new2_AdaMaO_SDEOnly_UniformMix_Pruned_Weighted_WFG7_M15_D30_16.mat (valid, final IGD 12.417113)
[2026-09-14 03:59:02] [skip] D:\REMOandDREMO测试集\15目标\REMO_new2_AdaMaO_SDEOnly_UniformMix_Pruned_Weighted\REMO_new2_AdaMaO_SDEOnly_UniformMix_Pruned_Weighted_WFG7_M15_D30_20.mat (valid, final IGD 11.638226)
[2026-09-14 03:59:02] [skip] D:\REMOandDREMO测试集\15目标\REMO_new2_AdaMaO_SDEOnly_UniformMix_Pruned_Weighted\REMO_new2_AdaMaO_SDEOnly_UniformMix_Pruned_Weighted_WFG7_M15_D30_24.mat (valid, final IGD 11.034385)
[2026-09-14 03:59:02] [skip] D:\REMOandDREMO测试集\15目标\REMO_new2_AdaMaO_SDEOnly_UniformMix_Pruned_Weighted\REMO_new2_AdaMaO_SDEOnly_UniformMix_Pruned_Weighted_WFG7_M15_D30_28.mat (valid, final IGD 13.252941)
[2026-09-14 03:59:02] [skip] D:\REMOandDREMO测试集\15目标\REMO_new2_AdaMaO_SDEOnly_UniformMix_Pruned_Weighted\REMO_new2_AdaMaO_SDEOnly_UniformMix_Pruned_Weighted_WFG8_M15_D30_2.mat (valid, final IGD 11.300769)
[2026-09-14 03:59:02] [skip] D:\REMOandDREMO测试集\15目标\REMO_new2_AdaMaO_SDEOnly_UniformMix_Pruned_Weighted\REMO_new2_AdaMaO_SDEOnly_UniformMix_Pruned_Weighted_WFG8_M15_D30_6.mat (valid, final IGD 10.968906)
[2026-09-14 03:59:02] [skip] D:\REMOandDREMO测试集\15目标\REMO_new2_AdaMaO_SDEOnly_UniformMix_Pruned_Weighted\REMO_new2_AdaMaO_SDEOnly_UniformMix_Pruned_Weighted_WFG8_M15_D30_10.mat (valid, final IGD 10.772623)
[2026-09-14 03:59:02] [skip] D:\REMOandDREMO测试集\15目标\REMO_new2_AdaMaO_SDEOnly_UniformMix_Pruned_Weighted\REMO_new2_AdaMaO_SDEOnly_UniformMix_Pruned_Weighted_WFG8_M15_D30_14.mat (valid, final IGD 12.262851)
[2026-09-14 03:59:02] [skip] D:\REMOandDREMO测试集\15目标\REMO_new2_AdaMaO_SDEOnly_UniformMix_Pruned_Weighted\REMO_new2_AdaMaO_SDEOnly_UniformMix_Pruned_Weighted_WFG8_M15_D30_18.mat (valid, final IGD 10.790644)
[2026-09-14 03:59:02] [skip] D:\REMOandDREMO测试集\15目标\REMO_new2_AdaMaO_SDEOnly_UniformMix_Pruned_Weighted\REMO_new2_AdaMaO_SDEOnly_UniformMix_Pruned_Weighted_WFG8_M15_D30_22.mat (valid, final IGD 13.198411)
[2026-09-14 03:59:02] [skip] D:\REMOandDREMO测试集\15目标\REMO_new2_AdaMaO_SDEOnly_UniformMix_Pruned_Weighted\REMO_new2_AdaMaO_SDEOnly_UniformMix_Pruned_Weighted_WFG8_M15_D30_26.mat (valid, final IGD 11.590426)
[2026-09-14 03:59:02] [skip] D:\REMOandDREMO测试集\15目标\REMO_new2_AdaMaO_SDEOnly_UniformMix_Pruned_Weighted\REMO_new2_AdaMaO_SDEOnly_UniformMix_Pruned_Weighted_WFG8_M15_D30_30.mat (valid, final IGD 11.676350)
[2026-09-14 03:59:02] [skip] D:\REMOandDREMO测试集\15目标\REMO_new2_AdaMaO_SDEOnly_UniformMix_Pruned_Weighted\REMO_new2_AdaMaO_SDEOnly_UniformMix_Pruned_Weighted_WFG9_M15_D30_4.mat (valid, final IGD 12.476335)
[2026-09-14 03:59:02] [skip] D:\REMOandDREMO测试集\15目标\REMO_new2_AdaMaO_SDEOnly_UniformMix_Pruned_Weighted\REMO_new2_AdaMaO_SDEOnly_UniformMix_Pruned_Weighted_WFG9_M15_D30_8.mat (valid, final IGD 13.545408)
[2026-09-14 03:59:02] [skip] D:\REMOandDREMO测试集\15目标\REMO_new2_AdaMaO_SDEOnly_UniformMix_Pruned_Weighted\REMO_new2_AdaMaO_SDEOnly_UniformMix_Pruned_Weighted_WFG9_M15_D30_12.mat (valid, final IGD 13.854158)
[2026-09-14 03:59:02] [skip] D:\REMOandDREMO测试集\15目标\REMO_new2_AdaMaO_SDEOnly_UniformMix_Pruned_Weighted\REMO_new2_AdaMaO_SDEOnly_UniformMix_Pruned_Weighted_WFG9_M15_D30_16.mat (valid, final IGD 11.205997)
[2026-09-14 03:59:02] [skip] D:\REMOandDREMO测试集\15目标\REMO_new2_AdaMaO_SDEOnly_UniformMix_Pruned_Weighted\REMO_new2_AdaMaO_SDEOnly_UniformMix_Pruned_Weighted_WFG9_M15_D30_20.mat (valid, final IGD 13.623045)
[2026-09-14 03:59:02] [skip] D:\REMOandDREMO测试集\15目标\REMO_new2_AdaMaO_SDEOnly_UniformMix_Pruned_Weighted\REMO_new2_AdaMaO_SDEOnly_UniformMix_Pruned_Weighted_WFG9_M15_D30_24.mat (valid, final IGD 11.992410)
[2026-09-14 03:59:02] [skip] D:\REMOandDREMO测试集\15目标\REMO_new2_AdaMaO_SDEOnly_UniformMix_Pruned_Weighted\REMO_new2_AdaMaO_SDEOnly_UniformMix_Pruned_Weighted_WFG9_M15_D30_28.mat (valid, final IGD 12.301723)
[2026-09-14 03:59:02] ==== part 4/4 done: 67 runs (67 skipped) in 29.9 s (0.0 h) ====
[2026-09-14 03:59:03] Summary CSV: D:\REMOandDREMO测试集\15目标\REMO_new2_AdaMaO_SDEOnly_UniformMix_Pruned_Weighted\_runlog_part4of4.csv

ans = 

  包含以下字段的 1x67 struct 数组:

    Problem
    Run
    File
    Status
    IGD
    Runtime
    FE
    D
    Seed
    Seconds

[2026-09-14 03:59:06] part 4 attempt 1 exited rc=0
[2026-09-14 03:59:06] part 4 COMPLETE after 1 attempt(s)
[2026-09-14 03:59:07] part 4 attempt 1 launching MATLAB (alg=REMO_new2_AdaMaO_SDEOnly_UniformMix_Pruned_Weighted params=3000,0.50,0.25,0.70,6 func=run_WeightedWFG_M8D10)
[2026-09-14 03:59:14] PlatEMO root: D:\PlatEMO-master\PlatEMO-master\PlatEMO
[2026-09-14 03:59:20] WFG1: M=8 D=10 maxFE=300 (canonical index 8)
[2026-09-14 03:59:23] WFG2: M=8 D=11 maxFE=300 (canonical index 9)
[2026-09-14 03:59:23] WFG3: M=8 D=11 maxFE=300 (canonical index 10)
[2026-09-14 03:59:23] WFG4: M=8 D=10 maxFE=300 (canonical index 11)
[2026-09-14 03:59:23] WFG5: M=8 D=10 maxFE=300 (canonical index 12)
[2026-09-14 03:59:23] WFG6: M=8 D=10 maxFE=300 (canonical index 13)
[2026-09-14 03:59:23] WFG7: M=8 D=10 maxFE=300 (canonical index 14)
[2026-09-14 03:59:23] WFG8: M=8 D=10 maxFE=300 (canonical index 15)
[2026-09-14 03:59:23] WFG9: M=8 D=10 maxFE=300 (canonical index 16)
[2026-09-14 03:59:23] Algorithm REMO_new2_AdaMaO_SDEOnly_UniformMix_Pruned_Weighted | parameters [3000            0.5           0.25            0.7              6]
[2026-09-14 03:59:23] SaveCount 30 | Runs 30 | M 8 | requested D 10 | N 100 | maxFE 300 | modeRunId 1 | seedBase 20260912
[2026-09-14 03:59:23] Slice 4/4 -> 67 of 270 jobs
[2026-09-14 04:01:14] [done] WFG1 run 4 seed 21068916 | IGD first 3.19953 -> final 2.83553 | runtime 108.2s | wall 109.0s | ok
[2026-09-14 04:02:51] [done] WFG1 run 8 seed 21068920 | IGD first 3.23221 -> final 2.50549 | runtime 96.0s | wall 96.3s | ok
[2026-09-14 05:05:49] part 4 attempt 1 launching MATLAB (alg=REMO_new2_AdaMaO_SDEOnly_UniformMix_Pruned_Weighted params=3000,0.50,0.25,0.70,6 func=run_WeightedWFG_M15)
[2026-09-14 05:05:56] PlatEMO root: D:\PlatEMO-master\PlatEMO-master\PlatEMO
[2026-09-14 05:06:02] WFG1: M=15 D=30 maxFE=300 (canonical index 8)
[2026-09-14 05:06:05] WFG2: M=15 D=30 maxFE=300 (canonical index 9)
[2026-09-14 05:06:05] WFG3: M=15 D=30 maxFE=300 (canonical index 10)
[2026-09-14 05:06:05] WFG4: M=15 D=30 maxFE=300 (canonical index 11)
[2026-09-14 05:06:05] WFG5: M=15 D=30 maxFE=300 (canonical index 12)
[2026-09-14 05:06:05] WFG6: M=15 D=30 maxFE=300 (canonical index 13)
[2026-09-14 05:06:05] WFG7: M=15 D=30 maxFE=300 (canonical index 14)
[2026-09-14 05:06:05] WFG8: M=15 D=30 maxFE=300 (canonical index 15)
[2026-09-14 05:06:05] WFG9: M=15 D=30 maxFE=300 (canonical index 16)
[2026-09-14 05:06:05] Algorithm REMO_new2_AdaMaO_SDEOnly_UniformMix_Pruned_Weighted | parameters [3000            0.5           0.25            0.7              6]
[2026-09-14 05:06:05] SaveCount 30 | Runs 30 | M 15 | requested D 30 | N 100 | maxFE 300 | modeRunId 1 | seedBase 20260912
[2026-09-14 05:06:05] Slice 4/4 -> 67 of 270 jobs
[2026-09-14 05:06:07] [skip] D:\REMOandDREMO测试集\15目标\REMO_new2_AdaMaO_SDEOnly_UniformMix_Pruned_Weighted\REMO_new2_AdaMaO_SDEOnly_UniformMix_Pruned_Weighted_WFG1_M15_D30_4.mat (valid, final IGD 3.996034)
[2026-09-14 05:06:09] [skip] D:\REMOandDREMO测试集\15目标\REMO_new2_AdaMaO_SDEOnly_UniformMix_Pruned_Weighted\REMO_new2_AdaMaO_SDEOnly_UniformMix_Pruned_Weighted_WFG1_M15_D30_8.mat (valid, final IGD 4.138087)
[2026-09-14 05:06:11] [skip] D:\REMOandDREMO测试集\15目标\REMO_new2_AdaMaO_SDEOnly_UniformMix_Pruned_Weighted\REMO_new2_AdaMaO_SDEOnly_UniformMix_Pruned_Weighted_WFG1_M15_D30_12.mat (valid, final IGD 4.106857)
[2026-09-14 05:06:12] [skip] D:\REMOandDREMO测试集\15目标\REMO_new2_AdaMaO_SDEOnly_UniformMix_Pruned_Weighted\REMO_new2_AdaMaO_SDEOnly_UniformMix_Pruned_Weighted_WFG1_M15_D30_16.mat (valid, final IGD 4.165263)
[2026-09-14 05:06:14] [skip] D:\REMOandDREMO测试集\15目标\REMO_new2_AdaMaO_SDEOnly_UniformMix_Pruned_Weighted\REMO_new2_AdaMaO_SDEOnly_UniformMix_Pruned_Weighted_WFG1_M15_D30_20.mat (valid, final IGD 4.189587)
[2026-09-14 05:06:16] [skip] D:\REMOandDREMO测试集\15目标\REMO_new2_AdaMaO_SDEOnly_UniformMix_Pruned_Weighted\REMO_new2_AdaMaO_SDEOnly_UniformMix_Pruned_Weighted_WFG1_M15_D30_24.mat (valid, final IGD 4.152184)
[2026-09-14 05:06:18] [skip] D:\REMOandDREMO测试集\15目标\REMO_new2_AdaMaO_SDEOnly_UniformMix_Pruned_Weighted\REMO_new2_AdaMaO_SDEOnly_UniformMix_Pruned_Weighted_WFG1_M15_D30_28.mat (valid, final IGD 4.136530)
[2026-09-14 05:06:20] [skip] D:\REMOandDREMO测试集\15目标\REMO_new2_AdaMaO_SDEOnly_UniformMix_Pruned_Weighted\REMO_new2_AdaMaO_SDEOnly_UniformMix_Pruned_Weighted_WFG2_M15_D30_2.mat (valid, final IGD 3.507968)
[2026-09-14 05:06:22] [skip] D:\REMOandDREMO测试集\15目标\REMO_new2_AdaMaO_SDEOnly_UniformMix_Pruned_Weighted\REMO_new2_AdaMaO_SDEOnly_UniformMix_Pruned_Weighted_WFG2_M15_D30_6.mat (valid, final IGD 3.297276)
[2026-09-14 05:06:24] [skip] D:\REMOandDREMO测试集\15目标\REMO_new2_AdaMaO_SDEOnly_UniformMix_Pruned_Weighted\REMO_new2_AdaMaO_SDEOnly_UniformMix_Pruned_Weighted_WFG2_M15_D30_10.mat (valid, final IGD 2.843799)
[2026-09-14 05:06:26] [skip] D:\REMOandDREMO测试集\15目标\REMO_new2_AdaMaO_SDEOnly_UniformMix_Pruned_Weighted\REMO_new2_AdaMaO_SDEOnly_UniformMix_Pruned_Weighted_WFG2_M15_D30_14.mat (valid, final IGD 5.181076)
[2026-09-14 05:06:28] [skip] D:\REMOandDREMO测试集\15目标\REMO_new2_AdaMaO_SDEOnly_UniformMix_Pruned_Weighted\REMO_new2_AdaMaO_SDEOnly_UniformMix_Pruned_Weighted_WFG2_M15_D30_18.mat (valid, final IGD 2.579389)
[2026-09-14 05:06:31] [skip] D:\REMOandDREMO测试集\15目标\REMO_new2_AdaMaO_SDEOnly_UniformMix_Pruned_Weighted\REMO_new2_AdaMaO_SDEOnly_UniformMix_Pruned_Weighted_WFG2_M15_D30_22.mat (valid, final IGD 3.358140)
[2026-09-14 05:06:33] [skip] D:\REMOandDREMO测试集\15目标\REMO_new2_AdaMaO_SDEOnly_UniformMix_Pruned_Weighted\REMO_new2_AdaMaO_SDEOnly_UniformMix_Pruned_Weighted_WFG2_M15_D30_26.mat (valid, final IGD 3.608488)
[2026-09-14 05:06:34] [skip] D:\REMOandDREMO测试集\15目标\REMO_new2_AdaMaO_SDEOnly_UniformMix_Pruned_Weighted\REMO_new2_AdaMaO_SDEOnly_UniformMix_Pruned_Weighted_WFG2_M15_D30_30.mat (valid, final IGD 3.362342)
[2026-09-14 05:06:34] [skip] D:\REMOandDREMO测试集\15目标\REMO_new2_AdaMaO_SDEOnly_UniformMix_Pruned_Weighted\REMO_new2_AdaMaO_SDEOnly_UniformMix_Pruned_Weighted_WFG3_M15_D30_4.mat (valid, final IGD 2.316806)
[2026-09-14 05:06:34] [skip] D:\REMOandDREMO测试集\15目标\REMO_new2_AdaMaO_SDEOnly_UniformMix_Pruned_Weighted\REMO_new2_AdaMaO_SDEOnly_UniformMix_Pruned_Weighted_WFG3_M15_D30_8.mat (valid, final IGD 2.299244)
[2026-09-14 05:06:34] [skip] D:\REMOandDREMO测试集\15目标\REMO_new2_AdaMaO_SDEOnly_UniformMix_Pruned_Weighted\REMO_new2_AdaMaO_SDEOnly_UniformMix_Pruned_Weighted_WFG3_M15_D30_12.mat (valid, final IGD 2.109242)
[2026-09-14 05:06:34] [skip] D:\REMOandDREMO测试集\15目标\REMO_new2_AdaMaO_SDEOnly_UniformMix_Pruned_Weighted\REMO_new2_AdaMaO_SDEOnly_UniformMix_Pruned_Weighted_WFG3_M15_D30_16.mat (valid, final IGD 2.176101)
[2026-09-14 05:06:34] [skip] D:\REMOandDREMO测试集\15目标\REMO_new2_AdaMaO_SDEOnly_UniformMix_Pruned_Weighted\REMO_new2_AdaMaO_SDEOnly_UniformMix_Pruned_Weighted_WFG3_M15_D30_20.mat (valid, final IGD 2.233020)
[2026-09-14 05:06:34] [skip] D:\REMOandDREMO测试集\15目标\REMO_new2_AdaMaO_SDEOnly_UniformMix_Pruned_Weighted\REMO_new2_AdaMaO_SDEOnly_UniformMix_Pruned_Weighted_WFG3_M15_D30_24.mat (valid, final IGD 2.316182)
[2026-09-14 05:06:34] [skip] D:\REMOandDREMO测试集\15目标\REMO_new2_AdaMaO_SDEOnly_UniformMix_Pruned_Weighted\REMO_new2_AdaMaO_SDEOnly_UniformMix_Pruned_Weighted_WFG3_M15_D30_28.mat (valid, final IGD 2.144148)
[2026-09-14 05:06:34] [skip] D:\REMOandDREMO测试集\15目标\REMO_new2_AdaMaO_SDEOnly_UniformMix_Pruned_Weighted\REMO_new2_AdaMaO_SDEOnly_UniformMix_Pruned_Weighted_WFG4_M15_D30_2.mat (valid, final IGD 14.108874)
[2026-09-14 05:06:34] [skip] D:\REMOandDREMO测试集\15目标\REMO_new2_AdaMaO_SDEOnly_UniformMix_Pruned_Weighted\REMO_new2_AdaMaO_SDEOnly_UniformMix_Pruned_Weighted_WFG4_M15_D30_6.mat (valid, final IGD 15.482555)
[2026-09-14 05:06:34] [skip] D:\REMOandDREMO测试集\15目标\REMO_new2_AdaMaO_SDEOnly_UniformMix_Pruned_Weighted\REMO_new2_AdaMaO_SDEOnly_UniformMix_Pruned_Weighted_WFG4_M15_D30_10.mat (valid, final IGD 15.137452)
[2026-09-14 05:06:34] [skip] D:\REMOandDREMO测试集\15目标\REMO_new2_AdaMaO_SDEOnly_UniformMix_Pruned_Weighted\REMO_new2_AdaMaO_SDEOnly_UniformMix_Pruned_Weighted_WFG4_M15_D30_14.mat (valid, final IGD 15.020650)
[2026-09-14 05:06:34] [skip] D:\REMOandDREMO测试集\15目标\REMO_new2_AdaMaO_SDEOnly_UniformMix_Pruned_Weighted\REMO_new2_AdaMaO_SDEOnly_UniformMix_Pruned_Weighted_WFG4_M15_D30_18.mat (valid, final IGD 12.549412)
[2026-09-14 05:06:34] [skip] D:\REMOandDREMO测试集\15目标\REMO_new2_AdaMaO_SDEOnly_UniformMix_Pruned_Weighted\REMO_new2_AdaMaO_SDEOnly_UniformMix_Pruned_Weighted_WFG4_M15_D30_22.mat (valid, final IGD 12.288498)
[2026-09-14 05:06:34] [skip] D:\REMOandDREMO测试集\15目标\REMO_new2_AdaMaO_SDEOnly_UniformMix_Pruned_Weighted\REMO_new2_AdaMaO_SDEOnly_UniformMix_Pruned_Weighted_WFG4_M15_D30_26.mat (valid, final IGD 14.875757)
[2026-09-14 05:06:34] [skip] D:\REMOandDREMO测试集\15目标\REMO_new2_AdaMaO_SDEOnly_UniformMix_Pruned_Weighted\REMO_new2_AdaMaO_SDEOnly_UniformMix_Pruned_Weighted_WFG4_M15_D30_30.mat (valid, final IGD 13.751443)
[2026-09-14 05:06:34] [skip] D:\REMOandDREMO测试集\15目标\REMO_new2_AdaMaO_SDEOnly_UniformMix_Pruned_Weighted\REMO_new2_AdaMaO_SDEOnly_UniformMix_Pruned_Weighted_WFG5_M15_D30_4.mat (valid, final IGD 12.802606)
[2026-09-14 05:06:34] [skip] D:\REMOandDREMO测试集\15目标\REMO_new2_AdaMaO_SDEOnly_UniformMix_Pruned_Weighted\REMO_new2_AdaMaO_SDEOnly_UniformMix_Pruned_Weighted_WFG5_M15_D30_8.mat (valid, final IGD 16.112755)
[2026-09-14 05:06:34] [skip] D:\REMOandDREMO测试集\15目标\REMO_new2_AdaMaO_SDEOnly_UniformMix_Pruned_Weighted\REMO_new2_AdaMaO_SDEOnly_UniformMix_Pruned_Weighted_WFG5_M15_D30_12.mat (valid, final IGD 12.870479)
[2026-09-14 05:06:34] [skip] D:\REMOandDREMO测试集\15目标\REMO_new2_AdaMaO_SDEOnly_UniformMix_Pruned_Weighted\REMO_new2_AdaMaO_SDEOnly_UniformMix_Pruned_Weighted_WFG5_M15_D30_16.mat (valid, final IGD 13.165558)
[2026-09-14 05:06:34] [skip] D:\REMOandDREMO测试集\15目标\REMO_new2_AdaMaO_SDEOnly_UniformMix_Pruned_Weighted\REMO_new2_AdaMaO_SDEOnly_UniformMix_Pruned_Weighted_WFG5_M15_D30_20.mat (valid, final IGD 11.607763)
[2026-09-14 05:06:34] [skip] D:\REMOandDREMO测试集\15目标\REMO_new2_AdaMaO_SDEOnly_UniformMix_Pruned_Weighted\REMO_new2_AdaMaO_SDEOnly_UniformMix_Pruned_Weighted_WFG5_M15_D30_24.mat (valid, final IGD 12.189689)
[2026-09-14 05:06:34] [skip] D:\REMOandDREMO测试集\15目标\REMO_new2_AdaMaO_SDEOnly_UniformMix_Pruned_Weighted\REMO_new2_AdaMaO_SDEOnly_UniformMix_Pruned_Weighted_WFG5_M15_D30_28.mat (valid, final IGD 12.935994)
[2026-09-14 05:06:35] [skip] D:\REMOandDREMO测试集\15目标\REMO_new2_AdaMaO_SDEOnly_UniformMix_Pruned_Weighted\REMO_new2_AdaMaO_SDEOnly_UniformMix_Pruned_Weighted_WFG6_M15_D30_2.mat (valid, final IGD 9.777985)
[2026-09-14 05:06:35] [skip] D:\REMOandDREMO测试集\15目标\REMO_new2_AdaMaO_SDEOnly_UniformMix_Pruned_Weighted\REMO_new2_AdaMaO_SDEOnly_UniformMix_Pruned_Weighted_WFG6_M15_D30_6.mat (valid, final IGD 10.358251)
[2026-09-14 05:06:35] [skip] D:\REMOandDREMO测试集\15目标\REMO_new2_AdaMaO_SDEOnly_UniformMix_Pruned_Weighted\REMO_new2_AdaMaO_SDEOnly_UniformMix_Pruned_Weighted_WFG6_M15_D30_10.mat (valid, final IGD 10.235078)
[2026-09-14 05:06:35] [skip] D:\REMOandDREMO测试集\15目标\REMO_new2_AdaMaO_SDEOnly_UniformMix_Pruned_Weighted\REMO_new2_AdaMaO_SDEOnly_UniformMix_Pruned_Weighted_WFG6_M15_D30_14.mat (valid, final IGD 11.083908)
[2026-09-14 05:06:35] [skip] D:\REMOandDREMO测试集\15目标\REMO_new2_AdaMaO_SDEOnly_UniformMix_Pruned_Weighted\REMO_new2_AdaMaO_SDEOnly_UniformMix_Pruned_Weighted_WFG6_M15_D30_18.mat (valid, final IGD 10.288419)
[2026-09-14 05:06:35] [skip] D:\REMOandDREMO测试集\15目标\REMO_new2_AdaMaO_SDEOnly_UniformMix_Pruned_Weighted\REMO_new2_AdaMaO_SDEOnly_UniformMix_Pruned_Weighted_WFG6_M15_D30_22.mat (valid, final IGD 11.694867)
[2026-09-14 05:06:35] [skip] D:\REMOandDREMO测试集\15目标\REMO_new2_AdaMaO_SDEOnly_UniformMix_Pruned_Weighted\REMO_new2_AdaMaO_SDEOnly_UniformMix_Pruned_Weighted_WFG6_M15_D30_26.mat (valid, final IGD 10.825051)
[2026-09-14 05:06:35] [skip] D:\REMOandDREMO测试集\15目标\REMO_new2_AdaMaO_SDEOnly_UniformMix_Pruned_Weighted\REMO_new2_AdaMaO_SDEOnly_UniformMix_Pruned_Weighted_WFG6_M15_D30_30.mat (valid, final IGD 10.587580)
[2026-09-14 05:06:35] [skip] D:\REMOandDREMO测试集\15目标\REMO_new2_AdaMaO_SDEOnly_UniformMix_Pruned_Weighted\REMO_new2_AdaMaO_SDEOnly_UniformMix_Pruned_Weighted_WFG7_M15_D30_4.mat (valid, final IGD 11.016669)
[2026-09-14 05:06:35] [skip] D:\REMOandDREMO测试集\15目标\REMO_new2_AdaMaO_SDEOnly_UniformMix_Pruned_Weighted\REMO_new2_AdaMaO_SDEOnly_UniformMix_Pruned_Weighted_WFG7_M15_D30_8.mat (valid, final IGD 12.252535)
[2026-09-14 05:06:35] [skip] D:\REMOandDREMO测试集\15目标\REMO_new2_AdaMaO_SDEOnly_UniformMix_Pruned_Weighted\REMO_new2_AdaMaO_SDEOnly_UniformMix_Pruned_Weighted_WFG7_M15_D30_12.mat (valid, final IGD 10.949830)
[2026-09-14 05:06:35] [skip] D:\REMOandDREMO测试集\15目标\REMO_new2_AdaMaO_SDEOnly_UniformMix_Pruned_Weighted\REMO_new2_AdaMaO_SDEOnly_UniformMix_Pruned_Weighted_WFG7_M15_D30_16.mat (valid, final IGD 12.417113)
[2026-09-14 05:06:35] [skip] D:\REMOandDREMO测试集\15目标\REMO_new2_AdaMaO_SDEOnly_UniformMix_Pruned_Weighted\REMO_new2_AdaMaO_SDEOnly_UniformMix_Pruned_Weighted_WFG7_M15_D30_20.mat (valid, final IGD 11.638226)
[2026-09-14 05:06:35] [skip] D:\REMOandDREMO测试集\15目标\REMO_new2_AdaMaO_SDEOnly_UniformMix_Pruned_Weighted\REMO_new2_AdaMaO_SDEOnly_UniformMix_Pruned_Weighted_WFG7_M15_D30_24.mat (valid, final IGD 11.034385)
[2026-09-14 05:06:35] [skip] D:\REMOandDREMO测试集\15目标\REMO_new2_AdaMaO_SDEOnly_UniformMix_Pruned_Weighted\REMO_new2_AdaMaO_SDEOnly_UniformMix_Pruned_Weighted_WFG7_M15_D30_28.mat (valid, final IGD 13.252941)
[2026-09-14 05:06:35] [skip] D:\REMOandDREMO测试集\15目标\REMO_new2_AdaMaO_SDEOnly_UniformMix_Pruned_Weighted\REMO_new2_AdaMaO_SDEOnly_UniformMix_Pruned_Weighted_WFG8_M15_D30_2.mat (valid, final IGD 11.300769)
[2026-09-14 05:06:35] [skip] D:\REMOandDREMO测试集\15目标\REMO_new2_AdaMaO_SDEOnly_UniformMix_Pruned_Weighted\REMO_new2_AdaMaO_SDEOnly_UniformMix_Pruned_Weighted_WFG8_M15_D30_6.mat (valid, final IGD 10.968906)
[2026-09-14 05:06:35] [skip] D:\REMOandDREMO测试集\15目标\REMO_new2_AdaMaO_SDEOnly_UniformMix_Pruned_Weighted\REMO_new2_AdaMaO_SDEOnly_UniformMix_Pruned_Weighted_WFG8_M15_D30_10.mat (valid, final IGD 10.772623)
[2026-09-14 05:06:35] [skip] D:\REMOandDREMO测试集\15目标\REMO_new2_AdaMaO_SDEOnly_UniformMix_Pruned_Weighted\REMO_new2_AdaMaO_SDEOnly_UniformMix_Pruned_Weighted_WFG8_M15_D30_14.mat (valid, final IGD 12.262851)
[2026-09-14 05:06:35] [skip] D:\REMOandDREMO测试集\15目标\REMO_new2_AdaMaO_SDEOnly_UniformMix_Pruned_Weighted\REMO_new2_AdaMaO_SDEOnly_UniformMix_Pruned_Weighted_WFG8_M15_D30_18.mat (valid, final IGD 10.790644)
[2026-09-14 05:06:35] [skip] D:\REMOandDREMO测试集\15目标\REMO_new2_AdaMaO_SDEOnly_UniformMix_Pruned_Weighted\REMO_new2_AdaMaO_SDEOnly_UniformMix_Pruned_Weighted_WFG8_M15_D30_22.mat (valid, final IGD 13.198411)
[2026-09-14 05:06:35] [skip] D:\REMOandDREMO测试集\15目标\REMO_new2_AdaMaO_SDEOnly_UniformMix_Pruned_Weighted\REMO_new2_AdaMaO_SDEOnly_UniformMix_Pruned_Weighted_WFG8_M15_D30_26.mat (valid, final IGD 11.590426)
[2026-09-14 05:06:35] [skip] D:\REMOandDREMO测试集\15目标\REMO_new2_AdaMaO_SDEOnly_UniformMix_Pruned_Weighted\REMO_new2_AdaMaO_SDEOnly_UniformMix_Pruned_Weighted_WFG8_M15_D30_30.mat (valid, final IGD 11.676350)
[2026-09-14 05:06:35] [skip] D:\REMOandDREMO测试集\15目标\REMO_new2_AdaMaO_SDEOnly_UniformMix_Pruned_Weighted\REMO_new2_AdaMaO_SDEOnly_UniformMix_Pruned_Weighted_WFG9_M15_D30_4.mat (valid, final IGD 12.476335)
[2026-09-14 05:06:35] [skip] D:\REMOandDREMO测试集\15目标\REMO_new2_AdaMaO_SDEOnly_UniformMix_Pruned_Weighted\REMO_new2_AdaMaO_SDEOnly_UniformMix_Pruned_Weighted_WFG9_M15_D30_8.mat (valid, final IGD 13.545408)
[2026-09-14 05:06:35] [skip] D:\REMOandDREMO测试集\15目标\REMO_new2_AdaMaO_SDEOnly_UniformMix_Pruned_Weighted\REMO_new2_AdaMaO_SDEOnly_UniformMix_Pruned_Weighted_WFG9_M15_D30_12.mat (valid, final IGD 13.854158)
[2026-09-14 05:06:35] [skip] D:\REMOandDREMO测试集\15目标\REMO_new2_AdaMaO_SDEOnly_UniformMix_Pruned_Weighted\REMO_new2_AdaMaO_SDEOnly_UniformMix_Pruned_Weighted_WFG9_M15_D30_16.mat (valid, final IGD 11.205997)
[2026-09-14 05:06:35] [skip] D:\REMOandDREMO测试集\15目标\REMO_new2_AdaMaO_SDEOnly_UniformMix_Pruned_Weighted\REMO_new2_AdaMaO_SDEOnly_UniformMix_Pruned_Weighted_WFG9_M15_D30_20.mat (valid, final IGD 13.623045)
[2026-09-14 05:06:35] [skip] D:\REMOandDREMO测试集\15目标\REMO_new2_AdaMaO_SDEOnly_UniformMix_Pruned_Weighted\REMO_new2_AdaMaO_SDEOnly_UniformMix_Pruned_Weighted_WFG9_M15_D30_24.mat (valid, final IGD 11.992410)
[2026-09-14 05:06:35] [skip] D:\REMOandDREMO测试集\15目标\REMO_new2_AdaMaO_SDEOnly_UniformMix_Pruned_Weighted\REMO_new2_AdaMaO_SDEOnly_UniformMix_Pruned_Weighted_WFG9_M15_D30_28.mat (valid, final IGD 12.301723)
[2026-09-14 05:06:35] ==== part 4/4 done: 67 runs (67 skipped) in 29.7 s (0.0 h) ====
[2026-09-14 05:06:35] Summary CSV: D:\REMOandDREMO测试集\15目标\REMO_new2_AdaMaO_SDEOnly_UniformMix_Pruned_Weighted\_runlog_part4of4.csv

ans = 

  包含以下字段的 1x67 struct 数组:

    Problem
    Run
    File
    Status
    IGD
    Runtime
    FE
    D
    Seed
    Seconds

[2026-09-14 05:06:39] part 4 attempt 1 exited rc=0
[2026-09-14 05:06:39] part 4 COMPLETE after 1 attempt(s)
[2026-09-14 05:06:40] part 4 attempt 1 launching MATLAB (alg=REMO_new2_AdaMaO_SDEOnly_UniformMix_Pruned_Weighted params=3000,0.50,0.25,0.70,6 func=run_WeightedWFG_M8D10)
[2026-09-14 05:06:46] PlatEMO root: D:\PlatEMO-master\PlatEMO-master\PlatEMO
[2026-09-14 05:06:53] WFG1: M=8 D=10 maxFE=300 (canonical index 8)
[2026-09-14 05:06:55] WFG2: M=8 D=11 maxFE=300 (canonical index 9)
[2026-09-14 05:06:55] WFG3: M=8 D=11 maxFE=300 (canonical index 10)
[2026-09-14 05:06:55] WFG4: M=8 D=10 maxFE=300 (canonical index 11)
[2026-09-14 05:06:55] WFG5: M=8 D=10 maxFE=300 (canonical index 12)
[2026-09-14 05:06:55] WFG6: M=8 D=10 maxFE=300 (canonical index 13)
[2026-09-14 05:06:55] WFG7: M=8 D=10 maxFE=300 (canonical index 14)
[2026-09-14 05:06:55] WFG8: M=8 D=10 maxFE=300 (canonical index 15)
[2026-09-14 05:06:55] WFG9: M=8 D=10 maxFE=300 (canonical index 16)
[2026-09-14 05:06:55] Algorithm REMO_new2_AdaMaO_SDEOnly_UniformMix_Pruned_Weighted | parameters [3000            0.5           0.25            0.7              6]
[2026-09-14 05:06:55] SaveCount 30 | Runs 30 | M 8 | requested D 10 | N 100 | maxFE 300 | modeRunId 1 | seedBase 20260912
[2026-09-14 05:06:56] Slice 4/4 -> 67 of 270 jobs
[2026-09-14 05:06:57] [skip] D:\REMOandDREMO测试集\8目标\n10\REMO_new2_AdaMaO_SDEOnly_UniformMix_Pruned_Weighted\REMO_new2_AdaMaO_SDEOnly_UniformMix_Pruned_Weighted_WFG1_M8_D10_4.mat (valid, final IGD 2.835526)
[2026-09-14 05:07:00] [skip] D:\REMOandDREMO测试集\8目标\n10\REMO_new2_AdaMaO_SDEOnly_UniformMix_Pruned_Weighted\REMO_new2_AdaMaO_SDEOnly_UniformMix_Pruned_Weighted_WFG1_M8_D10_8.mat (valid, final IGD 2.505486)
[2026-09-14 05:08:46] [done] WFG1 run 12 seed 21068924 | IGD first 3.12944 -> final 2.68113 | runtime 104.2s | wall 104.9s | ok
[2026-09-14 05:10:24] [done] WFG1 run 16 seed 21068928 | IGD first 3.1917 -> final 2.84198 | runtime 96.1s | wall 96.4s | ok
[2026-09-14 05:12:08] [done] WFG1 run 20 seed 21068932 | IGD first 3.22956 -> final 2.55067 | runtime 102.8s | wall 103.1s | ok
[2026-09-14 05:13:50] [done] WFG1 run 24 seed 21068936 | IGD first 3.1862 -> final 2.74543 | runtime 101.0s | wall 101.4s | ok
[2026-09-14 05:15:28] [done] WFG1 run 28 seed 21068940 | IGD first 3.29025 -> final 2.48985 | runtime 96.8s | wall 97.1s | ok
[2026-09-14 05:17:20] [done] WFG2 run 2 seed 21069914 | IGD first 3.06307 -> final 1.22612 | runtime 111.0s | wall 111.4s | ok
[2026-09-14 05:19:16] [done] WFG2 run 6 seed 21069918 | IGD first 3.26181 -> final 1.27011 | runtime 113.7s | wall 114.0s | ok
[2026-09-14 05:21:14] [done] WFG2 run 10 seed 21069922 | IGD first 3.08415 -> final 1.09612 | runtime 116.7s | wall 117.1s | ok
[2026-09-14 05:23:11] [done] WFG2 run 14 seed 21069926 | IGD first 3.10113 -> final 2.04381 | runtime 115.6s | wall 116.0s | ok
[2026-09-14 05:25:04] [done] WFG2 run 18 seed 21069930 | IGD first 2.5191 -> final 1.29305 | runtime 111.8s | wall 112.1s | ok
[2026-09-14 05:26:59] [done] WFG2 run 22 seed 21069934 | IGD first 4.08212 -> final 1.14262 | runtime 113.2s | wall 113.6s | ok
[2026-09-14 05:28:55] [done] WFG2 run 26 seed 21069938 | IGD first 3.79518 -> final 1.20035 | runtime 115.0s | wall 115.3s | ok
[2026-09-14 05:30:53] [done] WFG2 run 30 seed 21069942 | IGD first 2.95076 -> final 1.11517 | runtime 115.9s | wall 116.2s | ok
[2026-09-14 05:32:40] [done] WFG3 run 4 seed 21070916 | IGD first 1.1008 -> final 1.0408 | runtime 106.3s | wall 106.8s | ok
[2026-09-14 05:34:32] [done] WFG3 run 8 seed 21070920 | IGD first 1.15947 -> final 0.997169 | runtime 112.1s | wall 112.6s | ok
[2026-09-14 05:36:22] [done] WFG3 run 12 seed 21070924 | IGD first 1.18113 -> final 1.04027 | runtime 109.1s | wall 109.5s | ok
[2026-09-14 05:38:10] [done] WFG3 run 16 seed 21070928 | IGD first 1.09849 -> final 1.02675 | runtime 108.2s | wall 108.6s | ok
[2026-09-14 05:40:00] [done] WFG3 run 20 seed 21070932 | IGD first 1.30247 -> final 1.10575 | runtime 108.9s | wall 109.3s | ok
[2026-09-14 05:41:47] [done] WFG3 run 24 seed 21070936 | IGD first 1.19237 -> final 1.07177 | runtime 107.1s | wall 107.6s | ok
[2026-09-14 05:43:34] [done] WFG3 run 28 seed 21070940 | IGD first 1.17667 -> final 1.08611 | runtime 106.0s | wall 106.5s | ok
[2026-09-14 05:45:12] [done] WFG4 run 2 seed 21071914 | IGD first 7.29135 -> final 3.4482 | runtime 98.1s | wall 98.5s | ok
[2026-09-14 05:46:49] [done] WFG4 run 6 seed 21071918 | IGD first 6.60562 -> final 3.21555 | runtime 96.5s | wall 96.8s | ok
[2026-09-14 05:48:28] [done] WFG4 run 10 seed 21071922 | IGD first 6.92685 -> final 3.27365 | runtime 99.0s | wall 99.4s | ok
[2026-09-14 05:50:08] [done] WFG4 run 14 seed 21071926 | IGD first 7.20593 -> final 4.4317 | runtime 99.5s | wall 99.9s | ok
[2026-09-14 05:51:48] [done] WFG4 run 18 seed 21071930 | IGD first 6.80829 -> final 3.74708 | runtime 99.9s | wall 100.2s | ok
[2026-09-14 05:53:28] [done] WFG4 run 22 seed 21071934 | IGD first 7.07775 -> final 3.53208 | runtime 98.7s | wall 99.1s | ok
[2026-09-14 05:55:07] [done] WFG4 run 26 seed 21071938 | IGD first 6.52764 -> final 3.45688 | runtime 99.4s | wall 99.7s | ok
[2026-09-14 05:56:48] [done] WFG4 run 30 seed 21071942 | IGD first 7.03569 -> final 4.17282 | runtime 100.2s | wall 100.6s | ok
[2026-09-14 05:58:30] [done] WFG5 run 4 seed 21072916 | IGD first 5.24626 -> final 3.55145 | runtime 102.2s | wall 102.5s | ok
[2026-09-14 06:00:14] [done] WFG5 run 8 seed 21072920 | IGD first 5.90697 -> final 3.3302 | runtime 102.9s | wall 103.4s | ok
[2026-09-14 06:01:56] [done] WFG5 run 12 seed 21072924 | IGD first 5.52431 -> final 3.44366 | runtime 102.2s | wall 102.6s | ok
[2026-09-14 06:03:38] [done] WFG5 run 16 seed 21072928 | IGD first 5.74154 -> final 3.22184 | runtime 101.7s | wall 102.1s | ok
[2026-09-14 06:05:22] [done] WFG5 run 20 seed 21072932 | IGD first 5.56509 -> final 3.38063 | runtime 103.0s | wall 103.4s | ok
[2026-09-14 06:07:06] [done] WFG5 run 24 seed 21072936 | IGD first 5.40345 -> final 3.46489 | runtime 104.0s | wall 104.4s | ok
[2026-09-14 06:08:50] [done] WFG5 run 28 seed 21072940 | IGD first 5.11166 -> final 3.35194 | runtime 103.6s | wall 103.9s | ok
[2026-09-14 06:10:28] [done] WFG6 run 2 seed 21073914 | IGD first 4.83838 -> final 3.52189 | runtime 97.7s | wall 98.1s | ok
[2026-09-14 06:12:07] [done] WFG6 run 6 seed 21073918 | IGD first 5.69957 -> final 3.50648 | runtime 98.8s | wall 99.2s | ok
[2026-09-14 06:13:48] [done] WFG6 run 10 seed 21073922 | IGD first 5.9642 -> final 3.60975 | runtime 99.9s | wall 100.3s | ok
[2026-09-14 06:15:27] [done] WFG6 run 14 seed 21073926 | IGD first 5.39291 -> final 3.24315 | runtime 98.8s | wall 99.2s | ok
[2026-09-14 06:17:06] [done] WFG6 run 18 seed 21073930 | IGD first 5.30066 -> final 3.55617 | runtime 98.7s | wall 99.0s | ok
[2026-09-14 06:18:48] [done] WFG6 run 22 seed 21073934 | IGD first 5.86137 -> final 3.56566 | runtime 101.2s | wall 101.7s | ok
[2026-09-14 06:20:29] [done] WFG6 run 26 seed 21073938 | IGD first 5.73291 -> final 3.477 | runtime 101.2s | wall 101.6s | ok
[2026-09-14 06:22:07] [done] WFG6 run 30 seed 21073942 | IGD first 6.06517 -> final 3.44781 | runtime 97.8s | wall 98.2s | ok
[2026-09-14 06:23:50] [done] WFG7 run 4 seed 21074916 | IGD first 5.72196 -> final 3.57782 | runtime 102.0s | wall 102.3s | ok
[2026-09-14 06:25:31] [done] WFG7 run 8 seed 21074920 | IGD first 6.07402 -> final 3.39649 | runtime 100.9s | wall 101.2s | ok
[2026-09-14 06:27:11] [done] WFG7 run 12 seed 21074924 | IGD first 6.27485 -> final 4.11722 | runtime 100.0s | wall 100.3s | ok
[2026-09-14 06:28:55] [done] WFG7 run 16 seed 21074928 | IGD first 6.06859 -> final 3.48619 | runtime 103.1s | wall 103.4s | ok
[2026-09-14 06:30:36] [done] WFG7 run 20 seed 21074932 | IGD first 6.66828 -> final 3.81162 | runtime 101.0s | wall 101.4s | ok
[2026-09-14 06:32:15] [done] WFG7 run 24 seed 21074936 | IGD first 5.71346 -> final 3.7338 | runtime 98.8s | wall 99.2s | ok
[2026-09-14 06:33:58] [done] WFG7 run 28 seed 21074940 | IGD first 6.21208 -> final 3.99808 | runtime 102.4s | wall 102.7s | ok
[2026-09-14 07:37:33] part 4 attempt 1 launching MATLAB (alg=REMO_new2_AdaMaO_SDEOnly_UniformMix_Pruned_Weighted params=3000,0.50,0.25,0.70,6 func=run_WeightedWFG_M15)
[2026-09-14 07:37:40] PlatEMO root: D:\PlatEMO-master\PlatEMO-master\PlatEMO
[2026-09-14 07:37:47] WFG1: M=15 D=30 maxFE=300 (canonical index 8)
[2026-09-14 07:37:49] WFG2: M=15 D=30 maxFE=300 (canonical index 9)
[2026-09-14 07:37:49] WFG3: M=15 D=30 maxFE=300 (canonical index 10)
[2026-09-14 07:37:49] WFG4: M=15 D=30 maxFE=300 (canonical index 11)
[2026-09-14 07:37:49] WFG5: M=15 D=30 maxFE=300 (canonical index 12)
[2026-09-14 07:37:49] WFG6: M=15 D=30 maxFE=300 (canonical index 13)
[2026-09-14 07:37:49] WFG7: M=15 D=30 maxFE=300 (canonical index 14)
[2026-09-14 07:37:49] WFG8: M=15 D=30 maxFE=300 (canonical index 15)
[2026-09-14 07:37:49] WFG9: M=15 D=30 maxFE=300 (canonical index 16)
[2026-09-14 07:37:49] Algorithm REMO_new2_AdaMaO_SDEOnly_UniformMix_Pruned_Weighted | parameters [3000            0.5           0.25            0.7              6]
[2026-09-14 07:37:49] SaveCount 30 | Runs 30 | M 15 | requested D 30 | N 100 | maxFE 300 | modeRunId 1 | seedBase 20260912
[2026-09-14 07:37:49] Slice 4/4 -> 67 of 270 jobs
[2026-09-14 07:37:51] [skip] D:\REMOandDREMO测试集\15目标\REMO_new2_AdaMaO_SDEOnly_UniformMix_Pruned_Weighted\REMO_new2_AdaMaO_SDEOnly_UniformMix_Pruned_Weighted_WFG1_M15_D30_4.mat (valid, final IGD 3.996034)
[2026-09-14 07:37:53] [skip] D:\REMOandDREMO测试集\15目标\REMO_new2_AdaMaO_SDEOnly_UniformMix_Pruned_Weighted\REMO_new2_AdaMaO_SDEOnly_UniformMix_Pruned_Weighted_WFG1_M15_D30_8.mat (valid, final IGD 4.138087)
[2026-09-14 07:37:54] [skip] D:\REMOandDREMO测试集\15目标\REMO_new2_AdaMaO_SDEOnly_UniformMix_Pruned_Weighted\REMO_new2_AdaMaO_SDEOnly_UniformMix_Pruned_Weighted_WFG1_M15_D30_12.mat (valid, final IGD 4.106857)
[2026-09-14 07:37:56] [skip] D:\REMOandDREMO测试集\15目标\REMO_new2_AdaMaO_SDEOnly_UniformMix_Pruned_Weighted\REMO_new2_AdaMaO_SDEOnly_UniformMix_Pruned_Weighted_WFG1_M15_D30_16.mat (valid, final IGD 4.165263)
[2026-09-14 07:37:58] [skip] D:\REMOandDREMO测试集\15目标\REMO_new2_AdaMaO_SDEOnly_UniformMix_Pruned_Weighted\REMO_new2_AdaMaO_SDEOnly_UniformMix_Pruned_Weighted_WFG1_M15_D30_20.mat (valid, final IGD 4.189587)
[2026-09-14 07:38:00] [skip] D:\REMOandDREMO测试集\15目标\REMO_new2_AdaMaO_SDEOnly_UniformMix_Pruned_Weighted\REMO_new2_AdaMaO_SDEOnly_UniformMix_Pruned_Weighted_WFG1_M15_D30_24.mat (valid, final IGD 4.152184)
[2026-09-14 07:38:02] [skip] D:\REMOandDREMO测试集\15目标\REMO_new2_AdaMaO_SDEOnly_UniformMix_Pruned_Weighted\REMO_new2_AdaMaO_SDEOnly_UniformMix_Pruned_Weighted_WFG1_M15_D30_28.mat (valid, final IGD 4.136530)
[2026-09-14 07:38:04] [skip] D:\REMOandDREMO测试集\15目标\REMO_new2_AdaMaO_SDEOnly_UniformMix_Pruned_Weighted\REMO_new2_AdaMaO_SDEOnly_UniformMix_Pruned_Weighted_WFG2_M15_D30_2.mat (valid, final IGD 3.507968)
[2026-09-14 07:38:06] [skip] D:\REMOandDREMO测试集\15目标\REMO_new2_AdaMaO_SDEOnly_UniformMix_Pruned_Weighted\REMO_new2_AdaMaO_SDEOnly_UniformMix_Pruned_Weighted_WFG2_M15_D30_6.mat (valid, final IGD 3.297276)
[2026-09-14 07:38:08] [skip] D:\REMOandDREMO测试集\15目标\REMO_new2_AdaMaO_SDEOnly_UniformMix_Pruned_Weighted\REMO_new2_AdaMaO_SDEOnly_UniformMix_Pruned_Weighted_WFG2_M15_D30_10.mat (valid, final IGD 2.843799)
[2026-09-14 07:38:11] [skip] D:\REMOandDREMO测试集\15目标\REMO_new2_AdaMaO_SDEOnly_UniformMix_Pruned_Weighted\REMO_new2_AdaMaO_SDEOnly_UniformMix_Pruned_Weighted_WFG2_M15_D30_14.mat (valid, final IGD 5.181076)
[2026-09-14 07:38:13] [skip] D:\REMOandDREMO测试集\15目标\REMO_new2_AdaMaO_SDEOnly_UniformMix_Pruned_Weighted\REMO_new2_AdaMaO_SDEOnly_UniformMix_Pruned_Weighted_WFG2_M15_D30_18.mat (valid, final IGD 2.579389)
[2026-09-14 07:38:15] [skip] D:\REMOandDREMO测试集\15目标\REMO_new2_AdaMaO_SDEOnly_UniformMix_Pruned_Weighted\REMO_new2_AdaMaO_SDEOnly_UniformMix_Pruned_Weighted_WFG2_M15_D30_22.mat (valid, final IGD 3.358140)
[2026-09-14 07:38:17] [skip] D:\REMOandDREMO测试集\15目标\REMO_new2_AdaMaO_SDEOnly_UniformMix_Pruned_Weighted\REMO_new2_AdaMaO_SDEOnly_UniformMix_Pruned_Weighted_WFG2_M15_D30_26.mat (valid, final IGD 3.608488)
[2026-09-14 07:38:19] [skip] D:\REMOandDREMO测试集\15目标\REMO_new2_AdaMaO_SDEOnly_UniformMix_Pruned_Weighted\REMO_new2_AdaMaO_SDEOnly_UniformMix_Pruned_Weighted_WFG2_M15_D30_30.mat (valid, final IGD 3.362342)
[2026-09-14 07:38:19] [skip] D:\REMOandDREMO测试集\15目标\REMO_new2_AdaMaO_SDEOnly_UniformMix_Pruned_Weighted\REMO_new2_AdaMaO_SDEOnly_UniformMix_Pruned_Weighted_WFG3_M15_D30_4.mat (valid, final IGD 2.316806)
[2026-09-14 07:38:19] [skip] D:\REMOandDREMO测试集\15目标\REMO_new2_AdaMaO_SDEOnly_UniformMix_Pruned_Weighted\REMO_new2_AdaMaO_SDEOnly_UniformMix_Pruned_Weighted_WFG3_M15_D30_8.mat (valid, final IGD 2.299244)
[2026-09-14 07:38:19] [skip] D:\REMOandDREMO测试集\15目标\REMO_new2_AdaMaO_SDEOnly_UniformMix_Pruned_Weighted\REMO_new2_AdaMaO_SDEOnly_UniformMix_Pruned_Weighted_WFG3_M15_D30_12.mat (valid, final IGD 2.109242)
[2026-09-14 07:38:19] [skip] D:\REMOandDREMO测试集\15目标\REMO_new2_AdaMaO_SDEOnly_UniformMix_Pruned_Weighted\REMO_new2_AdaMaO_SDEOnly_UniformMix_Pruned_Weighted_WFG3_M15_D30_16.mat (valid, final IGD 2.176101)
[2026-09-14 07:38:19] [skip] D:\REMOandDREMO测试集\15目标\REMO_new2_AdaMaO_SDEOnly_UniformMix_Pruned_Weighted\REMO_new2_AdaMaO_SDEOnly_UniformMix_Pruned_Weighted_WFG3_M15_D30_20.mat (valid, final IGD 2.233020)
[2026-09-14 07:38:19] [skip] D:\REMOandDREMO测试集\15目标\REMO_new2_AdaMaO_SDEOnly_UniformMix_Pruned_Weighted\REMO_new2_AdaMaO_SDEOnly_UniformMix_Pruned_Weighted_WFG3_M15_D30_24.mat (valid, final IGD 2.316182)
[2026-09-14 07:38:19] [skip] D:\REMOandDREMO测试集\15目标\REMO_new2_AdaMaO_SDEOnly_UniformMix_Pruned_Weighted\REMO_new2_AdaMaO_SDEOnly_UniformMix_Pruned_Weighted_WFG3_M15_D30_28.mat (valid, final IGD 2.144148)
[2026-09-14 07:38:20] [skip] D:\REMOandDREMO测试集\15目标\REMO_new2_AdaMaO_SDEOnly_UniformMix_Pruned_Weighted\REMO_new2_AdaMaO_SDEOnly_UniformMix_Pruned_Weighted_WFG4_M15_D30_2.mat (valid, final IGD 14.108874)
[2026-09-14 07:38:20] [skip] D:\REMOandDREMO测试集\15目标\REMO_new2_AdaMaO_SDEOnly_UniformMix_Pruned_Weighted\REMO_new2_AdaMaO_SDEOnly_UniformMix_Pruned_Weighted_WFG4_M15_D30_6.mat (valid, final IGD 15.482555)
[2026-09-14 07:38:20] [skip] D:\REMOandDREMO测试集\15目标\REMO_new2_AdaMaO_SDEOnly_UniformMix_Pruned_Weighted\REMO_new2_AdaMaO_SDEOnly_UniformMix_Pruned_Weighted_WFG4_M15_D30_10.mat (valid, final IGD 15.137452)
[2026-09-14 07:38:20] [skip] D:\REMOandDREMO测试集\15目标\REMO_new2_AdaMaO_SDEOnly_UniformMix_Pruned_Weighted\REMO_new2_AdaMaO_SDEOnly_UniformMix_Pruned_Weighted_WFG4_M15_D30_14.mat (valid, final IGD 15.020650)
[2026-09-14 07:38:20] [skip] D:\REMOandDREMO测试集\15目标\REMO_new2_AdaMaO_SDEOnly_UniformMix_Pruned_Weighted\REMO_new2_AdaMaO_SDEOnly_UniformMix_Pruned_Weighted_WFG4_M15_D30_18.mat (valid, final IGD 12.549412)
[2026-09-14 07:38:20] [skip] D:\REMOandDREMO测试集\15目标\REMO_new2_AdaMaO_SDEOnly_UniformMix_Pruned_Weighted\REMO_new2_AdaMaO_SDEOnly_UniformMix_Pruned_Weighted_WFG4_M15_D30_22.mat (valid, final IGD 12.288498)
[2026-09-14 07:38:20] [skip] D:\REMOandDREMO测试集\15目标\REMO_new2_AdaMaO_SDEOnly_UniformMix_Pruned_Weighted\REMO_new2_AdaMaO_SDEOnly_UniformMix_Pruned_Weighted_WFG4_M15_D30_26.mat (valid, final IGD 14.875757)
[2026-09-14 07:38:20] [skip] D:\REMOandDREMO测试集\15目标\REMO_new2_AdaMaO_SDEOnly_UniformMix_Pruned_Weighted\REMO_new2_AdaMaO_SDEOnly_UniformMix_Pruned_Weighted_WFG4_M15_D30_30.mat (valid, final IGD 13.751443)
[2026-09-14 07:38:20] [skip] D:\REMOandDREMO测试集\15目标\REMO_new2_AdaMaO_SDEOnly_UniformMix_Pruned_Weighted\REMO_new2_AdaMaO_SDEOnly_UniformMix_Pruned_Weighted_WFG5_M15_D30_4.mat (valid, final IGD 12.802606)
[2026-09-14 07:38:20] [skip] D:\REMOandDREMO测试集\15目标\REMO_new2_AdaMaO_SDEOnly_UniformMix_Pruned_Weighted\REMO_new2_AdaMaO_SDEOnly_UniformMix_Pruned_Weighted_WFG5_M15_D30_8.mat (valid, final IGD 16.112755)
[2026-09-14 07:38:20] [skip] D:\REMOandDREMO测试集\15目标\REMO_new2_AdaMaO_SDEOnly_UniformMix_Pruned_Weighted\REMO_new2_AdaMaO_SDEOnly_UniformMix_Pruned_Weighted_WFG5_M15_D30_12.mat (valid, final IGD 12.870479)
[2026-09-14 07:38:20] [skip] D:\REMOandDREMO测试集\15目标\REMO_new2_AdaMaO_SDEOnly_UniformMix_Pruned_Weighted\REMO_new2_AdaMaO_SDEOnly_UniformMix_Pruned_Weighted_WFG5_M15_D30_16.mat (valid, final IGD 13.165558)
[2026-09-14 07:38:20] [skip] D:\REMOandDREMO测试集\15目标\REMO_new2_AdaMaO_SDEOnly_UniformMix_Pruned_Weighted\REMO_new2_AdaMaO_SDEOnly_UniformMix_Pruned_Weighted_WFG5_M15_D30_20.mat (valid, final IGD 11.607763)
[2026-09-14 07:38:20] [skip] D:\REMOandDREMO测试集\15目标\REMO_new2_AdaMaO_SDEOnly_UniformMix_Pruned_Weighted\REMO_new2_AdaMaO_SDEOnly_UniformMix_Pruned_Weighted_WFG5_M15_D30_24.mat (valid, final IGD 12.189689)
[2026-09-14 07:38:20] [skip] D:\REMOandDREMO测试集\15目标\REMO_new2_AdaMaO_SDEOnly_UniformMix_Pruned_Weighted\REMO_new2_AdaMaO_SDEOnly_UniformMix_Pruned_Weighted_WFG5_M15_D30_28.mat (valid, final IGD 12.935994)
[2026-09-14 07:38:20] [skip] D:\REMOandDREMO测试集\15目标\REMO_new2_AdaMaO_SDEOnly_UniformMix_Pruned_Weighted\REMO_new2_AdaMaO_SDEOnly_UniformMix_Pruned_Weighted_WFG6_M15_D30_2.mat (valid, final IGD 9.777985)
[2026-09-14 07:38:20] [skip] D:\REMOandDREMO测试集\15目标\REMO_new2_AdaMaO_SDEOnly_UniformMix_Pruned_Weighted\REMO_new2_AdaMaO_SDEOnly_UniformMix_Pruned_Weighted_WFG6_M15_D30_6.mat (valid, final IGD 10.358251)
[2026-09-14 07:38:20] [skip] D:\REMOandDREMO测试集\15目标\REMO_new2_AdaMaO_SDEOnly_UniformMix_Pruned_Weighted\REMO_new2_AdaMaO_SDEOnly_UniformMix_Pruned_Weighted_WFG6_M15_D30_10.mat (valid, final IGD 10.235078)
[2026-09-14 07:38:20] [skip] D:\REMOandDREMO测试集\15目标\REMO_new2_AdaMaO_SDEOnly_UniformMix_Pruned_Weighted\REMO_new2_AdaMaO_SDEOnly_UniformMix_Pruned_Weighted_WFG6_M15_D30_14.mat (valid, final IGD 11.083908)
[2026-09-14 07:38:20] [skip] D:\REMOandDREMO测试集\15目标\REMO_new2_AdaMaO_SDEOnly_UniformMix_Pruned_Weighted\REMO_new2_AdaMaO_SDEOnly_UniformMix_Pruned_Weighted_WFG6_M15_D30_18.mat (valid, final IGD 10.288419)
[2026-09-14 07:38:20] [skip] D:\REMOandDREMO测试集\15目标\REMO_new2_AdaMaO_SDEOnly_UniformMix_Pruned_Weighted\REMO_new2_AdaMaO_SDEOnly_UniformMix_Pruned_Weighted_WFG6_M15_D30_22.mat (valid, final IGD 11.694867)
[2026-09-14 07:38:20] [skip] D:\REMOandDREMO测试集\15目标\REMO_new2_AdaMaO_SDEOnly_UniformMix_Pruned_Weighted\REMO_new2_AdaMaO_SDEOnly_UniformMix_Pruned_Weighted_WFG6_M15_D30_26.mat (valid, final IGD 10.825051)
[2026-09-14 07:38:20] [skip] D:\REMOandDREMO测试集\15目标\REMO_new2_AdaMaO_SDEOnly_UniformMix_Pruned_Weighted\REMO_new2_AdaMaO_SDEOnly_UniformMix_Pruned_Weighted_WFG6_M15_D30_30.mat (valid, final IGD 10.587580)
[2026-09-14 07:38:20] [skip] D:\REMOandDREMO测试集\15目标\REMO_new2_AdaMaO_SDEOnly_UniformMix_Pruned_Weighted\REMO_new2_AdaMaO_SDEOnly_UniformMix_Pruned_Weighted_WFG7_M15_D30_4.mat (valid, final IGD 11.016669)
[2026-09-14 07:38:20] [skip] D:\REMOandDREMO测试集\15目标\REMO_new2_AdaMaO_SDEOnly_UniformMix_Pruned_Weighted\REMO_new2_AdaMaO_SDEOnly_UniformMix_Pruned_Weighted_WFG7_M15_D30_8.mat (valid, final IGD 12.252535)
[2026-09-14 07:38:20] [skip] D:\REMOandDREMO测试集\15目标\REMO_new2_AdaMaO_SDEOnly_UniformMix_Pruned_Weighted\REMO_new2_AdaMaO_SDEOnly_UniformMix_Pruned_Weighted_WFG7_M15_D30_12.mat (valid, final IGD 10.949830)
[2026-09-14 07:38:20] [skip] D:\REMOandDREMO测试集\15目标\REMO_new2_AdaMaO_SDEOnly_UniformMix_Pruned_Weighted\REMO_new2_AdaMaO_SDEOnly_UniformMix_Pruned_Weighted_WFG7_M15_D30_16.mat (valid, final IGD 12.417113)
[2026-09-14 07:38:20] [skip] D:\REMOandDREMO测试集\15目标\REMO_new2_AdaMaO_SDEOnly_UniformMix_Pruned_Weighted\REMO_new2_AdaMaO_SDEOnly_UniformMix_Pruned_Weighted_WFG7_M15_D30_20.mat (valid, final IGD 11.638226)
[2026-09-14 07:38:20] [skip] D:\REMOandDREMO测试集\15目标\REMO_new2_AdaMaO_SDEOnly_UniformMix_Pruned_Weighted\REMO_new2_AdaMaO_SDEOnly_UniformMix_Pruned_Weighted_WFG7_M15_D30_24.mat (valid, final IGD 11.034385)
[2026-09-14 07:38:20] [skip] D:\REMOandDREMO测试集\15目标\REMO_new2_AdaMaO_SDEOnly_UniformMix_Pruned_Weighted\REMO_new2_AdaMaO_SDEOnly_UniformMix_Pruned_Weighted_WFG7_M15_D30_28.mat (valid, final IGD 13.252941)
[2026-09-14 07:38:20] [skip] D:\REMOandDREMO测试集\15目标\REMO_new2_AdaMaO_SDEOnly_UniformMix_Pruned_Weighted\REMO_new2_AdaMaO_SDEOnly_UniformMix_Pruned_Weighted_WFG8_M15_D30_2.mat (valid, final IGD 11.300769)
[2026-09-14 07:38:20] [skip] D:\REMOandDREMO测试集\15目标\REMO_new2_AdaMaO_SDEOnly_UniformMix_Pruned_Weighted\REMO_new2_AdaMaO_SDEOnly_UniformMix_Pruned_Weighted_WFG8_M15_D30_6.mat (valid, final IGD 10.968906)
[2026-09-14 07:38:20] [skip] D:\REMOandDREMO测试集\15目标\REMO_new2_AdaMaO_SDEOnly_UniformMix_Pruned_Weighted\REMO_new2_AdaMaO_SDEOnly_UniformMix_Pruned_Weighted_WFG8_M15_D30_10.mat (valid, final IGD 10.772623)
[2026-09-14 07:38:20] [skip] D:\REMOandDREMO测试集\15目标\REMO_new2_AdaMaO_SDEOnly_UniformMix_Pruned_Weighted\REMO_new2_AdaMaO_SDEOnly_UniformMix_Pruned_Weighted_WFG8_M15_D30_14.mat (valid, final IGD 12.262851)
[2026-09-14 07:38:20] [skip] D:\REMOandDREMO测试集\15目标\REMO_new2_AdaMaO_SDEOnly_UniformMix_Pruned_Weighted\REMO_new2_AdaMaO_SDEOnly_UniformMix_Pruned_Weighted_WFG8_M15_D30_18.mat (valid, final IGD 10.790644)
[2026-09-14 07:38:20] [skip] D:\REMOandDREMO测试集\15目标\REMO_new2_AdaMaO_SDEOnly_UniformMix_Pruned_Weighted\REMO_new2_AdaMaO_SDEOnly_UniformMix_Pruned_Weighted_WFG8_M15_D30_22.mat (valid, final IGD 13.198411)
[2026-09-14 07:38:20] [skip] D:\REMOandDREMO测试集\15目标\REMO_new2_AdaMaO_SDEOnly_UniformMix_Pruned_Weighted\REMO_new2_AdaMaO_SDEOnly_UniformMix_Pruned_Weighted_WFG8_M15_D30_26.mat (valid, final IGD 11.590426)
[2026-09-14 07:38:20] [skip] D:\REMOandDREMO测试集\15目标\REMO_new2_AdaMaO_SDEOnly_UniformMix_Pruned_Weighted\REMO_new2_AdaMaO_SDEOnly_UniformMix_Pruned_Weighted_WFG8_M15_D30_30.mat (valid, final IGD 11.676350)
[2026-09-14 07:38:20] [skip] D:\REMOandDREMO测试集\15目标\REMO_new2_AdaMaO_SDEOnly_UniformMix_Pruned_Weighted\REMO_new2_AdaMaO_SDEOnly_UniformMix_Pruned_Weighted_WFG9_M15_D30_4.mat (valid, final IGD 12.476335)
[2026-09-14 07:38:20] [skip] D:\REMOandDREMO测试集\15目标\REMO_new2_AdaMaO_SDEOnly_UniformMix_Pruned_Weighted\REMO_new2_AdaMaO_SDEOnly_UniformMix_Pruned_Weighted_WFG9_M15_D30_8.mat (valid, final IGD 13.545408)
[2026-09-14 07:38:20] [skip] D:\REMOandDREMO测试集\15目标\REMO_new2_AdaMaO_SDEOnly_UniformMix_Pruned_Weighted\REMO_new2_AdaMaO_SDEOnly_UniformMix_Pruned_Weighted_WFG9_M15_D30_12.mat (valid, final IGD 13.854158)
[2026-09-14 07:38:20] [skip] D:\REMOandDREMO测试集\15目标\REMO_new2_AdaMaO_SDEOnly_UniformMix_Pruned_Weighted\REMO_new2_AdaMaO_SDEOnly_UniformMix_Pruned_Weighted_WFG9_M15_D30_16.mat (valid, final IGD 11.205997)
[2026-09-14 07:38:20] [skip] D:\REMOandDREMO测试集\15目标\REMO_new2_AdaMaO_SDEOnly_UniformMix_Pruned_Weighted\REMO_new2_AdaMaO_SDEOnly_UniformMix_Pruned_Weighted_WFG9_M15_D30_20.mat (valid, final IGD 13.623045)
[2026-09-14 07:38:20] [skip] D:\REMOandDREMO测试集\15目标\REMO_new2_AdaMaO_SDEOnly_UniformMix_Pruned_Weighted\REMO_new2_AdaMaO_SDEOnly_UniformMix_Pruned_Weighted_WFG9_M15_D30_24.mat (valid, final IGD 11.992410)
[2026-09-14 07:38:20] [skip] D:\REMOandDREMO测试集\15目标\REMO_new2_AdaMaO_SDEOnly_UniformMix_Pruned_Weighted\REMO_new2_AdaMaO_SDEOnly_UniformMix_Pruned_Weighted_WFG9_M15_D30_28.mat (valid, final IGD 12.301723)
[2026-09-14 07:38:20] ==== part 4/4 done: 67 runs (67 skipped) in 30.9 s (0.0 h) ====
[2026-09-14 07:38:21] Summary CSV: D:\REMOandDREMO测试集\15目标\REMO_new2_AdaMaO_SDEOnly_UniformMix_Pruned_Weighted\_runlog_part4of4.csv

ans = 

  包含以下字段的 1x67 struct 数组:

    Problem
    Run
    File
    Status
    IGD
    Runtime
    FE
    D
    Seed
    Seconds

[2026-09-14 07:38:25] part 4 attempt 1 exited rc=0
[2026-09-14 07:38:25] part 4 COMPLETE after 1 attempt(s)
[2026-09-14 07:38:25] part 4 attempt 1 launching MATLAB (alg=REMO_new2_AdaMaO_SDEOnly_UniformMix_Pruned_Weighted params=3000,0.50,0.25,0.70,6 func=run_WeightedWFG_M8D10)
[2026-09-14 07:38:32] PlatEMO root: D:\PlatEMO-master\PlatEMO-master\PlatEMO
[2026-09-14 07:38:38] WFG1: M=8 D=10 maxFE=300 (canonical index 8)
[2026-09-14 07:38:41] WFG2: M=8 D=11 maxFE=300 (canonical index 9)
[2026-09-14 07:38:41] WFG3: M=8 D=11 maxFE=300 (canonical index 10)
[2026-09-14 07:38:41] WFG4: M=8 D=10 maxFE=300 (canonical index 11)
[2026-09-14 07:38:41] WFG5: M=8 D=10 maxFE=300 (canonical index 12)
[2026-09-14 07:38:41] WFG6: M=8 D=10 maxFE=300 (canonical index 13)
[2026-09-14 07:38:41] WFG7: M=8 D=10 maxFE=300 (canonical index 14)
[2026-09-14 07:38:41] WFG8: M=8 D=10 maxFE=300 (canonical index 15)
[2026-09-14 07:38:41] WFG9: M=8 D=10 maxFE=300 (canonical index 16)
[2026-09-14 07:38:41] Algorithm REMO_new2_AdaMaO_SDEOnly_UniformMix_Pruned_Weighted | parameters [3000            0.5           0.25            0.7              6]
[2026-09-14 07:38:41] SaveCount 30 | Runs 30 | M 8 | requested D 10 | N 100 | maxFE 300 | modeRunId 1 | seedBase 20260912
[2026-09-14 07:38:42] Slice 4/4 -> 67 of 270 jobs
[2026-09-14 07:38:44] [skip] D:\REMOandDREMO测试集\8目标\n10\REMO_new2_AdaMaO_SDEOnly_UniformMix_Pruned_Weighted\REMO_new2_AdaMaO_SDEOnly_UniformMix_Pruned_Weighted_WFG1_M8_D10_4.mat (valid, final IGD 2.835526)
[2026-09-14 07:38:46] [skip] D:\REMOandDREMO测试集\8目标\n10\REMO_new2_AdaMaO_SDEOnly_UniformMix_Pruned_Weighted\REMO_new2_AdaMaO_SDEOnly_UniformMix_Pruned_Weighted_WFG1_M8_D10_8.mat (valid, final IGD 2.505486)
[2026-09-14 07:38:48] [skip] D:\REMOandDREMO测试集\8目标\n10\REMO_new2_AdaMaO_SDEOnly_UniformMix_Pruned_Weighted\REMO_new2_AdaMaO_SDEOnly_UniformMix_Pruned_Weighted_WFG1_M8_D10_12.mat (valid, final IGD 2.681128)
[2026-09-14 07:38:50] [skip] D:\REMOandDREMO测试集\8目标\n10\REMO_new2_AdaMaO_SDEOnly_UniformMix_Pruned_Weighted\REMO_new2_AdaMaO_SDEOnly_UniformMix_Pruned_Weighted_WFG1_M8_D10_16.mat (valid, final IGD 2.841983)
[2026-09-14 07:38:52] [skip] D:\REMOandDREMO测试集\8目标\n10\REMO_new2_AdaMaO_SDEOnly_UniformMix_Pruned_Weighted\REMO_new2_AdaMaO_SDEOnly_UniformMix_Pruned_Weighted_WFG1_M8_D10_20.mat (valid, final IGD 2.550668)
[2026-09-14 07:38:54] [skip] D:\REMOandDREMO测试集\8目标\n10\REMO_new2_AdaMaO_SDEOnly_UniformMix_Pruned_Weighted\REMO_new2_AdaMaO_SDEOnly_UniformMix_Pruned_Weighted_WFG1_M8_D10_24.mat (valid, final IGD 2.745427)
[2026-09-14 07:38:56] [skip] D:\REMOandDREMO测试集\8目标\n10\REMO_new2_AdaMaO_SDEOnly_UniformMix_Pruned_Weighted\REMO_new2_AdaMaO_SDEOnly_UniformMix_Pruned_Weighted_WFG1_M8_D10_28.mat (valid, final IGD 2.489850)
[2026-09-14 07:38:59] [skip] D:\REMOandDREMO测试集\8目标\n10\REMO_new2_AdaMaO_SDEOnly_UniformMix_Pruned_Weighted\REMO_new2_AdaMaO_SDEOnly_UniformMix_Pruned_Weighted_WFG2_M8_D11_2.mat (valid, final IGD 1.226122)
[2026-09-14 07:39:01] [skip] D:\REMOandDREMO测试集\8目标\n10\REMO_new2_AdaMaO_SDEOnly_UniformMix_Pruned_Weighted\REMO_new2_AdaMaO_SDEOnly_UniformMix_Pruned_Weighted_WFG2_M8_D11_6.mat (valid, final IGD 1.270114)
[2026-09-14 07:39:03] [skip] D:\REMOandDREMO测试集\8目标\n10\REMO_new2_AdaMaO_SDEOnly_UniformMix_Pruned_Weighted\REMO_new2_AdaMaO_SDEOnly_UniformMix_Pruned_Weighted_WFG2_M8_D11_10.mat (valid, final IGD 1.096115)
[2026-09-14 07:39:05] [skip] D:\REMOandDREMO测试集\8目标\n10\REMO_new2_AdaMaO_SDEOnly_UniformMix_Pruned_Weighted\REMO_new2_AdaMaO_SDEOnly_UniformMix_Pruned_Weighted_WFG2_M8_D11_14.mat (valid, final IGD 2.043811)
[2026-09-14 07:39:08] [skip] D:\REMOandDREMO测试集\8目标\n10\REMO_new2_AdaMaO_SDEOnly_UniformMix_Pruned_Weighted\REMO_new2_AdaMaO_SDEOnly_UniformMix_Pruned_Weighted_WFG2_M8_D11_18.mat (valid, final IGD 1.293053)
[2026-09-14 07:39:10] [skip] D:\REMOandDREMO测试集\8目标\n10\REMO_new2_AdaMaO_SDEOnly_UniformMix_Pruned_Weighted\REMO_new2_AdaMaO_SDEOnly_UniformMix_Pruned_Weighted_WFG2_M8_D11_22.mat (valid, final IGD 1.142615)
[2026-09-14 07:39:12] [skip] D:\REMOandDREMO测试集\8目标\n10\REMO_new2_AdaMaO_SDEOnly_UniformMix_Pruned_Weighted\REMO_new2_AdaMaO_SDEOnly_UniformMix_Pruned_Weighted_WFG2_M8_D11_26.mat (valid, final IGD 1.200346)
[2026-09-14 07:39:14] [skip] D:\REMOandDREMO测试集\8目标\n10\REMO_new2_AdaMaO_SDEOnly_UniformMix_Pruned_Weighted\REMO_new2_AdaMaO_SDEOnly_UniformMix_Pruned_Weighted_WFG2_M8_D11_30.mat (valid, final IGD 1.115169)
[2026-09-14 07:39:14] [skip] D:\REMOandDREMO测试集\8目标\n10\REMO_new2_AdaMaO_SDEOnly_UniformMix_Pruned_Weighted\REMO_new2_AdaMaO_SDEOnly_UniformMix_Pruned_Weighted_WFG3_M8_D11_4.mat (valid, final IGD 1.040801)
[2026-09-14 07:39:14] [skip] D:\REMOandDREMO测试集\8目标\n10\REMO_new2_AdaMaO_SDEOnly_UniformMix_Pruned_Weighted\REMO_new2_AdaMaO_SDEOnly_UniformMix_Pruned_Weighted_WFG3_M8_D11_8.mat (valid, final IGD 0.997169)
[2026-09-14 07:39:14] [skip] D:\REMOandDREMO测试集\8目标\n10\REMO_new2_AdaMaO_SDEOnly_UniformMix_Pruned_Weighted\REMO_new2_AdaMaO_SDEOnly_UniformMix_Pruned_Weighted_WFG3_M8_D11_12.mat (valid, final IGD 1.040272)
[2026-09-14 07:39:14] [skip] D:\REMOandDREMO测试集\8目标\n10\REMO_new2_AdaMaO_SDEOnly_UniformMix_Pruned_Weighted\REMO_new2_AdaMaO_SDEOnly_UniformMix_Pruned_Weighted_WFG3_M8_D11_16.mat (valid, final IGD 1.026749)
[2026-09-14 07:39:14] [skip] D:\REMOandDREMO测试集\8目标\n10\REMO_new2_AdaMaO_SDEOnly_UniformMix_Pruned_Weighted\REMO_new2_AdaMaO_SDEOnly_UniformMix_Pruned_Weighted_WFG3_M8_D11_20.mat (valid, final IGD 1.105751)
[2026-09-14 07:39:14] [skip] D:\REMOandDREMO测试集\8目标\n10\REMO_new2_AdaMaO_SDEOnly_UniformMix_Pruned_Weighted\REMO_new2_AdaMaO_SDEOnly_UniformMix_Pruned_Weighted_WFG3_M8_D11_24.mat (valid, final IGD 1.071771)
[2026-09-14 07:39:14] [skip] D:\REMOandDREMO测试集\8目标\n10\REMO_new2_AdaMaO_SDEOnly_UniformMix_Pruned_Weighted\REMO_new2_AdaMaO_SDEOnly_UniformMix_Pruned_Weighted_WFG3_M8_D11_28.mat (valid, final IGD 1.086110)
[2026-09-14 07:39:14] [skip] D:\REMOandDREMO测试集\8目标\n10\REMO_new2_AdaMaO_SDEOnly_UniformMix_Pruned_Weighted\REMO_new2_AdaMaO_SDEOnly_UniformMix_Pruned_Weighted_WFG4_M8_D10_2.mat (valid, final IGD 3.448198)
[2026-09-14 07:39:14] [skip] D:\REMOandDREMO测试集\8目标\n10\REMO_new2_AdaMaO_SDEOnly_UniformMix_Pruned_Weighted\REMO_new2_AdaMaO_SDEOnly_UniformMix_Pruned_Weighted_WFG4_M8_D10_6.mat (valid, final IGD 3.215551)
[2026-09-14 07:39:14] [skip] D:\REMOandDREMO测试集\8目标\n10\REMO_new2_AdaMaO_SDEOnly_UniformMix_Pruned_Weighted\REMO_new2_AdaMaO_SDEOnly_UniformMix_Pruned_Weighted_WFG4_M8_D10_10.mat (valid, final IGD 3.273648)
[2026-09-14 07:39:14] [skip] D:\REMOandDREMO测试集\8目标\n10\REMO_new2_AdaMaO_SDEOnly_UniformMix_Pruned_Weighted\REMO_new2_AdaMaO_SDEOnly_UniformMix_Pruned_Weighted_WFG4_M8_D10_14.mat (valid, final IGD 4.431703)
[2026-09-14 07:39:14] [skip] D:\REMOandDREMO测试集\8目标\n10\REMO_new2_AdaMaO_SDEOnly_UniformMix_Pruned_Weighted\REMO_new2_AdaMaO_SDEOnly_UniformMix_Pruned_Weighted_WFG4_M8_D10_18.mat (valid, final IGD 3.747077)
[2026-09-14 07:39:14] [skip] D:\REMOandDREMO测试集\8目标\n10\REMO_new2_AdaMaO_SDEOnly_UniformMix_Pruned_Weighted\REMO_new2_AdaMaO_SDEOnly_UniformMix_Pruned_Weighted_WFG4_M8_D10_22.mat (valid, final IGD 3.532083)
[2026-09-14 07:39:14] [skip] D:\REMOandDREMO测试集\8目标\n10\REMO_new2_AdaMaO_SDEOnly_UniformMix_Pruned_Weighted\REMO_new2_AdaMaO_SDEOnly_UniformMix_Pruned_Weighted_WFG4_M8_D10_26.mat (valid, final IGD 3.456883)
[2026-09-14 07:39:14] [skip] D:\REMOandDREMO测试集\8目标\n10\REMO_new2_AdaMaO_SDEOnly_UniformMix_Pruned_Weighted\REMO_new2_AdaMaO_SDEOnly_UniformMix_Pruned_Weighted_WFG4_M8_D10_30.mat (valid, final IGD 4.172824)
[2026-09-14 07:39:14] [skip] D:\REMOandDREMO测试集\8目标\n10\REMO_new2_AdaMaO_SDEOnly_UniformMix_Pruned_Weighted\REMO_new2_AdaMaO_SDEOnly_UniformMix_Pruned_Weighted_WFG5_M8_D10_4.mat (valid, final IGD 3.551453)
[2026-09-14 07:39:14] [skip] D:\REMOandDREMO测试集\8目标\n10\REMO_new2_AdaMaO_SDEOnly_UniformMix_Pruned_Weighted\REMO_new2_AdaMaO_SDEOnly_UniformMix_Pruned_Weighted_WFG5_M8_D10_8.mat (valid, final IGD 3.330195)
[2026-09-14 07:39:14] [skip] D:\REMOandDREMO测试集\8目标\n10\REMO_new2_AdaMaO_SDEOnly_UniformMix_Pruned_Weighted\REMO_new2_AdaMaO_SDEOnly_UniformMix_Pruned_Weighted_WFG5_M8_D10_12.mat (valid, final IGD 3.443665)
[2026-09-14 07:39:14] [skip] D:\REMOandDREMO测试集\8目标\n10\REMO_new2_AdaMaO_SDEOnly_UniformMix_Pruned_Weighted\REMO_new2_AdaMaO_SDEOnly_UniformMix_Pruned_Weighted_WFG5_M8_D10_16.mat (valid, final IGD 3.221837)
[2026-09-14 07:39:14] [skip] D:\REMOandDREMO测试集\8目标\n10\REMO_new2_AdaMaO_SDEOnly_UniformMix_Pruned_Weighted\REMO_new2_AdaMaO_SDEOnly_UniformMix_Pruned_Weighted_WFG5_M8_D10_20.mat (valid, final IGD 3.380633)
[2026-09-14 07:39:14] [skip] D:\REMOandDREMO测试集\8目标\n10\REMO_new2_AdaMaO_SDEOnly_UniformMix_Pruned_Weighted\REMO_new2_AdaMaO_SDEOnly_UniformMix_Pruned_Weighted_WFG5_M8_D10_24.mat (valid, final IGD 3.464885)
[2026-09-14 07:39:14] [skip] D:\REMOandDREMO测试集\8目标\n10\REMO_new2_AdaMaO_SDEOnly_UniformMix_Pruned_Weighted\REMO_new2_AdaMaO_SDEOnly_UniformMix_Pruned_Weighted_WFG5_M8_D10_28.mat (valid, final IGD 3.351937)
[2026-09-14 07:39:14] [skip] D:\REMOandDREMO测试集\8目标\n10\REMO_new2_AdaMaO_SDEOnly_UniformMix_Pruned_Weighted\REMO_new2_AdaMaO_SDEOnly_UniformMix_Pruned_Weighted_WFG6_M8_D10_2.mat (valid, final IGD 3.521893)
[2026-09-14 07:39:14] [skip] D:\REMOandDREMO测试集\8目标\n10\REMO_new2_AdaMaO_SDEOnly_UniformMix_Pruned_Weighted\REMO_new2_AdaMaO_SDEOnly_UniformMix_Pruned_Weighted_WFG6_M8_D10_6.mat (valid, final IGD 3.506476)
[2026-09-14 07:39:14] [skip] D:\REMOandDREMO测试集\8目标\n10\REMO_new2_AdaMaO_SDEOnly_UniformMix_Pruned_Weighted\REMO_new2_AdaMaO_SDEOnly_UniformMix_Pruned_Weighted_WFG6_M8_D10_10.mat (valid, final IGD 3.609755)
[2026-09-14 07:39:14] [skip] D:\REMOandDREMO测试集\8目标\n10\REMO_new2_AdaMaO_SDEOnly_UniformMix_Pruned_Weighted\REMO_new2_AdaMaO_SDEOnly_UniformMix_Pruned_Weighted_WFG6_M8_D10_14.mat (valid, final IGD 3.243152)
[2026-09-14 07:39:14] [skip] D:\REMOandDREMO测试集\8目标\n10\REMO_new2_AdaMaO_SDEOnly_UniformMix_Pruned_Weighted\REMO_new2_AdaMaO_SDEOnly_UniformMix_Pruned_Weighted_WFG6_M8_D10_18.mat (valid, final IGD 3.556169)
[2026-09-14 07:39:15] [skip] D:\REMOandDREMO测试集\8目标\n10\REMO_new2_AdaMaO_SDEOnly_UniformMix_Pruned_Weighted\REMO_new2_AdaMaO_SDEOnly_UniformMix_Pruned_Weighted_WFG6_M8_D10_22.mat (valid, final IGD 3.565659)
[2026-09-14 07:39:15] [skip] D:\REMOandDREMO测试集\8目标\n10\REMO_new2_AdaMaO_SDEOnly_UniformMix_Pruned_Weighted\REMO_new2_AdaMaO_SDEOnly_UniformMix_Pruned_Weighted_WFG6_M8_D10_26.mat (valid, final IGD 3.477005)
[2026-09-14 07:39:15] [skip] D:\REMOandDREMO测试集\8目标\n10\REMO_new2_AdaMaO_SDEOnly_UniformMix_Pruned_Weighted\REMO_new2_AdaMaO_SDEOnly_UniformMix_Pruned_Weighted_WFG6_M8_D10_30.mat (valid, final IGD 3.447807)
[2026-09-14 07:39:15] [skip] D:\REMOandDREMO测试集\8目标\n10\REMO_new2_AdaMaO_SDEOnly_UniformMix_Pruned_Weighted\REMO_new2_AdaMaO_SDEOnly_UniformMix_Pruned_Weighted_WFG7_M8_D10_4.mat (valid, final IGD 3.577825)
[2026-09-14 07:39:15] [skip] D:\REMOandDREMO测试集\8目标\n10\REMO_new2_AdaMaO_SDEOnly_UniformMix_Pruned_Weighted\REMO_new2_AdaMaO_SDEOnly_UniformMix_Pruned_Weighted_WFG7_M8_D10_8.mat (valid, final IGD 3.396492)
[2026-09-14 07:39:15] [skip] D:\REMOandDREMO测试集\8目标\n10\REMO_new2_AdaMaO_SDEOnly_UniformMix_Pruned_Weighted\REMO_new2_AdaMaO_SDEOnly_UniformMix_Pruned_Weighted_WFG7_M8_D10_12.mat (valid, final IGD 4.117221)
[2026-09-14 07:39:15] [skip] D:\REMOandDREMO测试集\8目标\n10\REMO_new2_AdaMaO_SDEOnly_UniformMix_Pruned_Weighted\REMO_new2_AdaMaO_SDEOnly_UniformMix_Pruned_Weighted_WFG7_M8_D10_16.mat (valid, final IGD 3.486193)
[2026-09-14 07:39:15] [skip] D:\REMOandDREMO测试集\8目标\n10\REMO_new2_AdaMaO_SDEOnly_UniformMix_Pruned_Weighted\REMO_new2_AdaMaO_SDEOnly_UniformMix_Pruned_Weighted_WFG7_M8_D10_20.mat (valid, final IGD 3.811615)
[2026-09-14 07:39:15] [skip] D:\REMOandDREMO测试集\8目标\n10\REMO_new2_AdaMaO_SDEOnly_UniformMix_Pruned_Weighted\REMO_new2_AdaMaO_SDEOnly_UniformMix_Pruned_Weighted_WFG7_M8_D10_24.mat (valid, final IGD 3.733798)
[2026-09-14 07:39:15] [skip] D:\REMOandDREMO测试集\8目标\n10\REMO_new2_AdaMaO_SDEOnly_UniformMix_Pruned_Weighted\REMO_new2_AdaMaO_SDEOnly_UniformMix_Pruned_Weighted_WFG7_M8_D10_28.mat (valid, final IGD 3.998081)
[2026-09-14 07:40:58] [done] WFG8 run 2 seed 21075914 | IGD first 5.88952 -> final 3.60457 | runtime 103.1s | wall 103.8s | ok
[2026-09-14 07:42:40] [done] WFG8 run 6 seed 21075918 | IGD first 5.79158 -> final 4.13849 | runtime 101.2s | wall 101.6s | ok
[2026-09-14 07:44:19] [done] WFG8 run 10 seed 21075922 | IGD first 5.84563 -> final 4.19503 | runtime 98.2s | wall 98.6s | ok
[2026-09-14 07:45:58] [done] WFG8 run 14 seed 21075926 | IGD first 5.70174 -> final 3.8243 | runtime 99.0s | wall 99.4s | ok
[2026-09-14 07:47:37] [done] WFG8 run 18 seed 21075930 | IGD first 5.87566 -> final 3.95967 | runtime 99.0s | wall 99.4s | ok
[2026-09-14 07:49:20] [done] WFG8 run 22 seed 21075934 | IGD first 5.89634 -> final 3.92271 | runtime 102.3s | wall 102.6s | ok
[2026-09-14 07:51:01] [done] WFG8 run 26 seed 21075938 | IGD first 5.98986 -> final 3.84812 | runtime 100.4s | wall 100.8s | ok
[2026-09-14 07:52:40] [done] WFG8 run 30 seed 21075942 | IGD first 5.75512 -> final 3.87401 | runtime 98.5s | wall 98.9s | ok
[2026-09-14 07:54:20] [done] WFG9 run 4 seed 21076916 | IGD first 6.24623 -> final 4.22032 | runtime 100.0s | wall 100.3s | ok
[2026-09-14 07:56:00] [done] WFG9 run 8 seed 21076920 | IGD first 6.15154 -> final 3.66936 | runtime 99.2s | wall 99.5s | ok
[2026-09-14 07:57:38] [done] WFG9 run 12 seed 21076924 | IGD first 5.99743 -> final 3.95086 | runtime 98.2s | wall 98.6s | ok
[2026-09-14 07:59:16] [done] WFG9 run 16 seed 21076928 | IGD first 6.32211 -> final 4.16115 | runtime 97.5s | wall 97.9s | ok
[2026-09-14 08:00:55] [done] WFG9 run 20 seed 21076932 | IGD first 6.10558 -> final 3.44529 | runtime 98.0s | wall 98.3s | ok
[2026-09-14 08:02:35] [done] WFG9 run 24 seed 21076936 | IGD first 5.89809 -> final 3.56593 | runtime 100.4s | wall 100.8s | ok
[2026-09-14 08:04:14] [done] WFG9 run 28 seed 21076940 | IGD first 5.91066 -> final 3.54425 | runtime 98.3s | wall 98.6s | ok
[2026-09-14 08:04:14] ==== part 4/4 done: 67 runs (52 skipped) in 1532.5 s (0.4 h) ====
[2026-09-14 08:04:14] Summary CSV: D:\REMOandDREMO测试集\8目标\n10\REMO_new2_AdaMaO_SDEOnly_UniformMix_Pruned_Weighted\_runlog_part4of4.csv

ans = 

  包含以下字段的 1x67 struct 数组:

    Problem
    Run
    File
    Status
    IGD
    Runtime
    FE
    D
    Seed
    Seconds

[2026-09-14 08:04:22] part 4 attempt 1 exited rc=0
[2026-09-14 08:04:22] part 4 COMPLETE after 1 attempt(s)
