[2026-09-14 00:00:38] ===== chain start =====
[2026-09-14 00:00:38] phase1 start: M=15 resume (target 270 files in OUTDIR)
[2026-09-14 02:35:18] ===== chain start =====
[2026-09-14 02:35:18] phase1 start: M=15 resume (target 270 files in OUTDIR)
[2026-09-14 03:58:14] ===== chain start =====
[2026-09-14 03:58:14] phase1 start: M=15 resume (target 270 files in OUTDIR)
[2026-09-14 03:59:07] phase1 supervise loops finished
[2026-09-14 03:59:07] phase2 start: M=8 D=10 (target 270 files in OUTDIR)
[2026-09-14 05:05:49] ===== chain start =====
[2026-09-14 05:05:49] phase1 start: M=15 resume (target 270 files in OUTDIR)
[2026-09-14 05:06:40] phase1 supervise loops finished
[2026-09-14 05:06:40] phase2 start: M=8 D=10 (target 270 files in OUTDIR)
[2026-09-14 07:37:33] ===== chain start =====
[2026-09-14 07:37:33] phase1 start: M=15 resume (target 270 files in OUTDIR)
[2026-09-14 07:38:25] phase1 supervise loops finished
[2026-09-14 07:38:25] phase2 start: M=8 D=10 (target 270 files in OUTDIR)
[2026-09-14 08:07:39] phase2 supervise loops finished
[2026-09-14 08:07:39] verify phase1 (M=15)
directory      : D:\REMOandDREMO测试集\15目标\REMO_new2_AdaMaO_SDEOnly_UniformMix_Pruned_Weighted
algorithm      : REMO_new2_AdaMaO_SDEOnly_UniformMix_Pruned_Weighted
mat files      : 270
valid runs     : 270
missing combos : 0

per-problem summary of the FINAL IGD (smaller is better)
Problem    D   n         mean         std       median          min          max
--------------------------------------------------------------------------------
WFG1      30  30     4.121981    0.062100     4.137787     3.973616     4.202467
WFG2      30  30     3.321848    0.778006     3.072721     2.562843     6.144081
WFG3      30  30     2.296237    0.101941     2.298615     2.109242     2.498970
WFG4      30  30    13.976749    1.060541    13.929737    12.195736    16.555115
WFG5      30  30    12.765165    1.027486    12.599628    11.303609    16.112755
WFG6      30  30    10.556483    0.578150    10.430705     9.578336    11.694867
WFG7      30  30    11.604941    0.825173    11.583649     9.895626    13.420211
WFG8      30  30    11.686721    0.706143    11.643705    10.361866    13.238079
WFG9      30  30    13.366425    0.980463    13.339693    11.205997    16.079577

per-run CSV    : D:\REMOandDREMO测试集\15目标\REMO_new2_AdaMaO_SDEOnly_UniformMix_Pruned_Weighted\_verify_runs.csv

RESULT: COMPLETE
[2026-09-14 08:07:43] verify phase2 (M=8, D=10)
directory      : D:\REMOandDREMO测试集\8目标\n10\REMO_new2_AdaMaO_SDEOnly_UniformMix_Pruned_Weighted
algorithm      : REMO_new2_AdaMaO_SDEOnly_UniformMix_Pruned_Weighted
mat files      : 270
valid runs     : 270
missing combos : 0

per-problem summary of the FINAL IGD (smaller is better)
Problem    D   n         mean         std       median          min          max
--------------------------------------------------------------------------------
WFG1      10  30     2.740069    0.114015     2.751620     2.417979     2.898374
WFG2      11  30     1.364999    0.330047     1.234483     1.096115     2.308540
WFG3      11  30     1.079955    0.095920     1.082211     0.866995     1.252662
WFG4      10  30     3.640750    0.350056     3.494483     3.215551     4.431703
WFG5      10  30     3.440635    0.235952     3.395145     3.092368     4.368166
WFG6      10  30     3.514211    0.134624     3.498313     3.243152     3.900231
WFG7      10  30     3.752837    0.190950     3.780096     3.396492     4.117221
WFG8      10  30     3.995574    0.230979     3.938364     3.604568     4.703964
WFG9      10  30     3.880186    0.269480     3.846585     3.445288     4.550304

per-run CSV    : D:\REMOandDREMO测试集\8目标\n10\REMO_new2_AdaMaO_SDEOnly_UniformMix_Pruned_Weighted\_verify_runs.csv

RESULT: COMPLETE
[2026-09-14 08:07:44] ===== chain COMPLETE =====
