[2026-09-11 23:21:47] ==== variant 1 | runs 6 | maxFE 120 | cwd D:\PlatEMO-master\tmp\diag_scratch\v1 ====
[2026-09-11 23:21:47] matlab 9.11.0.1769968 (R2021b) | threads 8 | java Java 1.8.0_202-b08 with Oracle Corporation Java HotSpot(TM) 64-Bit Server VM mixed mode
[2026-09-11 23:21:48] --- run 1/6 starting ---
[2026-09-11 23:22:35] --- run 1 OK: FE=120 IGD(end)=1.340816 runtime=46.2s wall=46.8s ---
[2026-09-11 23:22:35] --- run 2/6 starting ---
[2026-09-11 23:23:09] --- run 2 OK: FE=120 IGD(end)=1.521495 runtime=34.4s wall=34.6s ---
[2026-09-11 23:23:09] --- run 3/6 starting ---
[2026-09-11 23:23:43] --- run 3 OK: FE=120 IGD(end)=1.453446 runtime=32.9s wall=33.1s ---
[2026-09-11 23:23:43] --- run 4/6 starting ---
[2026-09-11 23:24:14] --- run 4 OK: FE=120 IGD(end)=1.640181 runtime=31.1s wall=31.3s ---
[2026-09-11 23:24:14] --- run 5/6 starting ---
[2026-09-11 23:24:47] --- run 5 OK: FE=120 IGD(end)=1.521599 runtime=32.8s wall=33.0s ---
[2026-09-11 23:24:47] --- run 6/6 starting ---
[2026-09-11 23:25:20] --- run 6 OK: FE=120 IGD(end)=1.723538 runtime=33.1s wall=33.4s ---
[2026-09-11 23:25:20] ==== variant 1 finished all 6 runs ====
[2026-09-11 23:25:53] ==== variant 1 | runs 4 | maxFE 300 | cwd D:\PlatEMO-master\tmp\diag_scratch\v1 ====
[2026-09-11 23:25:53] matlab 9.11.0.1769968 (R2021b) | threads 8 | java Java 1.8.0_202-b08 with Oracle Corporation Java HotSpot(TM) 64-Bit Server VM mixed mode
[2026-09-11 23:25:54] --- run 1/4 starting ---
[2026-09-11 23:29:32] --- run 1 OK: FE=300 IGD(end)=1.213980 runtime=217.8s wall=218.3s ---
[2026-09-11 23:29:32] --- run 2/4 starting ---
[2026-09-11 23:32:59] --- run 2 OK: FE=300 IGD(end)=1.129442 runtime=206.0s wall=206.2s ---
[2026-09-11 23:32:59] --- run 3/4 starting ---
[2026-09-11 23:36:22] --- run 3 OK: FE=300 IGD(end)=1.073128 runtime=203.3s wall=203.5s ---
[2026-09-11 23:36:22] --- run 4/4 starting ---
[2026-09-11 23:39:55] --- run 4 OK: FE=300 IGD(end)=1.068284 runtime=212.4s wall=212.6s ---
[2026-09-11 23:39:55] ==== variant 1 finished all 4 runs ====
